::ffff:172.21.120.99 - - [24/Jul/2019:06:01:03 +0000] "GET /exam/queryAll HTTP/1.1" 304 - "http://172.21.120.99:8081/index.html" "Mozilla/5.0 (Windows NT 6.1; WOW64) AppleWebKit/537.36 (KHTML, like Gecko) Chrome/75.0.3770.142 Safari/537.36"
::ffff:172.21.120.99 - - [24/Jul/2019:06:01:04 +0000] "OPTIONS /question/queryAll HTTP/1.1" 200 8 "http://172.21.120.99:8081/index.html" "Mozilla/5.0 (Windows NT 6.1; WOW64) AppleWebKit/537.36 (KHTML, like Gecko) Chrome/75.0.3770.142 Safari/537.36"
::ffff:172.21.120.99 - - [24/Jul/2019:06:01:04 +0000] "GET /question/queryAll HTTP/1.1" 304 - "http://172.21.120.99:8081/index.html" "Mozilla/5.0 (Windows NT 6.1; WOW64) AppleWebKit/537.36 (KHTML, like Gecko) Chrome/75.0.3770.142 Safari/537.36"
::ffff:172.21.171.15 - - [24/Jul/2019:06:01:26 +0000] "POST /getToken HTTP/1.1" 200 190 "-" "INE-AL00(Android/9) WXApp(WXSample/0.24.0) Weex/0.24.0.1 1080x2128"
::ffff:172.21.171.15 - - [24/Jul/2019:06:01:29 +0000] "GET /exam/queryAll HTTP/1.1" 200 159 "-" "INE-AL00(Android/9) WXApp(WXSample/0.24.0) Weex/0.24.0.1 1080x2128"
::ffff:172.21.120.99 - - [24/Jul/2019:06:01:33 +0000] "OPTIONS /getToken HTTP/1.1" 200 8 "http://172.21.120.99:8081/" "Mozilla/5.0 (Linux; Android 6.0; Nexus 5 Build/MRA58N) AppleWebKit/537.36 (KHTML, like Gecko) Chrome/75.0.3770.142 Mobile Safari/537.36"
::ffff:172.21.120.99 - - [24/Jul/2019:06:01:33 +0000] "POST /getToken HTTP/1.1" 200 190 "http://172.21.120.99:8081/" "Mozilla/5.0 (Linux; Android 6.0; Nexus 5 Build/MRA58N) AppleWebKit/537.36 (KHTML, like Gecko) Chrome/75.0.3770.142 Mobile Safari/537.36"
::ffff:172.21.120.99 - - [24/Jul/2019:06:01:35 +0000] "OPTIONS /exam/queryAll HTTP/1.1" 200 8 "http://172.21.120.99:8081/" "Mozilla/5.0 (Linux; Android 6.0; Nexus 5 Build/MRA58N) AppleWebKit/537.36 (KHTML, like Gecko) Chrome/75.0.3770.142 Mobile Safari/537.36"
::ffff:172.21.120.99 - - [24/Jul/2019:06:01:35 +0000] "GET /exam/queryAll HTTP/1.1" 304 - "http://172.21.120.99:8081/" "Mozilla/5.0 (Linux; Android 6.0; Nexus 5 Build/MRA58N) AppleWebKit/537.36 (KHTML, like Gecko) Chrome/75.0.3770.142 Mobile Safari/537.36"
::ffff:172.21.120.99 - - [24/Jul/2019:06:01:37 +0000] "OPTIONS /question/queryAll HTTP/1.1" 200 8 "http://172.21.120.99:8081/" "Mozilla/5.0 (Linux; Android 6.0; Nexus 5 Build/MRA58N) AppleWebKit/537.36 (KHTML, like Gecko) Chrome/75.0.3770.142 Mobile Safari/537.36"
::ffff:172.21.120.99 - - [24/Jul/2019:06:01:37 +0000] "GET /question/queryAll HTTP/1.1" 304 - "http://172.21.120.99:8081/" "Mozilla/5.0 (Linux; Android 6.0; Nexus 5 Build/MRA58N) AppleWebKit/537.36 (KHTML, like Gecko) Chrome/75.0.3770.142 Mobile Safari/537.36"
::ffff:172.21.120.99 - - [24/Jul/2019:06:01:38 +0000] "GET /question/queryAll HTTP/1.1" 304 - "http://172.21.120.99:8081/" "Mozilla/5.0 (Linux; Android 6.0; Nexus 5 Build/MRA58N) AppleWebKit/537.36 (KHTML, like Gecko) Chrome/75.0.3770.142 Mobile Safari/537.36"
::ffff:172.21.120.99 - - [24/Jul/2019:06:01:39 +0000] "GET /question/queryAll HTTP/1.1" 304 - "http://172.21.120.99:8081/" "Mozilla/5.0 (Linux; Android 6.0; Nexus 5 Build/MRA58N) AppleWebKit/537.36 (KHTML, like Gecko) Chrome/75.0.3770.142 Mobile Safari/537.36"
::ffff:172.21.6.196 - - [24/Jul/2019:06:01:53 +0000] "OPTIONS /getToken HTTP/1.1" 200 8 "http://172.21.6.196:8081/index.html" "Mozilla/5.0 (iPhone; CPU iPhone OS 10_3_1 like Mac OS X) AppleWebKit/603.1.30 (KHTML, like Gecko) Version/10.0 Mobile/14E304 Safari/602.1"
::ffff:172.21.6.196 - - [24/Jul/2019:06:01:53 +0000] "POST /getToken HTTP/1.1" 200 190 "http://172.21.6.196:8081/index.html" "Mozilla/5.0 (iPhone; CPU iPhone OS 10_3_1 like Mac OS X) AppleWebKit/603.1.30 (KHTML, like Gecko) Version/10.0 Mobile/14E304 Safari/602.1"
::ffff:172.21.6.196 - - [24/Jul/2019:06:01:54 +0000] "OPTIONS /files/queryAll HTTP/1.1" 200 8 "http://172.21.6.196:8081/index.html" "Mozilla/5.0 (iPhone; CPU iPhone OS 10_3_1 like Mac OS X) AppleWebKit/603.1.30 (KHTML, like Gecko) Version/10.0 Mobile/14E304 Safari/602.1"
::ffff:172.21.6.196 - - [24/Jul/2019:06:01:54 +0000] "OPTIONS /files/queryAll HTTP/1.1" 200 8 "http://172.21.6.196:8081/index.html" "Mozilla/5.0 (iPhone; CPU iPhone OS 10_3_1 like Mac OS X) AppleWebKit/603.1.30 (KHTML, like Gecko) Version/10.0 Mobile/14E304 Safari/602.1"
::ffff:172.21.6.196 - - [24/Jul/2019:06:01:54 +0000] "GET /files/queryAll HTTP/1.1" 200 2027 "http://172.21.6.196:8081/index.html" "Mozilla/5.0 (iPhone; CPU iPhone OS 10_3_1 like Mac OS X) AppleWebKit/603.1.30 (KHTML, like Gecko) Version/10.0 Mobile/14E304 Safari/602.1"
::ffff:172.21.6.196 - - [24/Jul/2019:06:01:54 +0000] "GET /files/queryAll HTTP/1.1" 304 - "http://172.21.6.196:8081/index.html" "Mozilla/5.0 (iPhone; CPU iPhone OS 10_3_1 like Mac OS X) AppleWebKit/603.1.30 (KHTML, like Gecko) Version/10.0 Mobile/14E304 Safari/602.1"
::ffff:172.21.6.196 - - [24/Jul/2019:06:02:10 +0000] "OPTIONS /files/queryAll HTTP/1.1" 200 8 "http://172.21.6.196:8081/index.html" "Mozilla/5.0 (iPhone; CPU iPhone OS 10_3_1 like Mac OS X) AppleWebKit/603.1.30 (KHTML, like Gecko) Version/10.0 Mobile/14E304 Safari/602.1"
::ffff:172.21.6.196 - - [24/Jul/2019:06:02:10 +0000] "GET /files/queryAll HTTP/1.1" 304 - "http://172.21.6.196:8081/index.html" "Mozilla/5.0 (iPhone; CPU iPhone OS 10_3_1 like Mac OS X) AppleWebKit/603.1.30 (KHTML, like Gecko) Version/10.0 Mobile/14E304 Safari/602.1"
::ffff:172.21.6.196 - - [24/Jul/2019:06:02:19 +0000] "OPTIONS /files/queryAll HTTP/1.1" 200 8 "http://172.21.6.196:8081/index.html" "Mozilla/5.0 (iPhone; CPU iPhone OS 10_3_1 like Mac OS X) AppleWebKit/603.1.30 (KHTML, like Gecko) Version/10.0 Mobile/14E304 Safari/602.1"
::ffff:172.21.6.196 - - [24/Jul/2019:06:02:19 +0000] "OPTIONS /files/queryAll HTTP/1.1" 200 8 "http://172.21.6.196:8081/index.html" "Mozilla/5.0 (iPhone; CPU iPhone OS 10_3_1 like Mac OS X) AppleWebKit/603.1.30 (KHTML, like Gecko) Version/10.0 Mobile/14E304 Safari/602.1"
::ffff:172.21.6.196 - - [24/Jul/2019:06:02:19 +0000] "GET /files/queryAll HTTP/1.1" 304 - "http://172.21.6.196:8081/index.html" "Mozilla/5.0 (iPhone; CPU iPhone OS 10_3_1 like Mac OS X) AppleWebKit/603.1.30 (KHTML, like Gecko) Version/10.0 Mobile/14E304 Safari/602.1"
::ffff:172.21.6.196 - - [24/Jul/2019:06:02:19 +0000] "GET /files/queryAll HTTP/1.1" 304 - "http://172.21.6.196:8081/index.html" "Mozilla/5.0 (iPhone; CPU iPhone OS 10_3_1 like Mac OS X) AppleWebKit/603.1.30 (KHTML, like Gecko) Version/10.0 Mobile/14E304 Safari/602.1"
::ffff:172.21.6.196 - - [24/Jul/2019:06:02:23 +0000] "GET /files/queryAll HTTP/1.1" 304 - "http://172.21.6.196:8081/index.html" "Mozilla/5.0 (iPhone; CPU iPhone OS 10_3_1 like Mac OS X) AppleWebKit/603.1.30 (KHTML, like Gecko) Version/10.0 Mobile/14E304 Safari/602.1"
::ffff:172.21.6.196 - - [24/Jul/2019:06:02:23 +0000] "GET /files/queryAll HTTP/1.1" 304 - "http://172.21.6.196:8081/index.html" "Mozilla/5.0 (iPhone; CPU iPhone OS 10_3_1 like Mac OS X) AppleWebKit/603.1.30 (KHTML, like Gecko) Version/10.0 Mobile/14E304 Safari/602.1"
::ffff:172.21.6.196 - - [24/Jul/2019:06:02:34 +0000] "OPTIONS /files/queryAll HTTP/1.1" 200 8 "http://172.21.6.196:8081/index.html" "Mozilla/5.0 (iPhone; CPU iPhone OS 10_3_1 like Mac OS X) AppleWebKit/603.1.30 (KHTML, like Gecko) Version/10.0 Mobile/14E304 Safari/602.1"
::ffff:172.21.6.196 - - [24/Jul/2019:06:02:34 +0000] "OPTIONS /files/queryAll HTTP/1.1" 200 8 "http://172.21.6.196:8081/index.html" "Mozilla/5.0 (iPhone; CPU iPhone OS 10_3_1 like Mac OS X) AppleWebKit/603.1.30 (KHTML, like Gecko) Version/10.0 Mobile/14E304 Safari/602.1"
::ffff:172.21.6.196 - - [24/Jul/2019:06:02:34 +0000] "GET /files/queryAll HTTP/1.1" 304 - "http://172.21.6.196:8081/index.html" "Mozilla/5.0 (iPhone; CPU iPhone OS 10_3_1 like Mac OS X) AppleWebKit/603.1.30 (KHTML, like Gecko) Version/10.0 Mobile/14E304 Safari/602.1"
::ffff:172.21.6.196 - - [24/Jul/2019:06:02:34 +0000] "GET /files/queryAll HTTP/1.1" 304 - "http://172.21.6.196:8081/index.html" "Mozilla/5.0 (iPhone; CPU iPhone OS 10_3_1 like Mac OS X) AppleWebKit/603.1.30 (KHTML, like Gecko) Version/10.0 Mobile/14E304 Safari/602.1"
::ffff:172.21.171.15 - - [24/Jul/2019:06:02:54 +0000] "POST /getToken HTTP/1.1" 200 190 "-" "INE-AL00(Android/9) WXApp(WXSample/0.24.0) Weex/0.24.0.1 1080x2128"
::ffff:172.21.171.15 - - [24/Jul/2019:06:02:56 +0000] "GET /exam/queryAll HTTP/1.1" 200 159 "-" "INE-AL00(Android/9) WXApp(WXSample/0.24.0) Weex/0.24.0.1 1080x2128"
::ffff:172.21.6.196 - - [24/Jul/2019:06:12:09 +0000] "OPTIONS /exam/queryAll HTTP/1.1" 200 8 "http://172.21.6.196:8081/index.html" "Mozilla/5.0 (iPhone; CPU iPhone OS 10_3_1 like Mac OS X) AppleWebKit/603.1.30 (KHTML, like Gecko) Version/10.0 Mobile/14E304 Safari/602.1"
::ffff:172.21.6.196 - - [24/Jul/2019:06:12:09 +0000] "GET /exam/queryAll HTTP/1.1" 200 159 "http://172.21.6.196:8081/index.html" "Mozilla/5.0 (iPhone; CPU iPhone OS 10_3_1 like Mac OS X) AppleWebKit/603.1.30 (KHTML, like Gecko) Version/10.0 Mobile/14E304 Safari/602.1"
::ffff:172.21.6.196 - - [24/Jul/2019:06:13:46 +0000] "OPTIONS /exam/queryAll HTTP/1.1" 200 8 "http://172.21.6.196:8081/index.html" "Mozilla/5.0 (iPhone; CPU iPhone OS 10_3_1 like Mac OS X) AppleWebKit/603.1.30 (KHTML, like Gecko) Version/10.0 Mobile/14E304 Safari/602.1"
::ffff:172.21.6.196 - - [24/Jul/2019:06:13:46 +0000] "GET /exam/queryAll HTTP/1.1" 304 - "http://172.21.6.196:8081/index.html" "Mozilla/5.0 (iPhone; CPU iPhone OS 10_3_1 like Mac OS X) AppleWebKit/603.1.30 (KHTML, like Gecko) Version/10.0 Mobile/14E304 Safari/602.1"
::ffff:172.21.6.196 - - [24/Jul/2019:06:30:36 +0000] "OPTIONS /getToken HTTP/1.1" 200 8 "http://172.21.6.196:8081/index.html" "Mozilla/5.0 (Windows NT 10.0; Win64; x64) AppleWebKit/537.36 (KHTML, like Gecko) Chrome/75.0.3770.100 Safari/537.36"
::ffff:172.21.6.196 - - [24/Jul/2019:06:30:36 +0000] "POST /getToken HTTP/1.1" 200 190 "http://172.21.6.196:8081/index.html" "Mozilla/5.0 (Windows NT 10.0; Win64; x64) AppleWebKit/537.36 (KHTML, like Gecko) Chrome/75.0.3770.100 Safari/537.36"
::ffff:172.21.171.15 - - [24/Jul/2019:06:30:45 +0000] "POST /getToken HTTP/1.1" 200 190 "-" "JSN-AL00(Android/9) WXApp(WXSample/0.24.0) Weex/0.24.0.1 1080x2137"
::ffff:172.21.171.15 - - [24/Jul/2019:06:31:04 +0000] "POST /getToken HTTP/1.1" 200 190 "-" "JSN-AL00(Android/9) WXApp(WXSample/0.24.0) Weex/0.24.0.1 1080x2137"
::ffff:172.21.171.15 - - [24/Jul/2019:06:31:09 +0000] "GET /exam/queryAll HTTP/1.1" 200 159 "-" "JSN-AL00(Android/9) WXApp(WXSample/0.24.0) Weex/0.24.0.1 1080x2137"
::ffff:172.21.171.15 - - [24/Jul/2019:06:40:29 +0000] "GET /files/queryAll HTTP/1.1" 401 16 "-" "vivo X7(Android/5.1.1) WXApp(WXSample/1.0.0) Weex/0.16.0 1080x1920"
::ffff:172.21.171.15 - - [24/Jul/2019:06:40:29 +0000] "GET /files/queryAll HTTP/1.1" 401 16 "-" "vivo X7(Android/5.1.1) WXApp(WXSample/1.0.0) Weex/0.16.0 1080x1920"
::ffff:172.21.171.15 - - [24/Jul/2019:06:41:14 +0000] "POST /getToken HTTP/1.1" 200 190 "-" "vivo X7(Android/5.1.1) WXApp(WXSample/1.0.0) Weex/0.16.0 1080x1920"
::ffff:172.21.171.15 - - [24/Jul/2019:06:41:16 +0000] "GET /files/queryAll HTTP/1.1" 200 2027 "-" "vivo X7(Android/5.1.1) WXApp(WXSample/1.0.0) Weex/0.16.0 1080x1920"
::ffff:172.21.171.15 - - [24/Jul/2019:06:41:16 +0000] "GET /files/queryAll HTTP/1.1" 200 2027 "-" "vivo X7(Android/5.1.1) WXApp(WXSample/1.0.0) Weex/0.16.0 1080x1920"
::ffff:172.21.171.15 - - [24/Jul/2019:06:41:26 +0000] "GET /files/queryAll HTTP/1.1" 200 2027 "-" "vivo X7(Android/5.1.1) WXApp(WXSample/1.0.0) Weex/0.16.0 1080x1920"
::ffff:172.21.171.15 - - [24/Jul/2019:06:41:31 +0000] "POST /files/renameFile HTTP/1.1" 200 38 "-" "vivo X7(Android/5.1.1) WXApp(WXSample/1.0.0) Weex/0.16.0 1080x1920"
::ffff:172.21.6.196 - - [24/Jul/2019:06:50:09 +0000] "OPTIONS /getToken HTTP/1.1" 200 8 "http://172.21.6.196:8081/index.html" "Mozilla/5.0 (iPhone; CPU iPhone OS 10_3_1 like Mac OS X) AppleWebKit/603.1.30 (KHTML, like Gecko) Version/10.0 Mobile/14E304 Safari/602.1"
::ffff:172.21.6.196 - - [24/Jul/2019:06:50:09 +0000] "POST /getToken HTTP/1.1" 200 190 "http://172.21.6.196:8081/index.html" "Mozilla/5.0 (iPhone; CPU iPhone OS 10_3_1 like Mac OS X) AppleWebKit/603.1.30 (KHTML, like Gecko) Version/10.0 Mobile/14E304 Safari/602.1"
::ffff:172.21.120.99 - - [24/Jul/2019:06:50:10 +0000] "OPTIONS /getToken HTTP/1.1" 200 8 "http://172.21.120.99:8081/index.html" "Mozilla/5.0 (Windows NT 6.1; WOW64) AppleWebKit/537.36 (KHTML, like Gecko) Chrome/75.0.3770.142 Safari/537.36"
::ffff:172.21.120.99 - - [24/Jul/2019:06:50:10 +0000] "POST /getToken HTTP/1.1" 200 190 "http://172.21.120.99:8081/index.html" "Mozilla/5.0 (Windows NT 6.1; WOW64) AppleWebKit/537.36 (KHTML, like Gecko) Chrome/75.0.3770.142 Safari/537.36"
::ffff:172.21.120.99 - - [24/Jul/2019:06:50:41 +0000] "OPTIONS /getToken HTTP/1.1" 200 8 "http://172.21.120.99:8081/" "Mozilla/5.0 (Linux; Android 6.0; Nexus 5 Build/MRA58N) AppleWebKit/537.36 (KHTML, like Gecko) Chrome/75.0.3770.142 Mobile Safari/537.36"
::ffff:172.21.120.99 - - [24/Jul/2019:06:50:42 +0000] "POST /getToken HTTP/1.1" 200 190 "http://172.21.120.99:8081/" "Mozilla/5.0 (Linux; Android 6.0; Nexus 5 Build/MRA58N) AppleWebKit/537.36 (KHTML, like Gecko) Chrome/75.0.3770.142 Mobile Safari/537.36"
::ffff:172.21.120.99 - - [24/Jul/2019:06:50:44 +0000] "OPTIONS /exam/queryAll HTTP/1.1" 200 8 "http://172.21.120.99:8081/" "Mozilla/5.0 (Linux; Android 6.0; Nexus 5 Build/MRA58N) AppleWebKit/537.36 (KHTML, like Gecko) Chrome/75.0.3770.142 Mobile Safari/537.36"
::ffff:172.21.120.99 - - [24/Jul/2019:06:50:44 +0000] "GET /exam/queryAll HTTP/1.1" 304 - "http://172.21.120.99:8081/" "Mozilla/5.0 (Linux; Android 6.0; Nexus 5 Build/MRA58N) AppleWebKit/537.36 (KHTML, like Gecko) Chrome/75.0.3770.142 Mobile Safari/537.36"
::ffff:172.21.120.99 - - [24/Jul/2019:06:50:46 +0000] "OPTIONS /question/queryAll HTTP/1.1" 200 8 "http://172.21.120.99:8081/" "Mozilla/5.0 (Linux; Android 6.0; Nexus 5 Build/MRA58N) AppleWebKit/537.36 (KHTML, like Gecko) Chrome/75.0.3770.142 Mobile Safari/537.36"
::ffff:172.21.120.99 - - [24/Jul/2019:06:50:46 +0000] "GET /question/queryAll HTTP/1.1" 304 - "http://172.21.120.99:8081/" "Mozilla/5.0 (Linux; Android 6.0; Nexus 5 Build/MRA58N) AppleWebKit/537.36 (KHTML, like Gecko) Chrome/75.0.3770.142 Mobile Safari/537.36"
::ffff:172.21.120.99 - - [24/Jul/2019:06:50:47 +0000] "GET /question/queryAll HTTP/1.1" 304 - "http://172.21.120.99:8081/" "Mozilla/5.0 (Linux; Android 6.0; Nexus 5 Build/MRA58N) AppleWebKit/537.36 (KHTML, like Gecko) Chrome/75.0.3770.142 Mobile Safari/537.36"
::ffff:172.21.120.99 - - [24/Jul/2019:06:50:48 +0000] "GET /question/queryAll HTTP/1.1" 304 - "http://172.21.120.99:8081/" "Mozilla/5.0 (Linux; Android 6.0; Nexus 5 Build/MRA58N) AppleWebKit/537.36 (KHTML, like Gecko) Chrome/75.0.3770.142 Mobile Safari/537.36"
::ffff:172.21.120.99 - - [24/Jul/2019:06:50:49 +0000] "OPTIONS /files/queryAll HTTP/1.1" 200 8 "http://172.21.120.99:8081/" "Mozilla/5.0 (Linux; Android 6.0; Nexus 5 Build/MRA58N) AppleWebKit/537.36 (KHTML, like Gecko) Chrome/75.0.3770.142 Mobile Safari/537.36"
::ffff:172.21.120.99 - - [24/Jul/2019:06:50:49 +0000] "GET /files/queryAll HTTP/1.1" 200 2029 "http://172.21.120.99:8081/" "Mozilla/5.0 (Linux; Android 6.0; Nexus 5 Build/MRA58N) AppleWebKit/537.36 (KHTML, like Gecko) Chrome/75.0.3770.142 Mobile Safari/537.36"
::ffff:172.21.171.15 - - [24/Jul/2019:06:51:07 +0000] "POST /getToken HTTP/1.1" 200 190 "-" "INE-AL00(Android/9) WXApp(WXSample/0.24.0) Weex/0.24.0.1 1080x2128"
::ffff:172.21.171.15 - - [24/Jul/2019:06:51:11 +0000] "GET /exam/queryAll HTTP/1.1" 200 159 "-" "INE-AL00(Android/9) WXApp(WXSample/0.24.0) Weex/0.24.0.1 1080x2128"
::ffff:172.21.6.196 - - [24/Jul/2019:06:54:27 +0000] "OPTIONS /getToken HTTP/1.1" 200 8 "http://172.21.6.196:8081/index.html" "Mozilla/5.0 (iPhone; CPU iPhone OS 10_3_1 like Mac OS X) AppleWebKit/603.1.30 (KHTML, like Gecko) Version/10.0 Mobile/14E304 Safari/602.1"
::ffff:172.21.6.196 - - [24/Jul/2019:06:54:27 +0000] "POST /getToken HTTP/1.1" 200 190 "http://172.21.6.196:8081/index.html" "Mozilla/5.0 (iPhone; CPU iPhone OS 10_3_1 like Mac OS X) AppleWebKit/603.1.30 (KHTML, like Gecko) Version/10.0 Mobile/14E304 Safari/602.1"
::ffff:172.21.6.196 - - [24/Jul/2019:07:00:46 +0000] "OPTIONS /getToken HTTP/1.1" 200 8 "http://172.21.6.196:8081/index.html" "Mozilla/5.0 (iPhone; CPU iPhone OS 10_3_1 like Mac OS X) AppleWebKit/603.1.30 (KHTML, like Gecko) Version/10.0 Mobile/14E304 Safari/602.1"
::ffff:172.21.6.196 - - [24/Jul/2019:07:00:46 +0000] "POST /getToken HTTP/1.1" 200 190 "http://172.21.6.196:8081/index.html" "Mozilla/5.0 (iPhone; CPU iPhone OS 10_3_1 like Mac OS X) AppleWebKit/603.1.30 (KHTML, like Gecko) Version/10.0 Mobile/14E304 Safari/602.1"
::ffff:172.21.6.196 - - [24/Jul/2019:07:02:10 +0000] "OPTIONS /getToken HTTP/1.1" 200 8 "http://172.21.6.196:8081/index.html" "Mozilla/5.0 (iPhone; CPU iPhone OS 10_3_1 like Mac OS X) AppleWebKit/603.1.30 (KHTML, like Gecko) Version/10.0 Mobile/14E304 Safari/602.1"
::ffff:172.21.6.196 - - [24/Jul/2019:07:02:10 +0000] "POST /getToken HTTP/1.1" 200 190 "http://172.21.6.196:8081/index.html" "Mozilla/5.0 (iPhone; CPU iPhone OS 10_3_1 like Mac OS X) AppleWebKit/603.1.30 (KHTML, like Gecko) Version/10.0 Mobile/14E304 Safari/602.1"
::ffff:172.21.6.196 - - [24/Jul/2019:07:02:43 +0000] "OPTIONS /getToken HTTP/1.1" 200 8 "http://172.21.6.196:8081/index.html" "Mozilla/5.0 (iPhone; CPU iPhone OS 10_3_1 like Mac OS X) AppleWebKit/603.1.30 (KHTML, like Gecko) Version/10.0 Mobile/14E304 Safari/602.1"
::ffff:172.21.6.196 - - [24/Jul/2019:07:02:43 +0000] "POST /getToken HTTP/1.1" 200 190 "http://172.21.6.196:8081/index.html" "Mozilla/5.0 (iPhone; CPU iPhone OS 10_3_1 like Mac OS X) AppleWebKit/603.1.30 (KHTML, like Gecko) Version/10.0 Mobile/14E304 Safari/602.1"
::ffff:172.21.6.196 - - [24/Jul/2019:07:03:01 +0000] "OPTIONS /getToken HTTP/1.1" 200 8 "http://172.21.6.196:8081/index.html" "Mozilla/5.0 (iPhone; CPU iPhone OS 10_3_1 like Mac OS X) AppleWebKit/603.1.30 (KHTML, like Gecko) Version/10.0 Mobile/14E304 Safari/602.1"
::ffff:172.21.6.196 - - [24/Jul/2019:07:03:01 +0000] "POST /getToken HTTP/1.1" 200 190 "http://172.21.6.196:8081/index.html" "Mozilla/5.0 (iPhone; CPU iPhone OS 10_3_1 like Mac OS X) AppleWebKit/603.1.30 (KHTML, like Gecko) Version/10.0 Mobile/14E304 Safari/602.1"
::ffff:172.21.120.99 - - [24/Jul/2019:07:07:55 +0000] "OPTIONS /getToken HTTP/1.1" 200 8 "http://172.21.120.99:8081/index.html" "Mozilla/5.0 (Windows NT 6.1; WOW64) AppleWebKit/537.36 (KHTML, like Gecko) Chrome/75.0.3770.142 Safari/537.36"
::ffff:172.21.120.99 - - [24/Jul/2019:07:07:55 +0000] "POST /getToken HTTP/1.1" 200 190 "http://172.21.120.99:8081/index.html" "Mozilla/5.0 (Windows NT 6.1; WOW64) AppleWebKit/537.36 (KHTML, like Gecko) Chrome/75.0.3770.142 Safari/537.36"
::ffff:172.21.120.99 - - [24/Jul/2019:07:07:59 +0000] "OPTIONS /exam/queryAll HTTP/1.1" 200 8 "http://172.21.120.99:8081/index.html" "Mozilla/5.0 (Windows NT 6.1; WOW64) AppleWebKit/537.36 (KHTML, like Gecko) Chrome/75.0.3770.142 Safari/537.36"
::ffff:172.21.120.99 - - [24/Jul/2019:07:07:59 +0000] "GET /exam/queryAll HTTP/1.1" 304 - "http://172.21.120.99:8081/index.html" "Mozilla/5.0 (Windows NT 6.1; WOW64) AppleWebKit/537.36 (KHTML, like Gecko) Chrome/75.0.3770.142 Safari/537.36"
::ffff:172.21.120.99 - - [24/Jul/2019:07:08:05 +0000] "OPTIONS /question/queryAll HTTP/1.1" 200 8 "http://172.21.120.99:8081/index.html" "Mozilla/5.0 (Windows NT 6.1; WOW64) AppleWebKit/537.36 (KHTML, like Gecko) Chrome/75.0.3770.142 Safari/537.36"
::ffff:172.21.120.99 - - [24/Jul/2019:07:08:05 +0000] "GET /question/queryAll HTTP/1.1" 304 - "http://172.21.120.99:8081/index.html" "Mozilla/5.0 (Windows NT 6.1; WOW64) AppleWebKit/537.36 (KHTML, like Gecko) Chrome/75.0.3770.142 Safari/537.36"
::ffff:172.21.120.99 - - [24/Jul/2019:07:08:06 +0000] "GET /question/queryAll HTTP/1.1" 304 - "http://172.21.120.99:8081/index.html" "Mozilla/5.0 (Windows NT 6.1; WOW64) AppleWebKit/537.36 (KHTML, like Gecko) Chrome/75.0.3770.142 Safari/537.36"
::ffff:172.21.120.99 - - [24/Jul/2019:07:08:07 +0000] "GET /question/queryAll HTTP/1.1" 304 - "http://172.21.120.99:8081/index.html" "Mozilla/5.0 (Windows NT 6.1; WOW64) AppleWebKit/537.36 (KHTML, like Gecko) Chrome/75.0.3770.142 Safari/537.36"
::ffff:172.21.171.15 - - [24/Jul/2019:07:10:00 +0000] "POST /getToken HTTP/1.1" 200 190 "-" "INE-AL00(Android/9) WXApp(WXSample/0.24.0) Weex/0.24.0.1 1080x2128"
::ffff:172.21.171.15 - - [24/Jul/2019:07:10:03 +0000] "GET /files/queryAll HTTP/1.1" 200 2029 "-" "INE-AL00(Android/9) WXApp(WXSample/0.24.0) Weex/0.24.0.1 1080x2128"
::ffff:172.21.171.15 - - [24/Jul/2019:07:10:03 +0000] "GET /files/queryAll HTTP/1.1" 200 2029 "-" "INE-AL00(Android/9) WXApp(WXSample/0.24.0) Weex/0.24.0.1 1080x2128"
::ffff:172.21.171.15 - - [24/Jul/2019:07:10:13 +0000] "POST /getToken HTTP/1.1" 200 190 "-" "INE-AL00(Android/9) WXApp(WXSample/0.24.0) Weex/0.24.0.1 1080x2128"
::ffff:172.21.171.15 - - [24/Jul/2019:07:10:15 +0000] "GET /exam/queryAll HTTP/1.1" 200 159 "-" "INE-AL00(Android/9) WXApp(WXSample/0.24.0) Weex/0.24.0.1 1080x2128"
::ffff:172.21.120.99 - - [24/Jul/2019:08:03:26 +0000] "OPTIONS /getToken HTTP/1.1" 200 8 "http://172.21.120.99:8081/index.html" "Mozilla/5.0 (Windows NT 6.1; WOW64) AppleWebKit/537.36 (KHTML, like Gecko) Chrome/75.0.3770.142 Safari/537.36"
::ffff:172.21.120.99 - - [24/Jul/2019:08:03:26 +0000] "POST /getToken HTTP/1.1" 200 190 "http://172.21.120.99:8081/index.html" "Mozilla/5.0 (Windows NT 6.1; WOW64) AppleWebKit/537.36 (KHTML, like Gecko) Chrome/75.0.3770.142 Safari/537.36"
::ffff:172.21.120.99 - - [24/Jul/2019:08:03:31 +0000] "OPTIONS /exam/queryAll HTTP/1.1" 200 8 "http://172.21.120.99:8081/index.html" "Mozilla/5.0 (Windows NT 6.1; WOW64) AppleWebKit/537.36 (KHTML, like Gecko) Chrome/75.0.3770.142 Safari/537.36"
::ffff:172.21.120.99 - - [24/Jul/2019:08:03:31 +0000] "GET /exam/queryAll HTTP/1.1" 304 - "http://172.21.120.99:8081/index.html" "Mozilla/5.0 (Windows NT 6.1; WOW64) AppleWebKit/537.36 (KHTML, like Gecko) Chrome/75.0.3770.142 Safari/537.36"
::ffff:172.21.171.15 - - [24/Jul/2019:08:04:12 +0000] "POST /getToken HTTP/1.1" 200 190 "-" "INE-AL00(Android/9) WXApp(WXSample/0.24.0) Weex/0.24.0.1 1080x2128"
::ffff:172.21.171.15 - - [24/Jul/2019:08:04:16 +0000] "GET /exam/queryAll HTTP/1.1" 200 159 "-" "INE-AL00(Android/9) WXApp(WXSample/0.24.0) Weex/0.24.0.1 1080x2128"
::ffff:172.21.171.15 - - [24/Jul/2019:08:04:31 +0000] "POST /getToken HTTP/1.1" 200 190 "-" "INE-AL00(Android/9) WXApp(WXSample/0.24.0) Weex/0.24.0.1 1080x2128"
::ffff:172.21.171.15 - - [24/Jul/2019:08:04:32 +0000] "GET /exam/queryAll HTTP/1.1" 200 159 "-" "INE-AL00(Android/9) WXApp(WXSample/0.24.0) Weex/0.24.0.1 1080x2128"
::ffff:172.21.120.99 - - [24/Jul/2019:08:04:42 +0000] "OPTIONS /getToken HTTP/1.1" 200 8 "http://172.21.120.99:8081/index.html" "Mozilla/5.0 (Windows NT 6.1; WOW64) AppleWebKit/537.36 (KHTML, like Gecko) Chrome/75.0.3770.142 Safari/537.36"
::ffff:172.21.120.99 - - [24/Jul/2019:08:04:42 +0000] "POST /getToken HTTP/1.1" 200 190 "http://172.21.120.99:8081/index.html" "Mozilla/5.0 (Windows NT 6.1; WOW64) AppleWebKit/537.36 (KHTML, like Gecko) Chrome/75.0.3770.142 Safari/537.36"
::ffff:172.21.120.99 - - [24/Jul/2019:08:04:44 +0000] "OPTIONS /exam/queryAll HTTP/1.1" 200 8 "http://172.21.120.99:8081/index.html" "Mozilla/5.0 (Windows NT 6.1; WOW64) AppleWebKit/537.36 (KHTML, like Gecko) Chrome/75.0.3770.142 Safari/537.36"
::ffff:172.21.120.99 - - [24/Jul/2019:08:04:44 +0000] "GET /exam/queryAll HTTP/1.1" 304 - "http://172.21.120.99:8081/index.html" "Mozilla/5.0 (Windows NT 6.1; WOW64) AppleWebKit/537.36 (KHTML, like Gecko) Chrome/75.0.3770.142 Safari/537.36"
::ffff:172.21.171.15 - - [24/Jul/2019:08:05:16 +0000] "POST /getToken HTTP/1.1" 200 190 "-" "INE-AL00(Android/9) WXApp(WXSample/0.24.0) Weex/0.24.0.1 1080x2128"
::ffff:172.21.171.15 - - [24/Jul/2019:08:05:18 +0000] "GET /exam/queryAll HTTP/1.1" 200 159 "-" "INE-AL00(Android/9) WXApp(WXSample/0.24.0) Weex/0.24.0.1 1080x2128"
::ffff:172.21.171.15 - - [24/Jul/2019:08:05:43 +0000] "POST /getToken HTTP/1.1" 200 190 "-" "INE-AL00(Android/9) WXApp(WXSample/0.24.0) Weex/0.24.0.1 1080x2128"
::ffff:172.21.171.15 - - [24/Jul/2019:08:05:46 +0000] "GET /exam/queryAll HTTP/1.1" 200 159 "-" "INE-AL00(Android/9) WXApp(WXSample/0.24.0) Weex/0.24.0.1 1080x2128"
::ffff:172.21.171.15 - - [24/Jul/2019:08:06:19 +0000] "POST /getToken HTTP/1.1" 200 190 "-" "INE-AL00(Android/9) WXApp(WXSample/0.24.0) Weex/0.24.0.1 1080x2128"
::ffff:172.21.171.15 - - [24/Jul/2019:08:06:21 +0000] "GET /exam/queryAll HTTP/1.1" 200 159 "-" "INE-AL00(Android/9) WXApp(WXSample/0.24.0) Weex/0.24.0.1 1080x2128"
::ffff:172.21.171.15 - - [24/Jul/2019:08:07:00 +0000] "POST /getToken HTTP/1.1" 200 190 "-" "INE-AL00(Android/9) WXApp(WXSample/0.24.0) Weex/0.24.0.1 1080x2128"
::ffff:172.21.171.15 - - [24/Jul/2019:08:07:02 +0000] "GET /exam/queryAll HTTP/1.1" 200 159 "-" "INE-AL00(Android/9) WXApp(WXSample/0.24.0) Weex/0.24.0.1 1080x2128"
::ffff:172.21.171.15 - - [24/Jul/2019:08:07:06 +0000] "GET /question/queryAll HTTP/1.1" 200 244 "-" "INE-AL00(Android/9) WXApp(WXSample/0.24.0) Weex/0.24.0.1 1080x2128"
::ffff:172.21.171.15 - - [24/Jul/2019:08:07:08 +0000] "GET /question/queryAll HTTP/1.1" 200 244 "-" "INE-AL00(Android/9) WXApp(WXSample/0.24.0) Weex/0.24.0.1 1080x2128"
::ffff:172.21.120.99 - - [24/Jul/2019:08:07:24 +0000] "OPTIONS /getToken HTTP/1.1" 200 8 "http://172.21.120.99:8081/index.html" "Mozilla/5.0 (Windows NT 6.1; WOW64) AppleWebKit/537.36 (KHTML, like Gecko) Chrome/75.0.3770.142 Safari/537.36"
::ffff:172.21.120.99 - - [24/Jul/2019:08:07:24 +0000] "POST /getToken HTTP/1.1" 200 190 "http://172.21.120.99:8081/index.html" "Mozilla/5.0 (Windows NT 6.1; WOW64) AppleWebKit/537.36 (KHTML, like Gecko) Chrome/75.0.3770.142 Safari/537.36"
::ffff:172.21.120.99 - - [24/Jul/2019:08:07:26 +0000] "OPTIONS /exam/queryAll HTTP/1.1" 200 8 "http://172.21.120.99:8081/index.html" "Mozilla/5.0 (Windows NT 6.1; WOW64) AppleWebKit/537.36 (KHTML, like Gecko) Chrome/75.0.3770.142 Safari/537.36"
::ffff:172.21.120.99 - - [24/Jul/2019:08:07:26 +0000] "GET /exam/queryAll HTTP/1.1" 304 - "http://172.21.120.99:8081/index.html" "Mozilla/5.0 (Windows NT 6.1; WOW64) AppleWebKit/537.36 (KHTML, like Gecko) Chrome/75.0.3770.142 Safari/537.36"
::ffff:172.21.171.15 - - [24/Jul/2019:08:07:36 +0000] "POST /getToken HTTP/1.1" 200 190 "-" "INE-AL00(Android/9) WXApp(WXSample/0.24.0) Weex/0.24.0.1 1080x2128"
::ffff:172.21.171.15 - - [24/Jul/2019:08:07:38 +0000] "GET /exam/queryAll HTTP/1.1" 200 159 "-" "INE-AL00(Android/9) WXApp(WXSample/0.24.0) Weex/0.24.0.1 1080x2128"
::ffff:172.21.171.15 - - [24/Jul/2019:08:07:47 +0000] "GET /question/queryAll HTTP/1.1" 200 244 "-" "INE-AL00(Android/9) WXApp(WXSample/0.24.0) Weex/0.24.0.1 1080x2128"
::ffff:172.21.171.15 - - [24/Jul/2019:08:07:50 +0000] "GET /question/queryAll HTTP/1.1" 200 244 "-" "INE-AL00(Android/9) WXApp(WXSample/0.24.0) Weex/0.24.0.1 1080x2128"
::ffff:172.21.171.15 - - [24/Jul/2019:08:07:55 +0000] "GET /question/queryAll HTTP/1.1" 200 244 "-" "INE-AL00(Android/9) WXApp(WXSample/0.24.0) Weex/0.24.0.1 1080x2128"
::ffff:172.21.171.15 - - [24/Jul/2019:08:07:58 +0000] "GET /exam/queryAll HTTP/1.1" 200 159 "-" "INE-AL00(Android/9) WXApp(WXSample/0.24.0) Weex/0.24.0.1 1080x2128"
::ffff:172.21.171.15 - - [24/Jul/2019:08:07:59 +0000] "GET /question/queryAll HTTP/1.1" 200 244 "-" "INE-AL00(Android/9) WXApp(WXSample/0.24.0) Weex/0.24.0.1 1080x2128"
::ffff:172.21.171.15 - - [24/Jul/2019:08:08:04 +0000] "POST /getToken HTTP/1.1" 200 190 "-" "INE-AL00(Android/9) WXApp(WXSample/0.24.0) Weex/0.24.0.1 1080x2128"
::ffff:172.21.171.15 - - [24/Jul/2019:08:08:08 +0000] "GET /exam/queryAll HTTP/1.1" 200 159 "-" "INE-AL00(Android/9) WXApp(WXSample/0.24.0) Weex/0.24.0.1 1080x2128"
::ffff:172.21.171.15 - - [24/Jul/2019:08:08:08 +0000] "GET /exam/queryAll HTTP/1.1" 200 159 "-" "INE-AL00(Android/9) WXApp(WXSample/0.24.0) Weex/0.24.0.1 1080x2128"
::ffff:172.21.6.196 - - [24/Jul/2019:08:09:33 +0000] "OPTIONS /getToken HTTP/1.1" 200 8 "http://172.21.6.196:8081/index.html" "Mozilla/5.0 (Windows NT 10.0; Win64; x64) AppleWebKit/537.36 (KHTML, like Gecko) Chrome/75.0.3770.100 Safari/537.36"
::ffff:172.21.6.196 - - [24/Jul/2019:08:09:33 +0000] "POST /getToken HTTP/1.1" 200 190 "http://172.21.6.196:8081/index.html" "Mozilla/5.0 (Windows NT 10.0; Win64; x64) AppleWebKit/537.36 (KHTML, like Gecko) Chrome/75.0.3770.100 Safari/537.36"
::ffff:172.21.6.196 - - [24/Jul/2019:08:09:34 +0000] "OPTIONS /files/queryAll HTTP/1.1" 200 8 "http://172.21.6.196:8081/index.html" "Mozilla/5.0 (Windows NT 10.0; Win64; x64) AppleWebKit/537.36 (KHTML, like Gecko) Chrome/75.0.3770.100 Safari/537.36"
::ffff:172.21.6.196 - - [24/Jul/2019:08:09:34 +0000] "OPTIONS /files/queryAll HTTP/1.1" 200 8 "http://172.21.6.196:8081/index.html" "Mozilla/5.0 (Windows NT 10.0; Win64; x64) AppleWebKit/537.36 (KHTML, like Gecko) Chrome/75.0.3770.100 Safari/537.36"
::ffff:172.21.6.196 - - [24/Jul/2019:08:09:34 +0000] "GET /files/queryAll HTTP/1.1" 200 2029 "http://172.21.6.196:8081/index.html" "Mozilla/5.0 (Windows NT 10.0; Win64; x64) AppleWebKit/537.36 (KHTML, like Gecko) Chrome/75.0.3770.100 Safari/537.36"
::ffff:172.21.6.196 - - [24/Jul/2019:08:09:34 +0000] "GET /files/queryAll HTTP/1.1" 304 - "http://172.21.6.196:8081/index.html" "Mozilla/5.0 (Windows NT 10.0; Win64; x64) AppleWebKit/537.36 (KHTML, like Gecko) Chrome/75.0.3770.100 Safari/537.36"
::ffff:172.21.171.15 - - [24/Jul/2019:08:10:08 +0000] "POST /getToken HTTP/1.1" 200 190 "-" "INE-AL00(Android/9) WXApp(WXSample/0.24.0) Weex/0.24.0.1 1080x2128"
::ffff:172.21.171.15 - - [24/Jul/2019:08:10:09 +0000] "GET /exam/queryAll HTTP/1.1" 200 159 "-" "INE-AL00(Android/9) WXApp(WXSample/0.24.0) Weex/0.24.0.1 1080x2128"
::ffff:172.21.171.15 - - [24/Jul/2019:08:10:13 +0000] "GET /question/queryAll HTTP/1.1" 200 244 "-" "INE-AL00(Android/9) WXApp(WXSample/0.24.0) Weex/0.24.0.1 1080x2128"
::ffff:172.21.171.15 - - [24/Jul/2019:08:10:15 +0000] "GET /question/queryAll HTTP/1.1" 200 244 "-" "INE-AL00(Android/9) WXApp(WXSample/0.24.0) Weex/0.24.0.1 1080x2128"
::ffff:172.21.171.15 - - [24/Jul/2019:08:10:17 +0000] "GET /question/queryAll HTTP/1.1" 200 244 "-" "INE-AL00(Android/9) WXApp(WXSample/0.24.0) Weex/0.24.0.1 1080x2128"
::ffff:172.21.171.15 - - [24/Jul/2019:08:10:24 +0000] "POST /getToken HTTP/1.1" 200 190 "-" "INE-AL00(Android/9) WXApp(WXSample/0.24.0) Weex/0.24.0.1 1080x2128"
::ffff:172.21.171.15 - - [24/Jul/2019:08:10:26 +0000] "GET /exam/queryAll HTTP/1.1" 200 159 "-" "INE-AL00(Android/9) WXApp(WXSample/0.24.0) Weex/0.24.0.1 1080x2128"
::ffff:172.21.171.15 - - [24/Jul/2019:08:10:29 +0000] "GET /question/queryAll HTTP/1.1" 200 244 "-" "INE-AL00(Android/9) WXApp(WXSample/0.24.0) Weex/0.24.0.1 1080x2128"
::ffff:172.21.171.15 - - [24/Jul/2019:08:10:55 +0000] "POST /getToken HTTP/1.1" 200 190 "-" "INE-AL00(Android/9) WXApp(WXSample/0.24.0) Weex/0.24.0.1 1080x2128"
::ffff:172.21.171.15 - - [24/Jul/2019:08:10:57 +0000] "GET /exam/queryAll HTTP/1.1" 200 159 "-" "INE-AL00(Android/9) WXApp(WXSample/0.24.0) Weex/0.24.0.1 1080x2128"
::ffff:172.21.171.15 - - [24/Jul/2019:08:10:59 +0000] "GET /question/queryAll HTTP/1.1" 200 244 "-" "INE-AL00(Android/9) WXApp(WXSample/0.24.0) Weex/0.24.0.1 1080x2128"
::ffff:172.21.171.15 - - [24/Jul/2019:08:11:03 +0000] "GET /question/queryAll HTTP/1.1" 200 244 "-" "INE-AL00(Android/9) WXApp(WXSample/0.24.0) Weex/0.24.0.1 1080x2128"
::ffff:172.21.120.99 - - [24/Jul/2019:08:11:07 +0000] "OPTIONS /getToken HTTP/1.1" 200 8 "http://172.21.120.99:8081/index.html" "Mozilla/5.0 (Windows NT 6.1; WOW64) AppleWebKit/537.36 (KHTML, like Gecko) Chrome/75.0.3770.142 Safari/537.36"
::ffff:172.21.120.99 - - [24/Jul/2019:08:11:07 +0000] "POST /getToken HTTP/1.1" 200 190 "http://172.21.120.99:8081/index.html" "Mozilla/5.0 (Windows NT 6.1; WOW64) AppleWebKit/537.36 (KHTML, like Gecko) Chrome/75.0.3770.142 Safari/537.36"
::ffff:172.21.120.99 - - [24/Jul/2019:08:11:09 +0000] "OPTIONS /exam/queryAll HTTP/1.1" 200 8 "http://172.21.120.99:8081/index.html" "Mozilla/5.0 (Windows NT 6.1; WOW64) AppleWebKit/537.36 (KHTML, like Gecko) Chrome/75.0.3770.142 Safari/537.36"
::ffff:172.21.120.99 - - [24/Jul/2019:08:11:09 +0000] "GET /exam/queryAll HTTP/1.1" 304 - "http://172.21.120.99:8081/index.html" "Mozilla/5.0 (Windows NT 6.1; WOW64) AppleWebKit/537.36 (KHTML, like Gecko) Chrome/75.0.3770.142 Safari/537.36"
::ffff:172.21.120.99 - - [24/Jul/2019:08:11:11 +0000] "OPTIONS /question/queryAll HTTP/1.1" 200 8 "http://172.21.120.99:8081/index.html" "Mozilla/5.0 (Windows NT 6.1; WOW64) AppleWebKit/537.36 (KHTML, like Gecko) Chrome/75.0.3770.142 Safari/537.36"
::ffff:172.21.120.99 - - [24/Jul/2019:08:11:11 +0000] "GET /question/queryAll HTTP/1.1" 304 - "http://172.21.120.99:8081/index.html" "Mozilla/5.0 (Windows NT 6.1; WOW64) AppleWebKit/537.36 (KHTML, like Gecko) Chrome/75.0.3770.142 Safari/537.36"
::ffff:172.21.120.99 - - [24/Jul/2019:08:11:13 +0000] "GET /question/queryAll HTTP/1.1" 304 - "http://172.21.120.99:8081/index.html" "Mozilla/5.0 (Windows NT 6.1; WOW64) AppleWebKit/537.36 (KHTML, like Gecko) Chrome/75.0.3770.142 Safari/537.36"
::ffff:172.21.171.15 - - [24/Jul/2019:08:11:19 +0000] "GET /question/queryAll HTTP/1.1" 200 244 "-" "INE-AL00(Android/9) WXApp(WXSample/0.24.0) Weex/0.24.0.1 1080x2128"
::ffff:172.21.171.15 - - [24/Jul/2019:08:11:21 +0000] "GET /exam/queryAll HTTP/1.1" 200 159 "-" "INE-AL00(Android/9) WXApp(WXSample/0.24.0) Weex/0.24.0.1 1080x2128"
::ffff:172.21.171.15 - - [24/Jul/2019:08:11:24 +0000] "GET /question/queryAll HTTP/1.1" 200 244 "-" "INE-AL00(Android/9) WXApp(WXSample/0.24.0) Weex/0.24.0.1 1080x2128"
::ffff:172.21.171.15 - - [24/Jul/2019:08:11:28 +0000] "GET /question/queryAll HTTP/1.1" 200 244 "-" "INE-AL00(Android/9) WXApp(WXSample/0.24.0) Weex/0.24.0.1 1080x2128"
::ffff:172.21.171.15 - - [24/Jul/2019:08:11:31 +0000] "GET /question/queryAll HTTP/1.1" 200 244 "-" "INE-AL00(Android/9) WXApp(WXSample/0.24.0) Weex/0.24.0.1 1080x2128"
::ffff:172.21.171.15 - - [24/Jul/2019:08:11:34 +0000] "GET /exam/queryAll HTTP/1.1" 200 159 "-" "INE-AL00(Android/9) WXApp(WXSample/0.24.0) Weex/0.24.0.1 1080x2128"
::ffff:172.21.171.15 - - [24/Jul/2019:08:11:36 +0000] "GET /question/queryAll HTTP/1.1" 200 244 "-" "INE-AL00(Android/9) WXApp(WXSample/0.24.0) Weex/0.24.0.1 1080x2128"
::ffff:172.21.171.15 - - [24/Jul/2019:08:11:38 +0000] "GET /question/queryAll HTTP/1.1" 200 244 "-" "INE-AL00(Android/9) WXApp(WXSample/0.24.0) Weex/0.24.0.1 1080x2128"
::ffff:172.21.171.15 - - [24/Jul/2019:08:11:59 +0000] "POST /getToken HTTP/1.1" 200 190 "-" "INE-AL00(Android/9) WXApp(WXSample/0.24.0) Weex/0.24.0.1 1080x2128"
::ffff:172.21.171.15 - - [24/Jul/2019:08:12:01 +0000] "GET /exam/queryAll HTTP/1.1" 200 159 "-" "INE-AL00(Android/9) WXApp(WXSample/0.24.0) Weex/0.24.0.1 1080x2128"
::ffff:172.21.171.15 - - [24/Jul/2019:08:12:03 +0000] "GET /question/queryAll HTTP/1.1" 200 244 "-" "INE-AL00(Android/9) WXApp(WXSample/0.24.0) Weex/0.24.0.1 1080x2128"
::ffff:172.21.171.15 - - [24/Jul/2019:08:12:38 +0000] "POST /getToken HTTP/1.1" 200 190 "-" "INE-AL00(Android/9) WXApp(WXSample/0.24.0) Weex/0.24.0.1 1080x2128"
::ffff:172.21.171.15 - - [24/Jul/2019:08:12:39 +0000] "GET /exam/queryAll HTTP/1.1" 200 159 "-" "INE-AL00(Android/9) WXApp(WXSample/0.24.0) Weex/0.24.0.1 1080x2128"
::ffff:172.21.171.15 - - [24/Jul/2019:08:12:43 +0000] "GET /question/queryAll HTTP/1.1" 200 244 "-" "INE-AL00(Android/9) WXApp(WXSample/0.24.0) Weex/0.24.0.1 1080x2128"
::ffff:172.21.171.15 - - [24/Jul/2019:08:12:47 +0000] "GET /question/queryAll HTTP/1.1" 200 244 "-" "INE-AL00(Android/9) WXApp(WXSample/0.24.0) Weex/0.24.0.1 1080x2128"
::ffff:172.21.6.196 - - [24/Jul/2019:08:12:49 +0000] "OPTIONS /getToken HTTP/1.1" 200 8 "http://172.21.6.196:8081/index.html" "Mozilla/5.0 (iPhone; CPU iPhone OS 10_3_1 like Mac OS X) AppleWebKit/603.1.30 (KHTML, like Gecko) Version/10.0 Mobile/14E304 Safari/602.1"
::ffff:172.21.6.196 - - [24/Jul/2019:08:12:49 +0000] "POST /getToken HTTP/1.1" 200 190 "http://172.21.6.196:8081/index.html" "Mozilla/5.0 (iPhone; CPU iPhone OS 10_3_1 like Mac OS X) AppleWebKit/603.1.30 (KHTML, like Gecko) Version/10.0 Mobile/14E304 Safari/602.1"
::ffff:172.21.6.196 - - [24/Jul/2019:08:12:50 +0000] "OPTIONS /files/queryAll HTTP/1.1" 200 8 "http://172.21.6.196:8081/index.html" "Mozilla/5.0 (iPhone; CPU iPhone OS 10_3_1 like Mac OS X) AppleWebKit/603.1.30 (KHTML, like Gecko) Version/10.0 Mobile/14E304 Safari/602.1"
::ffff:172.21.6.196 - - [24/Jul/2019:08:12:50 +0000] "OPTIONS /files/queryAll HTTP/1.1" 200 8 "http://172.21.6.196:8081/index.html" "Mozilla/5.0 (iPhone; CPU iPhone OS 10_3_1 like Mac OS X) AppleWebKit/603.1.30 (KHTML, like Gecko) Version/10.0 Mobile/14E304 Safari/602.1"
::ffff:172.21.6.196 - - [24/Jul/2019:08:12:50 +0000] "GET /files/queryAll HTTP/1.1" 304 - "http://172.21.6.196:8081/index.html" "Mozilla/5.0 (iPhone; CPU iPhone OS 10_3_1 like Mac OS X) AppleWebKit/603.1.30 (KHTML, like Gecko) Version/10.0 Mobile/14E304 Safari/602.1"
::ffff:172.21.6.196 - - [24/Jul/2019:08:12:50 +0000] "GET /files/queryAll HTTP/1.1" 304 - "http://172.21.6.196:8081/index.html" "Mozilla/5.0 (iPhone; CPU iPhone OS 10_3_1 like Mac OS X) AppleWebKit/603.1.30 (KHTML, like Gecko) Version/10.0 Mobile/14E304 Safari/602.1"
::ffff:172.21.120.99 - - [24/Jul/2019:08:13:23 +0000] "OPTIONS /getToken HTTP/1.1" 200 8 "http://172.21.120.99:8081/index.html" "Mozilla/5.0 (Windows NT 6.1; WOW64) AppleWebKit/537.36 (KHTML, like Gecko) Chrome/75.0.3770.142 Safari/537.36"
::ffff:172.21.120.99 - - [24/Jul/2019:08:13:23 +0000] "POST /getToken HTTP/1.1" 200 190 "http://172.21.120.99:8081/index.html" "Mozilla/5.0 (Windows NT 6.1; WOW64) AppleWebKit/537.36 (KHTML, like Gecko) Chrome/75.0.3770.142 Safari/537.36"
::ffff:172.21.120.99 - - [24/Jul/2019:08:13:26 +0000] "OPTIONS /exam/queryAll HTTP/1.1" 200 8 "http://172.21.120.99:8081/index.html" "Mozilla/5.0 (Windows NT 6.1; WOW64) AppleWebKit/537.36 (KHTML, like Gecko) Chrome/75.0.3770.142 Safari/537.36"
::ffff:172.21.120.99 - - [24/Jul/2019:08:13:26 +0000] "GET /exam/queryAll HTTP/1.1" 304 - "http://172.21.120.99:8081/index.html" "Mozilla/5.0 (Windows NT 6.1; WOW64) AppleWebKit/537.36 (KHTML, like Gecko) Chrome/75.0.3770.142 Safari/537.36"
::ffff:172.21.120.99 - - [24/Jul/2019:08:13:28 +0000] "OPTIONS /question/queryAll HTTP/1.1" 200 8 "http://172.21.120.99:8081/index.html" "Mozilla/5.0 (Windows NT 6.1; WOW64) AppleWebKit/537.36 (KHTML, like Gecko) Chrome/75.0.3770.142 Safari/537.36"
::ffff:172.21.120.99 - - [24/Jul/2019:08:13:28 +0000] "GET /question/queryAll HTTP/1.1" 304 - "http://172.21.120.99:8081/index.html" "Mozilla/5.0 (Windows NT 6.1; WOW64) AppleWebKit/537.36 (KHTML, like Gecko) Chrome/75.0.3770.142 Safari/537.36"
::ffff:172.21.171.15 - - [24/Jul/2019:08:13:31 +0000] "POST /getToken HTTP/1.1" 200 190 "-" "INE-AL00(Android/9) WXApp(WXSample/0.24.0) Weex/0.24.0.1 1080x2128"
::ffff:172.21.171.15 - - [24/Jul/2019:08:13:33 +0000] "GET /exam/queryAll HTTP/1.1" 200 159 "-" "INE-AL00(Android/9) WXApp(WXSample/0.24.0) Weex/0.24.0.1 1080x2128"
::ffff:172.21.171.15 - - [24/Jul/2019:08:13:34 +0000] "GET /question/queryAll HTTP/1.1" 200 244 "-" "INE-AL00(Android/9) WXApp(WXSample/0.24.0) Weex/0.24.0.1 1080x2128"
::ffff:172.21.120.99 - - [24/Jul/2019:08:13:39 +0000] "OPTIONS /getToken HTTP/1.1" 200 8 "http://172.21.120.99:8081/index.html" "Mozilla/5.0 (Windows NT 6.1; WOW64) AppleWebKit/537.36 (KHTML, like Gecko) Chrome/75.0.3770.142 Safari/537.36"
::ffff:172.21.120.99 - - [24/Jul/2019:08:13:39 +0000] "POST /getToken HTTP/1.1" 200 190 "http://172.21.120.99:8081/index.html" "Mozilla/5.0 (Windows NT 6.1; WOW64) AppleWebKit/537.36 (KHTML, like Gecko) Chrome/75.0.3770.142 Safari/537.36"
::ffff:172.21.120.99 - - [24/Jul/2019:08:13:42 +0000] "OPTIONS /exam/queryAll HTTP/1.1" 200 8 "http://172.21.120.99:8081/index.html" "Mozilla/5.0 (Windows NT 6.1; WOW64) AppleWebKit/537.36 (KHTML, like Gecko) Chrome/75.0.3770.142 Safari/537.36"
::ffff:172.21.120.99 - - [24/Jul/2019:08:13:42 +0000] "GET /exam/queryAll HTTP/1.1" 304 - "http://172.21.120.99:8081/index.html" "Mozilla/5.0 (Windows NT 6.1; WOW64) AppleWebKit/537.36 (KHTML, like Gecko) Chrome/75.0.3770.142 Safari/537.36"
::ffff:172.21.120.99 - - [24/Jul/2019:08:13:44 +0000] "OPTIONS /question/queryAll HTTP/1.1" 200 8 "http://172.21.120.99:8081/index.html" "Mozilla/5.0 (Windows NT 6.1; WOW64) AppleWebKit/537.36 (KHTML, like Gecko) Chrome/75.0.3770.142 Safari/537.36"
::ffff:172.21.120.99 - - [24/Jul/2019:08:13:44 +0000] "GET /question/queryAll HTTP/1.1" 304 - "http://172.21.120.99:8081/index.html" "Mozilla/5.0 (Windows NT 6.1; WOW64) AppleWebKit/537.36 (KHTML, like Gecko) Chrome/75.0.3770.142 Safari/537.36"
::ffff:172.21.171.15 - - [24/Jul/2019:08:14:14 +0000] "POST /getToken HTTP/1.1" 200 190 "-" "INE-AL00(Android/9) WXApp(WXSample/0.24.0) Weex/0.24.0.1 1080x2128"
::ffff:172.21.6.196 - - [24/Jul/2019:08:14:14 +0000] "OPTIONS /files/queryAll HTTP/1.1" 200 8 "http://172.21.6.196:8081/index.html" "Mozilla/5.0 (iPhone; CPU iPhone OS 10_3_1 like Mac OS X) AppleWebKit/603.1.30 (KHTML, like Gecko) Version/10.0 Mobile/14E304 Safari/602.1"
::ffff:172.21.6.196 - - [24/Jul/2019:08:14:14 +0000] "OPTIONS /files/queryAll HTTP/1.1" 200 8 "http://172.21.6.196:8081/index.html" "Mozilla/5.0 (iPhone; CPU iPhone OS 10_3_1 like Mac OS X) AppleWebKit/603.1.30 (KHTML, like Gecko) Version/10.0 Mobile/14E304 Safari/602.1"
::ffff:172.21.6.196 - - [24/Jul/2019:08:14:14 +0000] "GET /files/queryAll HTTP/1.1" 304 - "http://172.21.6.196:8081/index.html" "Mozilla/5.0 (iPhone; CPU iPhone OS 10_3_1 like Mac OS X) AppleWebKit/603.1.30 (KHTML, like Gecko) Version/10.0 Mobile/14E304 Safari/602.1"
::ffff:172.21.6.196 - - [24/Jul/2019:08:14:14 +0000] "GET /files/queryAll HTTP/1.1" 304 - "http://172.21.6.196:8081/index.html" "Mozilla/5.0 (iPhone; CPU iPhone OS 10_3_1 like Mac OS X) AppleWebKit/603.1.30 (KHTML, like Gecko) Version/10.0 Mobile/14E304 Safari/602.1"
::ffff:172.21.171.15 - - [24/Jul/2019:08:14:16 +0000] "GET /exam/queryAll HTTP/1.1" 200 159 "-" "INE-AL00(Android/9) WXApp(WXSample/0.24.0) Weex/0.24.0.1 1080x2128"
::ffff:172.21.171.15 - - [24/Jul/2019:08:14:18 +0000] "GET /question/queryAll HTTP/1.1" 200 244 "-" "INE-AL00(Android/9) WXApp(WXSample/0.24.0) Weex/0.24.0.1 1080x2128"
::ffff:172.21.6.196 - - [24/Jul/2019:08:14:18 +0000] "GET /files/queryAll HTTP/1.1" 304 - "http://172.21.6.196:8081/index.html" "Mozilla/5.0 (iPhone; CPU iPhone OS 10_3_1 like Mac OS X) AppleWebKit/603.1.30 (KHTML, like Gecko) Version/10.0 Mobile/14E304 Safari/602.1"
::ffff:172.21.6.196 - - [24/Jul/2019:08:14:18 +0000] "GET /files/queryAll HTTP/1.1" 304 - "http://172.21.6.196:8081/index.html" "Mozilla/5.0 (iPhone; CPU iPhone OS 10_3_1 like Mac OS X) AppleWebKit/603.1.30 (KHTML, like Gecko) Version/10.0 Mobile/14E304 Safari/602.1"
::ffff:172.21.6.196 - - [24/Jul/2019:08:14:31 +0000] "OPTIONS /files/queryAll HTTP/1.1" 200 8 "http://172.21.6.196:8081/index.html" "Mozilla/5.0 (iPhone; CPU iPhone OS 10_3_1 like Mac OS X) AppleWebKit/603.1.30 (KHTML, like Gecko) Version/10.0 Mobile/14E304 Safari/602.1"
::ffff:172.21.6.196 - - [24/Jul/2019:08:14:32 +0000] "OPTIONS /files/queryAll HTTP/1.1" 200 8 "http://172.21.6.196:8081/index.html" "Mozilla/5.0 (iPhone; CPU iPhone OS 10_3_1 like Mac OS X) AppleWebKit/603.1.30 (KHTML, like Gecko) Version/10.0 Mobile/14E304 Safari/602.1"
::ffff:172.21.6.196 - - [24/Jul/2019:08:14:32 +0000] "GET /files/queryAll HTTP/1.1" 304 - "http://172.21.6.196:8081/index.html" "Mozilla/5.0 (iPhone; CPU iPhone OS 10_3_1 like Mac OS X) AppleWebKit/603.1.30 (KHTML, like Gecko) Version/10.0 Mobile/14E304 Safari/602.1"
::ffff:172.21.6.196 - - [24/Jul/2019:08:14:32 +0000] "GET /files/queryAll HTTP/1.1" 304 - "http://172.21.6.196:8081/index.html" "Mozilla/5.0 (iPhone; CPU iPhone OS 10_3_1 like Mac OS X) AppleWebKit/603.1.30 (KHTML, like Gecko) Version/10.0 Mobile/14E304 Safari/602.1"
::ffff:172.21.171.15 - - [24/Jul/2019:08:14:56 +0000] "POST /getToken HTTP/1.1" 200 190 "-" "INE-AL00(Android/9) WXApp(WXSample/0.24.0) Weex/0.24.0.1 1080x2128"
::ffff:172.21.171.15 - - [24/Jul/2019:08:14:58 +0000] "GET /exam/queryAll HTTP/1.1" 200 159 "-" "INE-AL00(Android/9) WXApp(WXSample/0.24.0) Weex/0.24.0.1 1080x2128"
::ffff:172.21.171.15 - - [24/Jul/2019:08:15:01 +0000] "GET /question/queryAll HTTP/1.1" 200 244 "-" "INE-AL00(Android/9) WXApp(WXSample/0.24.0) Weex/0.24.0.1 1080x2128"
::ffff:172.21.6.196 - - [24/Jul/2019:08:15:01 +0000] "OPTIONS /files/queryAll HTTP/1.1" 200 8 "http://172.21.6.196:8081/index.html" "Mozilla/5.0 (iPhone; CPU iPhone OS 10_3_1 like Mac OS X) AppleWebKit/603.1.30 (KHTML, like Gecko) Version/10.0 Mobile/14E304 Safari/602.1"
::ffff:172.21.6.196 - - [24/Jul/2019:08:15:01 +0000] "OPTIONS /files/queryAll HTTP/1.1" 200 8 "http://172.21.6.196:8081/index.html" "Mozilla/5.0 (iPhone; CPU iPhone OS 10_3_1 like Mac OS X) AppleWebKit/603.1.30 (KHTML, like Gecko) Version/10.0 Mobile/14E304 Safari/602.1"
::ffff:172.21.6.196 - - [24/Jul/2019:08:15:02 +0000] "GET /files/queryAll HTTP/1.1" 304 - "http://172.21.6.196:8081/index.html" "Mozilla/5.0 (iPhone; CPU iPhone OS 10_3_1 like Mac OS X) AppleWebKit/603.1.30 (KHTML, like Gecko) Version/10.0 Mobile/14E304 Safari/602.1"
::ffff:172.21.6.196 - - [24/Jul/2019:08:15:02 +0000] "GET /files/queryAll HTTP/1.1" 304 - "http://172.21.6.196:8081/index.html" "Mozilla/5.0 (iPhone; CPU iPhone OS 10_3_1 like Mac OS X) AppleWebKit/603.1.30 (KHTML, like Gecko) Version/10.0 Mobile/14E304 Safari/602.1"
::ffff:172.21.6.196 - - [24/Jul/2019:08:15:07 +0000] "OPTIONS /files/queryAll HTTP/1.1" 200 8 "http://172.21.6.196:8081/index.html" "Mozilla/5.0 (iPhone; CPU iPhone OS 10_3_1 like Mac OS X) AppleWebKit/603.1.30 (KHTML, like Gecko) Version/10.0 Mobile/14E304 Safari/602.1"
::ffff:172.21.6.196 - - [24/Jul/2019:08:15:07 +0000] "OPTIONS /files/queryAll HTTP/1.1" 200 8 "http://172.21.6.196:8081/index.html" "Mozilla/5.0 (iPhone; CPU iPhone OS 10_3_1 like Mac OS X) AppleWebKit/603.1.30 (KHTML, like Gecko) Version/10.0 Mobile/14E304 Safari/602.1"
::ffff:172.21.6.196 - - [24/Jul/2019:08:15:07 +0000] "GET /files/queryAll HTTP/1.1" 304 - "http://172.21.6.196:8081/index.html" "Mozilla/5.0 (iPhone; CPU iPhone OS 10_3_1 like Mac OS X) AppleWebKit/603.1.30 (KHTML, like Gecko) Version/10.0 Mobile/14E304 Safari/602.1"
::ffff:172.21.6.196 - - [24/Jul/2019:08:15:07 +0000] "GET /files/queryAll HTTP/1.1" 304 - "http://172.21.6.196:8081/index.html" "Mozilla/5.0 (iPhone; CPU iPhone OS 10_3_1 like Mac OS X) AppleWebKit/603.1.30 (KHTML, like Gecko) Version/10.0 Mobile/14E304 Safari/602.1"
::ffff:172.21.171.15 - - [24/Jul/2019:08:15:23 +0000] "GET /question/queryAll HTTP/1.1" 200 244 "-" "INE-AL00(Android/9) WXApp(WXSample/0.24.0) Weex/0.24.0.1 1080x2128"
::ffff:172.21.171.15 - - [24/Jul/2019:08:15:32 +0000] "POST /getToken HTTP/1.1" 200 190 "-" "INE-AL00(Android/9) WXApp(WXSample/0.24.0) Weex/0.24.0.1 1080x2128"
::ffff:172.21.171.15 - - [24/Jul/2019:08:15:35 +0000] "GET /exam/queryAll HTTP/1.1" 200 159 "-" "INE-AL00(Android/9) WXApp(WXSample/0.24.0) Weex/0.24.0.1 1080x2128"
::ffff:172.21.171.15 - - [24/Jul/2019:08:15:37 +0000] "GET /question/queryAll HTTP/1.1" 200 244 "-" "INE-AL00(Android/9) WXApp(WXSample/0.24.0) Weex/0.24.0.1 1080x2128"
::ffff:172.21.6.196 - - [24/Jul/2019:08:15:48 +0000] "OPTIONS /files/queryAll HTTP/1.1" 200 8 "http://172.21.6.196:8081/index.html" "Mozilla/5.0 (iPhone; CPU iPhone OS 10_3_1 like Mac OS X) AppleWebKit/603.1.30 (KHTML, like Gecko) Version/10.0 Mobile/14E304 Safari/602.1"
::ffff:172.21.6.196 - - [24/Jul/2019:08:15:48 +0000] "OPTIONS /files/queryAll HTTP/1.1" 200 8 "http://172.21.6.196:8081/index.html" "Mozilla/5.0 (iPhone; CPU iPhone OS 10_3_1 like Mac OS X) AppleWebKit/603.1.30 (KHTML, like Gecko) Version/10.0 Mobile/14E304 Safari/602.1"
::ffff:172.21.6.196 - - [24/Jul/2019:08:15:49 +0000] "GET /files/queryAll HTTP/1.1" 304 - "http://172.21.6.196:8081/index.html" "Mozilla/5.0 (iPhone; CPU iPhone OS 10_3_1 like Mac OS X) AppleWebKit/603.1.30 (KHTML, like Gecko) Version/10.0 Mobile/14E304 Safari/602.1"
::ffff:172.21.6.196 - - [24/Jul/2019:08:15:49 +0000] "GET /files/queryAll HTTP/1.1" 304 - "http://172.21.6.196:8081/index.html" "Mozilla/5.0 (iPhone; CPU iPhone OS 10_3_1 like Mac OS X) AppleWebKit/603.1.30 (KHTML, like Gecko) Version/10.0 Mobile/14E304 Safari/602.1"
::ffff:172.21.6.196 - - [24/Jul/2019:08:15:53 +0000] "GET /files/queryAll HTTP/1.1" 304 - "http://172.21.6.196:8081/index.html" "Mozilla/5.0 (iPhone; CPU iPhone OS 10_3_1 like Mac OS X) AppleWebKit/603.1.30 (KHTML, like Gecko) Version/10.0 Mobile/14E304 Safari/602.1"
::ffff:172.21.6.196 - - [24/Jul/2019:08:15:53 +0000] "GET /files/queryAll HTTP/1.1" 304 - "http://172.21.6.196:8081/index.html" "Mozilla/5.0 (iPhone; CPU iPhone OS 10_3_1 like Mac OS X) AppleWebKit/603.1.30 (KHTML, like Gecko) Version/10.0 Mobile/14E304 Safari/602.1"
::ffff:172.21.171.15 - - [24/Jul/2019:08:15:54 +0000] "POST /getToken HTTP/1.1" 200 190 "-" "INE-AL00(Android/9) WXApp(WXSample/0.24.0) Weex/0.24.0.1 1080x2128"
::ffff:172.21.171.15 - - [24/Jul/2019:08:15:56 +0000] "GET /exam/queryAll HTTP/1.1" 200 159 "-" "INE-AL00(Android/9) WXApp(WXSample/0.24.0) Weex/0.24.0.1 1080x2128"
::ffff:172.21.171.15 - - [24/Jul/2019:08:15:58 +0000] "GET /question/queryAll HTTP/1.1" 200 244 "-" "INE-AL00(Android/9) WXApp(WXSample/0.24.0) Weex/0.24.0.1 1080x2128"
::ffff:172.21.6.196 - - [24/Jul/2019:08:16:00 +0000] "OPTIONS /files/queryAll HTTP/1.1" 200 8 "http://172.21.6.196:8081/index.html" "Mozilla/5.0 (iPhone; CPU iPhone OS 10_3_1 like Mac OS X) AppleWebKit/603.1.30 (KHTML, like Gecko) Version/10.0 Mobile/14E304 Safari/602.1"
::ffff:172.21.6.196 - - [24/Jul/2019:08:16:00 +0000] "OPTIONS /files/queryAll HTTP/1.1" 200 8 "http://172.21.6.196:8081/index.html" "Mozilla/5.0 (iPhone; CPU iPhone OS 10_3_1 like Mac OS X) AppleWebKit/603.1.30 (KHTML, like Gecko) Version/10.0 Mobile/14E304 Safari/602.1"
::ffff:172.21.6.196 - - [24/Jul/2019:08:16:01 +0000] "GET /files/queryAll HTTP/1.1" 304 - "http://172.21.6.196:8081/index.html" "Mozilla/5.0 (iPhone; CPU iPhone OS 10_3_1 like Mac OS X) AppleWebKit/603.1.30 (KHTML, like Gecko) Version/10.0 Mobile/14E304 Safari/602.1"
