::ffff:172.21.171.11 - - [23/Jul/2019:09:48:18 +0000] "POST /getToken HTTP/1.1" 200 190 "-" "INE-AL00(Android/9) WXApp(WXSample/0.24.0) Weex/0.24.0.1 1080x2128"
::ffff:172.21.120.99 - - [23/Jul/2019:09:48:30 +0000] "OPTIONS /getToken HTTP/1.1" 200 8 "http://172.21.120.99:8081/index.html" "Mozilla/5.0 (Windows NT 6.1; WOW64) AppleWebKit/537.36 (KHTML, like Gecko) Chrome/75.0.3770.142 Safari/537.36"
::ffff:172.21.120.99 - - [23/Jul/2019:09:48:30 +0000] "POST /getToken HTTP/1.1" 200 190 "http://172.21.120.99:8081/index.html" "Mozilla/5.0 (Windows NT 6.1; WOW64) AppleWebKit/537.36 (KHTML, like Gecko) Chrome/75.0.3770.142 Safari/537.36"
::ffff:172.21.6.196 - - [23/Jul/2019:12:29:33 +0000] "OPTIONS /getToken HTTP/1.1" 200 8 "http://172.21.6.196:8081/index.html" "Mozilla/5.0 (iPhone; CPU iPhone OS 10_3_1 like Mac OS X) AppleWebKit/603.1.30 (KHTML, like Gecko) Version/10.0 Mobile/14E304 Safari/602.1"
::ffff:172.21.6.196 - - [23/Jul/2019:12:29:33 +0000] "POST /getToken HTTP/1.1" 200 190 "http://172.21.6.196:8081/index.html" "Mozilla/5.0 (iPhone; CPU iPhone OS 10_3_1 like Mac OS X) AppleWebKit/603.1.30 (KHTML, like Gecko) Version/10.0 Mobile/14E304 Safari/602.1"
::ffff:172.21.6.196 - - [23/Jul/2019:12:29:39 +0000] "OPTIONS /files/queryAll HTTP/1.1" 200 8 "http://172.21.6.196:8081/index.html" "Mozilla/5.0 (iPhone; CPU iPhone OS 10_3_1 like Mac OS X) AppleWebKit/603.1.30 (KHTML, like Gecko) Version/10.0 Mobile/14E304 Safari/602.1"
::ffff:172.21.6.196 - - [23/Jul/2019:12:29:39 +0000] "GET /files/queryAll HTTP/1.1" 304 - "http://172.21.6.196:8081/index.html" "Mozilla/5.0 (iPhone; CPU iPhone OS 10_3_1 like Mac OS X) AppleWebKit/603.1.30 (KHTML, like Gecko) Version/10.0 Mobile/14E304 Safari/602.1"
::ffff:172.21.171.15 - - [23/Jul/2019:12:33:46 +0000] "POST /getToken HTTP/1.1" 200 190 "-" "JSN-AL00(Android/9) WXApp(WXSample/1.0.0) Weex/0.16.0 1080x2137"
::ffff:172.21.171.15 - - [23/Jul/2019:12:40:49 +0000] "POST /getToken HTTP/1.1" 200 190 "-" "JSN-AL00(Android/9) WXApp(WXSample/0.24.0) Weex/0.24.0.1 1080x2137"
::ffff:172.21.171.15 - - [23/Jul/2019:12:41:06 +0000] "POST /getToken HTTP/1.1" 200 190 "-" "JSN-AL00(Android/9) WXApp(WXSample/1.0.0) Weex/0.16.0 1080x2137"
::ffff:172.21.171.15 - - [23/Jul/2019:12:41:08 +0000] "GET /files/queryAll HTTP/1.1" 200 834 "-" "JSN-AL00(Android/9) WXApp(WXSample/1.0.0) Weex/0.16.0 1080x2137"
::ffff:172.21.6.196 - - [23/Jul/2019:14:51:43 +0000] "OPTIONS /getToken HTTP/1.1" 200 8 "http://172.21.6.196:8081/index.html" "Mozilla/5.0 (iPhone; CPU iPhone OS 10_3_1 like Mac OS X) AppleWebKit/603.1.30 (KHTML, like Gecko) Version/10.0 Mobile/14E304 Safari/602.1"
::ffff:172.21.6.196 - - [23/Jul/2019:14:51:43 +0000] "POST /getToken HTTP/1.1" 200 190 "http://172.21.6.196:8081/index.html" "Mozilla/5.0 (iPhone; CPU iPhone OS 10_3_1 like Mac OS X) AppleWebKit/603.1.30 (KHTML, like Gecko) Version/10.0 Mobile/14E304 Safari/602.1"
::ffff:172.21.6.196 - - [23/Jul/2019:15:22:51 +0000] "OPTIONS /files/queryAll HTTP/1.1" 200 8 "http://172.21.6.196:8081/index.html" "Mozilla/5.0 (iPhone; CPU iPhone OS 10_3_1 like Mac OS X) AppleWebKit/603.1.30 (KHTML, like Gecko) Version/10.0 Mobile/14E304 Safari/602.1"
::ffff:172.21.6.196 - - [23/Jul/2019:15:22:51 +0000] "GET /files/queryAll HTTP/1.1" 304 - "http://172.21.6.196:8081/index.html" "Mozilla/5.0 (iPhone; CPU iPhone OS 10_3_1 like Mac OS X) AppleWebKit/603.1.30 (KHTML, like Gecko) Version/10.0 Mobile/14E304 Safari/602.1"
::ffff:172.21.6.196 - - [23/Jul/2019:15:22:59 +0000] "OPTIONS /files/newFile HTTP/1.1" 200 4 "http://172.21.6.196:8081/index.html" "Mozilla/5.0 (iPhone; CPU iPhone OS 10_3_1 like Mac OS X) AppleWebKit/603.1.30 (KHTML, like Gecko) Version/10.0 Mobile/14E304 Safari/602.1"
::ffff:172.21.6.196 - - [23/Jul/2019:15:22:59 +0000] "POST /files/newFile HTTP/1.1" 200 41 "http://172.21.6.196:8081/index.html" "Mozilla/5.0 (iPhone; CPU iPhone OS 10_3_1 like Mac OS X) AppleWebKit/603.1.30 (KHTML, like Gecko) Version/10.0 Mobile/14E304 Safari/602.1"
::ffff:172.21.6.196 - - [23/Jul/2019:15:23:01 +0000] "OPTIONS /files/queryAll HTTP/1.1" 200 8 "http://172.21.6.196:8081/index.html" "Mozilla/5.0 (iPhone; CPU iPhone OS 10_3_1 like Mac OS X) AppleWebKit/603.1.30 (KHTML, like Gecko) Version/10.0 Mobile/14E304 Safari/602.1"
::ffff:172.21.6.196 - - [23/Jul/2019:15:23:02 +0000] "GET /files/queryAll HTTP/1.1" 200 1224 "http://172.21.6.196:8081/index.html" "Mozilla/5.0 (iPhone; CPU iPhone OS 10_3_1 like Mac OS X) AppleWebKit/603.1.30 (KHTML, like Gecko) Version/10.0 Mobile/14E304 Safari/602.1"
::ffff:172.21.6.196 - - [23/Jul/2019:15:23:18 +0000] "OPTIONS /files/queryAll HTTP/1.1" 200 8 "http://172.21.6.196:8081/index.html" "Mozilla/5.0 (iPhone; CPU iPhone OS 10_3_1 like Mac OS X) AppleWebKit/603.1.30 (KHTML, like Gecko) Version/10.0 Mobile/14E304 Safari/602.1"
::ffff:172.21.6.196 - - [23/Jul/2019:15:23:18 +0000] "GET /files/queryAll HTTP/1.1" 304 - "http://172.21.6.196:8081/index.html" "Mozilla/5.0 (iPhone; CPU iPhone OS 10_3_1 like Mac OS X) AppleWebKit/603.1.30 (KHTML, like Gecko) Version/10.0 Mobile/14E304 Safari/602.1"
::ffff:172.21.6.196 - - [23/Jul/2019:15:25:12 +0000] "OPTIONS /getToken HTTP/1.1" 200 8 "http://172.21.6.196:8081/index.html" "Mozilla/5.0 (iPhone; CPU iPhone OS 10_3_1 like Mac OS X) AppleWebKit/603.1.30 (KHTML, like Gecko) Version/10.0 Mobile/14E304 Safari/602.1"
::ffff:172.21.6.196 - - [23/Jul/2019:15:25:13 +0000] "POST /getToken HTTP/1.1" 200 190 "http://172.21.6.196:8081/index.html" "Mozilla/5.0 (iPhone; CPU iPhone OS 10_3_1 like Mac OS X) AppleWebKit/603.1.30 (KHTML, like Gecko) Version/10.0 Mobile/14E304 Safari/602.1"
::ffff:172.21.6.196 - - [23/Jul/2019:15:26:58 +0000] "OPTIONS /getToken HTTP/1.1" 200 8 "http://172.21.6.196:8081/index.html" "Mozilla/5.0 (iPhone; CPU iPhone OS 10_3_1 like Mac OS X) AppleWebKit/603.1.30 (KHTML, like Gecko) Version/10.0 Mobile/14E304 Safari/602.1"
::ffff:172.21.6.196 - - [23/Jul/2019:15:26:58 +0000] "POST /getToken HTTP/1.1" 200 190 "http://172.21.6.196:8081/index.html" "Mozilla/5.0 (iPhone; CPU iPhone OS 10_3_1 like Mac OS X) AppleWebKit/603.1.30 (KHTML, like Gecko) Version/10.0 Mobile/14E304 Safari/602.1"
::ffff:172.21.6.196 - - [23/Jul/2019:15:28:47 +0000] "OPTIONS /getToken HTTP/1.1" 200 8 "http://172.21.6.196:8081/index.html" "Mozilla/5.0 (iPhone; CPU iPhone OS 10_3_1 like Mac OS X) AppleWebKit/603.1.30 (KHTML, like Gecko) Version/10.0 Mobile/14E304 Safari/602.1"
::ffff:172.21.6.196 - - [23/Jul/2019:15:28:48 +0000] "POST /getToken HTTP/1.1" 200 190 "http://172.21.6.196:8081/index.html" "Mozilla/5.0 (iPhone; CPU iPhone OS 10_3_1 like Mac OS X) AppleWebKit/603.1.30 (KHTML, like Gecko) Version/10.0 Mobile/14E304 Safari/602.1"
::ffff:172.21.6.196 - - [23/Jul/2019:15:30:40 +0000] "OPTIONS /getToken HTTP/1.1" 200 8 "http://172.21.6.196:8081/index.html" "Mozilla/5.0 (iPhone; CPU iPhone OS 10_3_1 like Mac OS X) AppleWebKit/603.1.30 (KHTML, like Gecko) Version/10.0 Mobile/14E304 Safari/602.1"
::ffff:172.21.6.196 - - [23/Jul/2019:15:30:40 +0000] "POST /getToken HTTP/1.1" 200 190 "http://172.21.6.196:8081/index.html" "Mozilla/5.0 (iPhone; CPU iPhone OS 10_3_1 like Mac OS X) AppleWebKit/603.1.30 (KHTML, like Gecko) Version/10.0 Mobile/14E304 Safari/602.1"
::ffff:172.21.6.205 - - [23/Jul/2019:15:31:09 +0000] "POST /getToken HTTP/1.1" 200 190 "-" "Android SDK built for x86(Android/7.0) WXApp(WXSample/1.0.0) Weex/0.16.0 1080x1794"
::ffff:172.21.6.205 - - [23/Jul/2019:15:32:22 +0000] "GET /files/queryAll HTTP/1.1" 200 1224 "-" "Android SDK built for x86(Android/7.0) WXApp(WXSample/1.0.0) Weex/0.16.0 1080x1794"
::ffff:172.21.6.205 - - [23/Jul/2019:15:32:22 +0000] "GET /files/queryAll HTTP/1.1" 200 1224 "-" "Android SDK built for x86(Android/7.0) WXApp(WXSample/1.0.0) Weex/0.16.0 1080x1794"
::ffff:172.21.6.196 - - [23/Jul/2019:15:32:24 +0000] "OPTIONS /exam/queryAll HTTP/1.1" 404 994 "http://172.21.6.196:8081/index.html" "Mozilla/5.0 (iPhone; CPU iPhone OS 10_3_1 like Mac OS X) AppleWebKit/603.1.30 (KHTML, like Gecko) Version/10.0 Mobile/14E304 Safari/602.1"
::ffff:172.21.6.196 - - [23/Jul/2019:15:32:35 +0000] "OPTIONS /files/queryAll HTTP/1.1" 200 8 "http://172.21.6.196:8081/index.html" "Mozilla/5.0 (iPhone; CPU iPhone OS 10_3_1 like Mac OS X) AppleWebKit/603.1.30 (KHTML, like Gecko) Version/10.0 Mobile/14E304 Safari/602.1"
::ffff:172.21.6.196 - - [23/Jul/2019:15:32:36 +0000] "GET /files/queryAll HTTP/1.1" 304 - "http://172.21.6.196:8081/index.html" "Mozilla/5.0 (iPhone; CPU iPhone OS 10_3_1 like Mac OS X) AppleWebKit/603.1.30 (KHTML, like Gecko) Version/10.0 Mobile/14E304 Safari/602.1"
::ffff:172.21.6.196 - - [23/Jul/2019:15:33:20 +0000] "OPTIONS /files/queryAll HTTP/1.1" 200 8 "http://172.21.6.196:8081/index.html" "Mozilla/5.0 (iPhone; CPU iPhone OS 10_3_1 like Mac OS X) AppleWebKit/603.1.30 (KHTML, like Gecko) Version/10.0 Mobile/14E304 Safari/602.1"
::ffff:172.21.6.196 - - [23/Jul/2019:15:33:20 +0000] "GET /files/queryAll HTTP/1.1" 304 - "http://172.21.6.196:8081/index.html" "Mozilla/5.0 (iPhone; CPU iPhone OS 10_3_1 like Mac OS X) AppleWebKit/603.1.30 (KHTML, like Gecko) Version/10.0 Mobile/14E304 Safari/602.1"
::ffff:172.21.6.196 - - [23/Jul/2019:15:38:57 +0000] "OPTIONS /getToken HTTP/1.1" 200 8 "http://172.21.6.196:8081/index.html" "Mozilla/5.0 (iPhone; CPU iPhone OS 10_3_1 like Mac OS X) AppleWebKit/603.1.30 (KHTML, like Gecko) Version/10.0 Mobile/14E304 Safari/602.1"
::ffff:172.21.6.196 - - [23/Jul/2019:15:38:57 +0000] "POST /getToken HTTP/1.1" 200 190 "http://172.21.6.196:8081/index.html" "Mozilla/5.0 (iPhone; CPU iPhone OS 10_3_1 like Mac OS X) AppleWebKit/603.1.30 (KHTML, like Gecko) Version/10.0 Mobile/14E304 Safari/602.1"
::ffff:172.21.120.99 - - [24/Jul/2019:01:00:01 +0000] "OPTIONS /getToken HTTP/1.1" 200 8 "http://172.21.120.99:8081/index.html" "Mozilla/5.0 (Windows NT 6.1; WOW64) AppleWebKit/537.36 (KHTML, like Gecko) Chrome/75.0.3770.142 Safari/537.36"
::ffff:172.21.120.99 - - [24/Jul/2019:01:00:01 +0000] "POST /getToken HTTP/1.1" 200 190 "http://172.21.120.99:8081/index.html" "Mozilla/5.0 (Windows NT 6.1; WOW64) AppleWebKit/537.36 (KHTML, like Gecko) Chrome/75.0.3770.142 Safari/537.36"
::ffff:172.21.171.15 - - [24/Jul/2019:01:00:31 +0000] "POST /getToken HTTP/1.1" 200 190 "-" "INE-AL00(Android/9) WXApp(WXSample/0.24.0) Weex/0.24.0.1 1080x2128"
::ffff:172.21.171.15 - - [24/Jul/2019:01:00:38 +0000] "GET /files/queryAll HTTP/1.1" 200 1224 "-" "INE-AL00(Android/9) WXApp(WXSample/0.24.0) Weex/0.24.0.1 1080x2128"
::ffff:172.21.171.16 - - [24/Jul/2019:01:40:19 +0000] "POST /getToken HTTP/1.1" 200 190 "-" "JSN-AL00(Android/9) WXApp(WXSample/1.0.0) Weex/0.16.0 1080x2137"
::ffff:172.21.171.15 - - [24/Jul/2019:01:52:15 +0000] "POST /getToken HTTP/1.1" 200 190 "-" "INE-AL00(Android/9) WXApp(WXSample/0.24.0) Weex/0.24.0.1 1080x2128"
::ffff:172.21.120.99 - - [24/Jul/2019:01:52:25 +0000] "OPTIONS /getToken HTTP/1.1" 200 8 "http://172.21.120.99:8081/index.html" "Mozilla/5.0 (Windows NT 6.1; WOW64) AppleWebKit/537.36 (KHTML, like Gecko) Chrome/75.0.3770.142 Safari/537.36"
::ffff:172.21.120.99 - - [24/Jul/2019:01:52:25 +0000] "POST /getToken HTTP/1.1" 200 190 "http://172.21.120.99:8081/index.html" "Mozilla/5.0 (Windows NT 6.1; WOW64) AppleWebKit/537.36 (KHTML, like Gecko) Chrome/75.0.3770.142 Safari/537.36"
::ffff:172.21.120.99 - - [24/Jul/2019:01:52:26 +0000] "OPTIONS /files/queryAll HTTP/1.1" 200 8 "http://172.21.120.99:8081/index.html" "Mozilla/5.0 (Windows NT 6.1; WOW64) AppleWebKit/537.36 (KHTML, like Gecko) Chrome/75.0.3770.142 Safari/537.36"
::ffff:172.21.120.99 - - [24/Jul/2019:01:52:27 +0000] "GET /files/queryAll HTTP/1.1" 200 1224 "http://172.21.120.99:8081/index.html" "Mozilla/5.0 (Windows NT 6.1; WOW64) AppleWebKit/537.36 (KHTML, like Gecko) Chrome/75.0.3770.142 Safari/537.36"
::ffff:172.21.120.99 - - [24/Jul/2019:01:52:29 +0000] "GET /files/queryAll HTTP/1.1" 304 - "http://172.21.120.99:8081/index.html" "Mozilla/5.0 (Windows NT 6.1; WOW64) AppleWebKit/537.36 (KHTML, like Gecko) Chrome/75.0.3770.142 Safari/537.36"
::ffff:172.21.120.99 - - [24/Jul/2019:01:52:35 +0000] "OPTIONS /exam/queryAll HTTP/1.1" 404 994 "http://172.21.120.99:8081/index.html" "Mozilla/5.0 (Windows NT 6.1; WOW64) AppleWebKit/537.36 (KHTML, like Gecko) Chrome/75.0.3770.142 Safari/537.36"
::ffff:172.21.171.15 - - [24/Jul/2019:01:53:04 +0000] "GET /files/queryAll HTTP/1.1" 200 1224 "-" "INE-AL00(Android/9) WXApp(WXSample/0.24.0) Weex/0.24.0.1 1080x2128"
::ffff:172.21.120.99 - - [24/Jul/2019:01:53:09 +0000] "OPTIONS /files/queryAll HTTP/1.1" 200 8 "http://172.21.120.99:8081/index.html" "Mozilla/5.0 (Windows NT 6.1; WOW64) AppleWebKit/537.36 (KHTML, like Gecko) Chrome/75.0.3770.142 Safari/537.36"
::ffff:172.21.120.99 - - [24/Jul/2019:01:53:09 +0000] "GET /files/queryAll HTTP/1.1" 304 - "http://172.21.120.99:8081/index.html" "Mozilla/5.0 (Windows NT 6.1; WOW64) AppleWebKit/537.36 (KHTML, like Gecko) Chrome/75.0.3770.142 Safari/537.36"
::ffff:172.21.171.15 - - [24/Jul/2019:02:36:57 +0000] "POST /getToken HTTP/1.1" 200 190 "-" "vivo X7(Android/5.1.1) WXApp(WXSample/1.0.0) Weex/0.16.0 1080x1920"
::ffff:172.21.171.15 - - [24/Jul/2019:02:37:00 +0000] "GET /files/queryAll HTTP/1.1" 200 1224 "-" "vivo X7(Android/5.1.1) WXApp(WXSample/1.0.0) Weex/0.16.0 1080x1920"
::ffff:172.21.171.15 - - [24/Jul/2019:02:37:00 +0000] "GET /files/queryAll HTTP/1.1" 200 1224 "-" "vivo X7(Android/5.1.1) WXApp(WXSample/1.0.0) Weex/0.16.0 1080x1920"
::ffff:172.21.6.205 - - [24/Jul/2019:03:05:20 +0000] "POST /getToken HTTP/1.1" 200 190 "-" "Android SDK built for x86(Android/7.0) WXApp(WXSample/1.0.0) Weex/0.16.0 1080x1794"
::ffff:172.21.6.205 - - [24/Jul/2019:03:05:25 +0000] "GET /files/queryAll HTTP/1.1" 200 1224 "-" "Android SDK built for x86(Android/7.0) WXApp(WXSample/1.0.0) Weex/0.16.0 1080x1794"
::ffff:172.21.6.205 - - [24/Jul/2019:03:05:25 +0000] "GET /files/queryAll HTTP/1.1" 200 1224 "-" "Android SDK built for x86(Android/7.0) WXApp(WXSample/1.0.0) Weex/0.16.0 1080x1794"
::ffff:172.21.6.205 - - [24/Jul/2019:03:08:25 +0000] "GET /files/queryAll HTTP/1.1" 200 1224 "-" "Android SDK built for x86(Android/7.0) WXApp(WXSample/1.0.0) Weex/0.16.0 1080x1794"
::ffff:172.21.6.205 - - [24/Jul/2019:03:08:25 +0000] "GET /files/queryAll HTTP/1.1" 200 1224 "-" "Android SDK built for x86(Android/7.0) WXApp(WXSample/1.0.0) Weex/0.16.0 1080x1794"
::ffff:172.21.6.205 - - [24/Jul/2019:03:09:28 +0000] "POST /getToken HTTP/1.1" 200 190 "-" "Android SDK built for x86(Android/7.0) WXApp(WXSample/1.0.0) Weex/0.16.0 1080x1794"
::ffff:172.21.6.205 - - [24/Jul/2019:03:09:29 +0000] "GET /files/queryAll HTTP/1.1" 200 1224 "-" "Android SDK built for x86(Android/7.0) WXApp(WXSample/1.0.0) Weex/0.16.0 1080x1794"
::ffff:172.21.6.205 - - [24/Jul/2019:03:09:29 +0000] "GET /files/queryAll HTTP/1.1" 200 1224 "-" "Android SDK built for x86(Android/7.0) WXApp(WXSample/1.0.0) Weex/0.16.0 1080x1794"
::ffff:172.21.6.205 - - [24/Jul/2019:03:10:16 +0000] "POST /getToken HTTP/1.1" 200 190 "-" "Android SDK built for x86(Android/7.0) WXApp(WXSample/1.0.0) Weex/0.16.0 1080x1794"
::ffff:172.21.6.205 - - [24/Jul/2019:03:10:18 +0000] "GET /files/queryAll HTTP/1.1" 200 1224 "-" "Android SDK built for x86(Android/7.0) WXApp(WXSample/1.0.0) Weex/0.16.0 1080x1794"
::ffff:172.21.6.205 - - [24/Jul/2019:03:10:18 +0000] "GET /files/queryAll HTTP/1.1" 200 1224 "-" "Android SDK built for x86(Android/7.0) WXApp(WXSample/1.0.0) Weex/0.16.0 1080x1794"
::ffff:172.21.171.16 - - [24/Jul/2019:03:10:58 +0000] "POST /getToken HTTP/1.1" 200 190 "-" "JSN-AL00(Android/9) WXApp(WXSample/1.0.0) Weex/0.16.0 1080x2137"
::ffff:172.21.171.16 - - [24/Jul/2019:03:11:00 +0000] "GET /files/queryAll HTTP/1.1" 200 1224 "-" "JSN-AL00(Android/9) WXApp(WXSample/1.0.0) Weex/0.16.0 1080x2137"
::ffff:172.21.6.205 - - [24/Jul/2019:03:13:36 +0000] "OPTIONS /getToken HTTP/1.1" 200 8 "http://172.21.6.205:8081/index.html" "Mozilla/5.0 (Windows NT 10.0; Win64; x64) AppleWebKit/537.36 (KHTML, like Gecko) Chrome/75.0.3770.142 Safari/537.36"
::ffff:172.21.6.205 - - [24/Jul/2019:03:13:36 +0000] "POST /getToken HTTP/1.1" 200 190 "http://172.21.6.205:8081/index.html" "Mozilla/5.0 (Windows NT 10.0; Win64; x64) AppleWebKit/537.36 (KHTML, like Gecko) Chrome/75.0.3770.142 Safari/537.36"
::ffff:172.21.6.205 - - [24/Jul/2019:03:13:37 +0000] "OPTIONS /files/queryAll HTTP/1.1" 200 8 "http://172.21.6.205:8081/index.html" "Mozilla/5.0 (Windows NT 10.0; Win64; x64) AppleWebKit/537.36 (KHTML, like Gecko) Chrome/75.0.3770.142 Safari/537.36"
::ffff:172.21.6.205 - - [24/Jul/2019:03:13:38 +0000] "OPTIONS /files/queryAll HTTP/1.1" 200 8 "http://172.21.6.205:8081/index.html" "Mozilla/5.0 (Windows NT 10.0; Win64; x64) AppleWebKit/537.36 (KHTML, like Gecko) Chrome/75.0.3770.142 Safari/537.36"
::ffff:172.21.6.205 - - [24/Jul/2019:03:13:38 +0000] "GET /files/queryAll HTTP/1.1" 200 1224 "http://172.21.6.205:8081/index.html" "Mozilla/5.0 (Windows NT 10.0; Win64; x64) AppleWebKit/537.36 (KHTML, like Gecko) Chrome/75.0.3770.142 Safari/537.36"
::ffff:172.21.6.205 - - [24/Jul/2019:03:13:38 +0000] "GET /files/queryAll HTTP/1.1" 200 1224 "http://172.21.6.205:8081/index.html" "Mozilla/5.0 (Windows NT 10.0; Win64; x64) AppleWebKit/537.36 (KHTML, like Gecko) Chrome/75.0.3770.142 Safari/537.36"
::ffff:172.21.6.205 - - [24/Jul/2019:03:15:08 +0000] "OPTIONS /getToken HTTP/1.1" 200 8 "http://172.21.6.205:8081/index.html" "Mozilla/5.0 (Windows NT 10.0; Win64; x64) AppleWebKit/537.36 (KHTML, like Gecko) Chrome/75.0.3770.142 Safari/537.36"
::ffff:172.21.6.205 - - [24/Jul/2019:03:15:08 +0000] "POST /getToken HTTP/1.1" 200 190 "http://172.21.6.205:8081/index.html" "Mozilla/5.0 (Windows NT 10.0; Win64; x64) AppleWebKit/537.36 (KHTML, like Gecko) Chrome/75.0.3770.142 Safari/537.36"
::ffff:172.21.6.205 - - [24/Jul/2019:03:15:08 +0000] "OPTIONS /files/queryAll HTTP/1.1" 200 8 "http://172.21.6.205:8081/index.html" "Mozilla/5.0 (Windows NT 10.0; Win64; x64) AppleWebKit/537.36 (KHTML, like Gecko) Chrome/75.0.3770.142 Safari/537.36"
::ffff:172.21.6.205 - - [24/Jul/2019:03:15:08 +0000] "OPTIONS /files/queryAll HTTP/1.1" 200 8 "http://172.21.6.205:8081/index.html" "Mozilla/5.0 (Windows NT 10.0; Win64; x64) AppleWebKit/537.36 (KHTML, like Gecko) Chrome/75.0.3770.142 Safari/537.36"
::ffff:172.21.6.205 - - [24/Jul/2019:03:15:09 +0000] "GET /files/queryAll HTTP/1.1" 200 1224 "http://172.21.6.205:8081/index.html" "Mozilla/5.0 (Windows NT 10.0; Win64; x64) AppleWebKit/537.36 (KHTML, like Gecko) Chrome/75.0.3770.142 Safari/537.36"
::ffff:172.21.6.205 - - [24/Jul/2019:03:15:09 +0000] "GET /files/queryAll HTTP/1.1" 200 1224 "http://172.21.6.205:8081/index.html" "Mozilla/5.0 (Windows NT 10.0; Win64; x64) AppleWebKit/537.36 (KHTML, like Gecko) Chrome/75.0.3770.142 Safari/537.36"
::ffff:172.21.6.205 - - [24/Jul/2019:03:15:25 +0000] "POST /getToken HTTP/1.1" 200 190 "-" "Android SDK built for x86(Android/7.0) WXApp(WXSample/1.0.0) Weex/0.16.0 1080x1794"
::ffff:172.21.6.205 - - [24/Jul/2019:03:15:27 +0000] "GET /files/queryAll HTTP/1.1" 200 1224 "-" "Android SDK built for x86(Android/7.0) WXApp(WXSample/1.0.0) Weex/0.16.0 1080x1794"
::ffff:172.21.6.205 - - [24/Jul/2019:03:15:27 +0000] "GET /files/queryAll HTTP/1.1" 200 1224 "-" "Android SDK built for x86(Android/7.0) WXApp(WXSample/1.0.0) Weex/0.16.0 1080x1794"
::ffff:172.21.6.205 - - [24/Jul/2019:03:16:05 +0000] "GET /files/queryAll HTTP/1.1" 200 1224 "-" "Android SDK built for x86(Android/7.0) WXApp(WXSample/1.0.0) Weex/0.16.0 1080x1794"
::ffff:172.21.6.205 - - [24/Jul/2019:03:16:14 +0000] "GET /files/queryAll HTTP/1.1" 200 1224 "-" "Android SDK built for x86(Android/7.0) WXApp(WXSample/1.0.0) Weex/0.16.0 1080x1794"
::ffff:172.21.171.16 - - [24/Jul/2019:03:26:27 +0000] "POST /getToken HTTP/1.1" 200 190 "-" "JSN-AL00(Android/9) WXApp(WXSample/1.0.0) Weex/0.16.0 1080x2137"
::ffff:172.21.171.16 - - [24/Jul/2019:03:26:30 +0000] "GET /files/queryAll HTTP/1.1" 200 1224 "-" "JSN-AL00(Android/9) WXApp(WXSample/1.0.0) Weex/0.16.0 1080x2137"
::ffff:172.21.171.16 - - [24/Jul/2019:03:26:30 +0000] "GET /files/queryAll HTTP/1.1" 200 1224 "-" "JSN-AL00(Android/9) WXApp(WXSample/1.0.0) Weex/0.16.0 1080x2137"
::ffff:172.21.171.16 - - [24/Jul/2019:03:26:33 +0000] "GET /files/queryAll HTTP/1.1" 200 1224 "-" "JSN-AL00(Android/9) WXApp(WXSample/1.0.0) Weex/0.16.0 1080x2137"
::ffff:172.21.171.16 - - [24/Jul/2019:03:26:34 +0000] "GET /files/queryAll HTTP/1.1" 200 1224 "-" "JSN-AL00(Android/9) WXApp(WXSample/1.0.0) Weex/0.16.0 1080x2137"
::ffff:172.21.171.16 - - [24/Jul/2019:03:26:37 +0000] "GET /files/queryAll HTTP/1.1" 200 1224 "-" "JSN-AL00(Android/9) WXApp(WXSample/1.0.0) Weex/0.16.0 1080x2137"
::ffff:172.21.171.16 - - [24/Jul/2019:03:26:39 +0000] "POST /files/deleteDir HTTP/1.1" 200 33 "-" "JSN-AL00(Android/9) WXApp(WXSample/1.0.0) Weex/0.16.0 1080x2137"
::ffff:172.21.171.16 - - [24/Jul/2019:03:26:39 +0000] "GET /files/queryAll HTTP/1.1" 200 1224 "-" "JSN-AL00(Android/9) WXApp(WXSample/1.0.0) Weex/0.16.0 1080x2137"
::ffff:172.21.171.16 - - [24/Jul/2019:03:26:54 +0000] "GET /files/queryAll HTTP/1.1" 200 1224 "-" "JSN-AL00(Android/9) WXApp(WXSample/1.0.0) Weex/0.16.0 1080x2137"
::ffff:172.21.171.16 - - [24/Jul/2019:03:26:54 +0000] "GET /files/queryAll HTTP/1.1" 200 1224 "-" "JSN-AL00(Android/9) WXApp(WXSample/1.0.0) Weex/0.16.0 1080x2137"
::ffff:172.21.171.16 - - [24/Jul/2019:03:26:58 +0000] "GET /files/queryAll HTTP/1.1" 200 1224 "-" "JSN-AL00(Android/9) WXApp(WXSample/1.0.0) Weex/0.16.0 1080x2137"
::ffff:172.21.171.16 - - [24/Jul/2019:03:26:58 +0000] "GET /files/queryAll HTTP/1.1" 200 1224 "-" "JSN-AL00(Android/9) WXApp(WXSample/1.0.0) Weex/0.16.0 1080x2137"
::ffff:172.21.171.16 - - [24/Jul/2019:03:27:05 +0000] "GET /files/queryAll HTTP/1.1" 200 1224 "-" "JSN-AL00(Android/9) WXApp(WXSample/1.0.0) Weex/0.16.0 1080x2137"
::ffff:172.21.171.16 - - [24/Jul/2019:03:27:05 +0000] "GET /files/queryAll HTTP/1.1" 200 1224 "-" "JSN-AL00(Android/9) WXApp(WXSample/1.0.0) Weex/0.16.0 1080x2137"
::ffff:172.21.171.16 - - [24/Jul/2019:03:36:09 +0000] "POST /getToken HTTP/1.1" 200 190 "-" "JSN-AL00(Android/9) WXApp(WXSample/1.0.0) Weex/0.16.0 1080x2137"
::ffff:172.21.171.16 - - [24/Jul/2019:03:36:11 +0000] "GET /files/queryAll HTTP/1.1" 200 1224 "-" "JSN-AL00(Android/9) WXApp(WXSample/1.0.0) Weex/0.16.0 1080x2137"
::ffff:172.21.171.16 - - [24/Jul/2019:03:36:11 +0000] "GET /files/queryAll HTTP/1.1" 200 1224 "-" "JSN-AL00(Android/9) WXApp(WXSample/1.0.0) Weex/0.16.0 1080x2137"
::ffff:172.21.171.16 - - [24/Jul/2019:03:36:23 +0000] "GET /files/queryAll HTTP/1.1" 200 1224 "-" "JSN-AL00(Android/9) WXApp(WXSample/1.0.0) Weex/0.16.0 1080x2137"
::ffff:172.21.171.16 - - [24/Jul/2019:03:36:27 +0000] "GET /files/queryAll HTTP/1.1" 200 1224 "-" "JSN-AL00(Android/9) WXApp(WXSample/1.0.0) Weex/0.16.0 1080x2137"
::ffff:172.21.171.16 - - [24/Jul/2019:03:36:27 +0000] "POST /files/renameFile HTTP/1.1" 200 38 "-" "JSN-AL00(Android/9) WXApp(WXSample/1.0.0) Weex/0.16.0 1080x2137"
::ffff:172.21.171.16 - - [24/Jul/2019:03:37:46 +0000] "GET /files/queryAll HTTP/1.1" 200 1227 "-" "JSN-AL00(Android/9) WXApp(WXSample/1.0.0) Weex/0.16.0 1080x2137"
::ffff:172.21.171.16 - - [24/Jul/2019:03:37:49 +0000] "POST /files/newDir HTTP/1.1" 200 44 "-" "JSN-AL00(Android/9) WXApp(WXSample/1.0.0) Weex/0.16.0 1080x2137"
::ffff:172.21.171.15 - - [24/Jul/2019:03:38:23 +0000] "POST /getToken HTTP/1.1" 200 190 "-" "INE-AL00(Android/9) WXApp(WXSample/1.0.0) Weex/0.16.0 1080x2128"
::ffff:172.21.171.15 - - [24/Jul/2019:03:38:31 +0000] "GET /files/queryAll HTTP/1.1" 200 1612 "-" "INE-AL00(Android/9) WXApp(WXSample/1.0.0) Weex/0.16.0 1080x2128"
::ffff:172.21.171.15 - - [24/Jul/2019:03:38:31 +0000] "GET /files/queryAll HTTP/1.1" 200 1612 "-" "INE-AL00(Android/9) WXApp(WXSample/1.0.0) Weex/0.16.0 1080x2128"
::ffff:172.21.171.15 - - [24/Jul/2019:03:38:35 +0000] "GET /exam/queryAll HTTP/1.1" 200 159 "-" "INE-AL00(Android/9) WXApp(WXSample/1.0.0) Weex/0.16.0 1080x2128"
::ffff:172.21.171.16 - - [24/Jul/2019:03:39:17 +0000] "POST /users/upload HTTP/1.1" 200 497 "-" "Dalvik/2.1.0 (Linux; U; Android 9; JSN-AL00 Build/HONORJSN-AL00)"
::ffff:172.21.171.16 - - [24/Jul/2019:03:39:31 +0000] "POST /getToken HTTP/1.1" 200 190 "-" "JSN-AL00(Android/9) WXApp(WXSample/1.0.0) Weex/0.16.0 1080x2137"
::ffff:172.21.171.16 - - [24/Jul/2019:03:39:38 +0000] "POST /getToken HTTP/1.1" 200 190 "-" "JSN-AL00(Android/9) WXApp(WXSample/1.0.0) Weex/0.16.0 1080x2137"
::ffff:172.21.171.16 - - [24/Jul/2019:03:40:21 +0000] "POST /getToken HTTP/1.1" 200 190 "-" "JSN-AL00(Android/9) WXApp(WXSample/1.0.0) Weex/0.16.0 1080x2137"
::ffff:172.21.171.16 - - [24/Jul/2019:03:41:18 +0000] "POST /getToken HTTP/1.1" 200 190 "-" "JSN-AL00(Android/9) WXApp(WXSample/1.0.0) Weex/0.16.0 1080x2137"
::ffff:172.21.171.16 - - [24/Jul/2019:03:41:19 +0000] "GET /files/queryAll HTTP/1.1" 200 1612 "-" "JSN-AL00(Android/9) WXApp(WXSample/1.0.0) Weex/0.16.0 1080x2137"
::ffff:172.21.171.16 - - [24/Jul/2019:03:41:19 +0000] "GET /files/queryAll HTTP/1.1" 200 1612 "-" "JSN-AL00(Android/9) WXApp(WXSample/1.0.0) Weex/0.16.0 1080x2137"
::ffff:172.21.171.16 - - [24/Jul/2019:03:41:33 +0000] "POST /getToken HTTP/1.1" 200 190 "-" "JSN-AL00(Android/9) WXApp(WXSample/1.0.0) Weex/0.16.0 1080x2137"
::ffff:172.21.171.15 - - [24/Jul/2019:03:41:40 +0000] "POST /getToken HTTP/1.1" 200 190 "-" "vivo X7(Android/5.1.1) WXApp(WXSample/1.0.0) Weex/0.16.0 1080x1920"
::ffff:172.21.171.15 - - [24/Jul/2019:03:41:42 +0000] "GET /files/queryAll HTTP/1.1" 200 1612 "-" "vivo X7(Android/5.1.1) WXApp(WXSample/1.0.0) Weex/0.16.0 1080x1920"
::ffff:172.21.171.15 - - [24/Jul/2019:03:41:42 +0000] "GET /files/queryAll HTTP/1.1" 200 1612 "-" "vivo X7(Android/5.1.1) WXApp(WXSample/1.0.0) Weex/0.16.0 1080x1920"
::ffff:172.21.171.15 - - [24/Jul/2019:03:42:12 +0000] "POST /users/upload HTTP/1.1" 200 453 "-" "Dalvik/2.1.0 (Linux; U; Android 5.1.1; vivo X7 Build/LMY47V)"
::ffff:172.21.171.15 - - [24/Jul/2019:03:42:20 +0000] "GET /files/queryAll HTTP/1.1" 200 2023 "-" "vivo X7(Android/5.1.1) WXApp(WXSample/1.0.0) Weex/0.16.0 1080x1920"
::ffff:172.21.171.15 - - [24/Jul/2019:03:42:20 +0000] "GET /files/queryAll HTTP/1.1" 200 2023 "-" "vivo X7(Android/5.1.1) WXApp(WXSample/1.0.0) Weex/0.16.0 1080x1920"
::ffff:172.21.171.15 - - [24/Jul/2019:03:42:26 +0000] "GET /files/queryAll HTTP/1.1" 200 2023 "-" "vivo X7(Android/5.1.1) WXApp(WXSample/1.0.0) Weex/0.16.0 1080x1920"
::ffff:172.21.171.15 - - [24/Jul/2019:03:42:30 +0000] "POST /files/newDir HTTP/1.1" 200 44 "-" "vivo X7(Android/5.1.1) WXApp(WXSample/1.0.0) Weex/0.16.0 1080x1920"
::ffff:172.21.171.15 - - [24/Jul/2019:03:42:49 +0000] "GET /files/queryAll HTTP/1.1" 200 2407 "-" "vivo X7(Android/5.1.1) WXApp(WXSample/1.0.0) Weex/0.16.0 1080x1920"
::ffff:172.21.171.15 - - [24/Jul/2019:03:42:49 +0000] "POST /files/deleteDir HTTP/1.1" 200 35 "-" "vivo X7(Android/5.1.1) WXApp(WXSample/1.0.0) Weex/0.16.0 1080x1920"
::ffff:172.21.171.15 - - [24/Jul/2019:03:42:49 +0000] "GET /files/queryAll HTTP/1.1" 200 2026 "-" "vivo X7(Android/5.1.1) WXApp(WXSample/1.0.0) Weex/0.16.0 1080x1920"
::ffff:172.21.171.15 - - [24/Jul/2019:03:43:04 +0000] "GET /files/queryAll HTTP/1.1" 200 2026 "-" "vivo X7(Android/5.1.1) WXApp(WXSample/1.0.0) Weex/0.16.0 1080x1920"
::ffff:172.21.171.15 - - [24/Jul/2019:03:43:10 +0000] "POST /files/renameFile HTTP/1.1" 200 38 "-" "vivo X7(Android/5.1.1) WXApp(WXSample/1.0.0) Weex/0.16.0 1080x1920"
::ffff:172.21.171.15 - - [24/Jul/2019:03:43:10 +0000] "GET /files/queryAll HTTP/1.1" 200 2027 "-" "vivo X7(Android/5.1.1) WXApp(WXSample/1.0.0) Weex/0.16.0 1080x1920"
::ffff:172.21.171.16 - - [24/Jul/2019:03:44:01 +0000] "POST /getToken HTTP/1.1" 200 190 "-" "JSN-AL00(Android/9) WXApp(WXSample/1.0.0) Weex/0.16.0 1080x2137"
::ffff:172.21.171.16 - - [24/Jul/2019:03:44:08 +0000] "GET /files/queryAll HTTP/1.1" 200 2027 "-" "JSN-AL00(Android/9) WXApp(WXSample/1.0.0) Weex/0.16.0 1080x2137"
::ffff:172.21.171.16 - - [24/Jul/2019:03:44:08 +0000] "GET /files/queryAll HTTP/1.1" 200 2027 "-" "JSN-AL00(Android/9) WXApp(WXSample/1.0.0) Weex/0.16.0 1080x2137"
::ffff:172.21.171.16 - - [24/Jul/2019:03:44:42 +0000] "POST /getToken HTTP/1.1" 200 190 "-" "JSN-AL00(Android/9) WXApp(WXSample/1.0.0) Weex/0.16.0 1080x2137"
::ffff:172.21.171.15 - - [24/Jul/2019:03:45:15 +0000] "POST /getToken HTTP/1.1" 200 190 "-" "INE-AL00(Android/9) WXApp(WXSample/1.0.0) Weex/0.16.0 1080x2128"
::ffff:172.21.171.15 - - [24/Jul/2019:03:45:20 +0000] "GET /files/queryAll HTTP/1.1" 200 2027 "-" "INE-AL00(Android/9) WXApp(WXSample/1.0.0) Weex/0.16.0 1080x2128"
::ffff:172.21.171.15 - - [24/Jul/2019:03:45:20 +0000] "GET /files/queryAll HTTP/1.1" 200 2027 "-" "INE-AL00(Android/9) WXApp(WXSample/1.0.0) Weex/0.16.0 1080x2128"
::ffff:172.21.171.15 - - [24/Jul/2019:03:45:23 +0000] "GET /files/queryAll HTTP/1.1" 200 2027 "-" "INE-AL00(Android/9) WXApp(WXSample/1.0.0) Weex/0.16.0 1080x2128"
::ffff:172.21.171.15 - - [24/Jul/2019:03:45:23 +0000] "GET /files/queryAll HTTP/1.1" 200 2027 "-" "INE-AL00(Android/9) WXApp(WXSample/1.0.0) Weex/0.16.0 1080x2128"
::ffff:172.21.171.15 - - [24/Jul/2019:03:45:44 +0000] "GET /exam/queryAll HTTP/1.1" 200 159 "-" "vivo X7(Android/5.1.1) WXApp(WXSample/1.0.0) Weex/0.16.0 1080x1920"
::ffff:172.21.171.15 - - [24/Jul/2019:03:46:32 +0000] "POST /getToken HTTP/1.1" 200 190 "-" "vivo X7(Android/5.1.1) WXApp(WXSample/1.0.0) Weex/0.16.0 1080x1920"
::ffff:172.21.171.15 - - [24/Jul/2019:04:54:49 +0000] "POST /getToken HTTP/1.1" 200 190 "-" "vivo X7(Android/5.1.1) WXApp(WXSample/1.0.0) Weex/0.16.0 1080x1920"
::ffff:172.21.171.15 - - [24/Jul/2019:04:54:54 +0000] "GET /files/queryAll HTTP/1.1" 200 2027 "-" "vivo X7(Android/5.1.1) WXApp(WXSample/1.0.0) Weex/0.16.0 1080x1920"
::ffff:172.21.171.15 - - [24/Jul/2019:04:54:54 +0000] "GET /files/queryAll HTTP/1.1" 200 2027 "-" "vivo X7(Android/5.1.1) WXApp(WXSample/1.0.0) Weex/0.16.0 1080x1920"
::ffff:172.21.171.15 - - [24/Jul/2019:04:55:09 +0000] "GET /files/queryAll HTTP/1.1" 200 2027 "-" "vivo X7(Android/5.1.1) WXApp(WXSample/1.0.0) Weex/0.16.0 1080x1920"
::ffff:172.21.171.15 - - [24/Jul/2019:04:55:47 +0000] "POST /getToken HTTP/1.1" 200 190 "-" "vivo X7(Android/5.1.1) WXApp(WXSample/1.0.0) Weex/0.16.0 1080x1920"
::ffff:172.21.171.15 - - [24/Jul/2019:04:56:53 +0000] "POST /getToken HTTP/1.1" 200 190 "-" "vivo X7(Android/5.1.1) WXApp(WXSample/1.0.0) Weex/0.16.0 1080x1920"
::ffff:172.21.171.15 - - [24/Jul/2019:04:57:11 +0000] "GET /files/queryAll HTTP/1.1" 200 2027 "-" "vivo X7(Android/5.1.1) WXApp(WXSample/1.0.0) Weex/0.16.0 1080x1920"
::ffff:172.21.171.15 - - [24/Jul/2019:04:57:11 +0000] "GET /files/queryAll HTTP/1.1" 200 2027 "-" "vivo X7(Android/5.1.1) WXApp(WXSample/1.0.0) Weex/0.16.0 1080x1920"
::ffff:172.21.171.15 - - [24/Jul/2019:04:57:46 +0000] "GET /files/queryAll HTTP/1.1" 200 2027 "-" "vivo X7(Android/5.1.1) WXApp(WXSample/1.0.0) Weex/0.16.0 1080x1920"
::ffff:172.21.171.15 - - [24/Jul/2019:04:57:57 +0000] "GET /files/queryAll HTTP/1.1" 200 2027 "-" "vivo X7(Android/5.1.1) WXApp(WXSample/1.0.0) Weex/0.16.0 1080x1920"
::ffff:172.21.171.15 - - [24/Jul/2019:04:57:59 +0000] "GET /files/queryAll HTTP/1.1" 200 2027 "-" "vivo X7(Android/5.1.1) WXApp(WXSample/1.0.0) Weex/0.16.0 1080x1920"
::ffff:172.21.171.15 - - [24/Jul/2019:04:58:03 +0000] "GET /files/queryAll HTTP/1.1" 200 2027 "-" "vivo X7(Android/5.1.1) WXApp(WXSample/1.0.0) Weex/0.16.0 1080x1920"
::ffff:172.21.171.15 - - [24/Jul/2019:04:58:04 +0000] "GET /files/queryAll HTTP/1.1" 200 2027 "-" "vivo X7(Android/5.1.1) WXApp(WXSample/1.0.0) Weex/0.16.0 1080x1920"
::ffff:172.21.171.15 - - [24/Jul/2019:05:04:38 +0000] "POST /getToken HTTP/1.1" 200 190 "-" "INE-AL00(Android/9) WXApp(WXSample/1.0.0) Weex/0.16.0 1080x2128"
::ffff:172.21.171.15 - - [24/Jul/2019:05:04:40 +0000] "GET /files/queryAll HTTP/1.1" 200 2027 "-" "INE-AL00(Android/9) WXApp(WXSample/1.0.0) Weex/0.16.0 1080x2128"
::ffff:172.21.171.15 - - [24/Jul/2019:05:04:40 +0000] "GET /files/queryAll HTTP/1.1" 200 2027 "-" "INE-AL00(Android/9) WXApp(WXSample/1.0.0) Weex/0.16.0 1080x2128"
::ffff:172.21.171.15 - - [24/Jul/2019:05:04:45 +0000] "GET /exam/queryAll HTTP/1.1" 200 159 "-" "INE-AL00(Android/9) WXApp(WXSample/1.0.0) Weex/0.16.0 1080x2128"
::ffff:172.21.171.15 - - [24/Jul/2019:05:41:59 +0000] "POST /getToken HTTP/1.1" 200 190 "-" "JSN-AL00(Android/9) WXApp(WXSample/1.0.0) Weex/0.16.0 1080x2137"
::ffff:172.21.6.196 - - [24/Jul/2019:05:43:05 +0000] "OPTIONS /getToken HTTP/1.1" 200 8 "http://172.21.6.196:8081/index.html" "Mozilla/5.0 (iPhone; CPU iPhone OS 10_3_1 like Mac OS X) AppleWebKit/603.1.30 (KHTML, like Gecko) Version/10.0 Mobile/14E304 Safari/602.1"
::ffff:172.21.6.196 - - [24/Jul/2019:05:43:05 +0000] "POST /getToken HTTP/1.1" 200 190 "http://172.21.6.196:8081/index.html" "Mozilla/5.0 (iPhone; CPU iPhone OS 10_3_1 like Mac OS X) AppleWebKit/603.1.30 (KHTML, like Gecko) Version/10.0 Mobile/14E304 Safari/602.1"
::ffff:172.21.6.196 - - [24/Jul/2019:05:45:11 +0000] "OPTIONS /getToken HTTP/1.1" 200 8 "http://172.21.6.196:8081/index.html" "Mozilla/5.0 (iPhone; CPU iPhone OS 10_3_1 like Mac OS X) AppleWebKit/603.1.30 (KHTML, like Gecko) Version/10.0 Mobile/14E304 Safari/602.1"
::ffff:172.21.6.196 - - [24/Jul/2019:05:45:11 +0000] "POST /getToken HTTP/1.1" 200 190 "http://172.21.6.196:8081/index.html" "Mozilla/5.0 (iPhone; CPU iPhone OS 10_3_1 like Mac OS X) AppleWebKit/603.1.30 (KHTML, like Gecko) Version/10.0 Mobile/14E304 Safari/602.1"
::ffff:172.21.171.15 - - [24/Jul/2019:05:46:43 +0000] "POST /getToken HTTP/1.1" 200 190 "-" "INE-AL00(Android/9) WXApp(WXSample/1.0.0) Weex/0.16.0 1080x2128"
::ffff:172.21.171.15 - - [24/Jul/2019:05:46:45 +0000] "GET /exam/queryAll HTTP/1.1" 200 159 "-" "INE-AL00(Android/9) WXApp(WXSample/1.0.0) Weex/0.16.0 1080x2128"
::ffff:172.21.6.196 - - [24/Jul/2019:05:47:43 +0000] "OPTIONS /getToken HTTP/1.1" 200 8 "http://172.21.6.196:8081/index.html" "Mozilla/5.0 (iPhone; CPU iPhone OS 10_3_1 like Mac OS X) AppleWebKit/603.1.30 (KHTML, like Gecko) Version/10.0 Mobile/14E304 Safari/602.1"
::ffff:172.21.6.196 - - [24/Jul/2019:05:47:43 +0000] "POST /getToken HTTP/1.1" 200 190 "http://172.21.6.196:8081/index.html" "Mozilla/5.0 (iPhone; CPU iPhone OS 10_3_1 like Mac OS X) AppleWebKit/603.1.30 (KHTML, like Gecko) Version/10.0 Mobile/14E304 Safari/602.1"
::ffff:172.21.6.196 - - [24/Jul/2019:05:48:44 +0000] "OPTIONS /getToken HTTP/1.1" 200 8 "http://172.21.6.196:8081/index.html" "Mozilla/5.0 (iPhone; CPU iPhone OS 10_3_1 like Mac OS X) AppleWebKit/603.1.30 (KHTML, like Gecko) Version/10.0 Mobile/14E304 Safari/602.1"
::ffff:172.21.6.196 - - [24/Jul/2019:05:48:44 +0000] "POST /getToken HTTP/1.1" 200 190 "http://172.21.6.196:8081/index.html" "Mozilla/5.0 (iPhone; CPU iPhone OS 10_3_1 like Mac OS X) AppleWebKit/603.1.30 (KHTML, like Gecko) Version/10.0 Mobile/14E304 Safari/602.1"
::ffff:172.21.120.99 - - [24/Jul/2019:05:48:49 +0000] "OPTIONS /getToken HTTP/1.1" 200 8 "http://172.21.120.99:8081/" "Mozilla/5.0 (Linux; Android 6.0; Nexus 5 Build/MRA58N) AppleWebKit/537.36 (KHTML, like Gecko) Chrome/75.0.3770.142 Mobile Safari/537.36"
::ffff:172.21.120.99 - - [24/Jul/2019:05:48:49 +0000] "POST /getToken HTTP/1.1" 200 190 "http://172.21.120.99:8081/" "Mozilla/5.0 (Linux; Android 6.0; Nexus 5 Build/MRA58N) AppleWebKit/537.36 (KHTML, like Gecko) Chrome/75.0.3770.142 Mobile Safari/537.36"
::ffff:172.21.120.99 - - [24/Jul/2019:05:48:53 +0000] "OPTIONS /exam/queryAll HTTP/1.1" 200 8 "http://172.21.120.99:8081/" "Mozilla/5.0 (Linux; Android 6.0; Nexus 5 Build/MRA58N) AppleWebKit/537.36 (KHTML, like Gecko) Chrome/75.0.3770.142 Mobile Safari/537.36"
::ffff:172.21.120.99 - - [24/Jul/2019:05:48:53 +0000] "GET /exam/queryAll HTTP/1.1" 200 159 "http://172.21.120.99:8081/" "Mozilla/5.0 (Linux; Android 6.0; Nexus 5 Build/MRA58N) AppleWebKit/537.36 (KHTML, like Gecko) Chrome/75.0.3770.142 Mobile Safari/537.36"
::ffff:172.21.120.99 - - [24/Jul/2019:05:49:01 +0000] "OPTIONS /exam/queryAll HTTP/1.1" 200 8 "http://172.21.120.99:8081/" "Mozilla/5.0 (Linux; Android 6.0; Nexus 5 Build/MRA58N) AppleWebKit/537.36 (KHTML, like Gecko) Chrome/75.0.3770.142 Mobile Safari/537.36"
::ffff:172.21.120.99 - - [24/Jul/2019:05:49:01 +0000] "GET /exam/queryAll HTTP/1.1" 304 - "http://172.21.120.99:8081/" "Mozilla/5.0 (Linux; Android 6.0; Nexus 5 Build/MRA58N) AppleWebKit/537.36 (KHTML, like Gecko) Chrome/75.0.3770.142 Mobile Safari/537.36"
::ffff:172.21.120.99 - - [24/Jul/2019:05:49:07 +0000] "OPTIONS /question/queryAll HTTP/1.1" 200 8 "http://172.21.120.99:8081/" "Mozilla/5.0 (Linux; Android 6.0; Nexus 5 Build/MRA58N) AppleWebKit/537.36 (KHTML, like Gecko) Chrome/75.0.3770.142 Mobile Safari/537.36"
::ffff:172.21.120.99 - - [24/Jul/2019:05:49:07 +0000] "GET /question/queryAll HTTP/1.1" 200 244 "http://172.21.120.99:8081/" "Mozilla/5.0 (Linux; Android 6.0; Nexus 5 Build/MRA58N) AppleWebKit/537.36 (KHTML, like Gecko) Chrome/75.0.3770.142 Mobile Safari/537.36"
::ffff:172.21.120.99 - - [24/Jul/2019:05:49:30 +0000] "OPTIONS /question/queryAll HTTP/1.1" 200 8 "http://172.21.120.99:8081/" "Mozilla/5.0 (Linux; Android 6.0; Nexus 5 Build/MRA58N) AppleWebKit/537.36 (KHTML, like Gecko) Chrome/75.0.3770.142 Mobile Safari/537.36"
::ffff:172.21.120.99 - - [24/Jul/2019:05:49:30 +0000] "GET /question/queryAll HTTP/1.1" 304 - "http://172.21.120.99:8081/" "Mozilla/5.0 (Linux; Android 6.0; Nexus 5 Build/MRA58N) AppleWebKit/537.36 (KHTML, like Gecko) Chrome/75.0.3770.142 Mobile Safari/537.36"
::ffff:172.21.120.99 - - [24/Jul/2019:05:49:31 +0000] "GET /question/queryAll HTTP/1.1" 304 - "http://172.21.120.99:8081/" "Mozilla/5.0 (Linux; Android 6.0; Nexus 5 Build/MRA58N) AppleWebKit/537.36 (KHTML, like Gecko) Chrome/75.0.3770.142 Mobile Safari/537.36"
::ffff:172.21.171.15 - - [24/Jul/2019:05:50:05 +0000] "POST /getToken HTTP/1.1" 200 190 "-" "INE-AL00(Android/9) WXApp(WXSample/0.24.0) Weex/0.24.0.1 1080x2128"
::ffff:172.21.171.15 - - [24/Jul/2019:05:50:08 +0000] "GET /exam/queryAll HTTP/1.1" 200 159 "-" "INE-AL00(Android/9) WXApp(WXSample/0.24.0) Weex/0.24.0.1 1080x2128"
::ffff:172.21.120.99 - - [24/Jul/2019:05:50:36 +0000] "OPTIONS /getToken HTTP/1.1" 200 8 "http://172.21.120.99:8081/index.html" "Mozilla/5.0 (Windows NT 6.1; WOW64) AppleWebKit/537.36 (KHTML, like Gecko) Chrome/75.0.3770.142 Safari/537.36"
::ffff:172.21.120.99 - - [24/Jul/2019:05:50:36 +0000] "POST /getToken HTTP/1.1" 200 190 "http://172.21.120.99:8081/index.html" "Mozilla/5.0 (Windows NT 6.1; WOW64) AppleWebKit/537.36 (KHTML, like Gecko) Chrome/75.0.3770.142 Safari/537.36"
::ffff:172.21.120.99 - - [24/Jul/2019:05:50:40 +0000] "OPTIONS /exam/queryAll HTTP/1.1" 200 8 "http://172.21.120.99:8081/index.html" "Mozilla/5.0 (Windows NT 6.1; WOW64) AppleWebKit/537.36 (KHTML, like Gecko) Chrome/75.0.3770.142 Safari/537.36"
::ffff:172.21.120.99 - - [24/Jul/2019:05:50:40 +0000] "GET /exam/queryAll HTTP/1.1" 304 - "http://172.21.120.99:8081/index.html" "Mozilla/5.0 (Windows NT 6.1; WOW64) AppleWebKit/537.36 (KHTML, like Gecko) Chrome/75.0.3770.142 Safari/537.36"
::ffff:172.21.120.99 - - [24/Jul/2019:05:50:49 +0000] "OPTIONS /exam/queryAll HTTP/1.1" 200 8 "http://172.21.120.99:8081/" "Mozilla/5.0 (Linux; Android 6.0; Nexus 5 Build/MRA58N) AppleWebKit/537.36 (KHTML, like Gecko) Chrome/75.0.3770.142 Mobile Safari/537.36"
::ffff:172.21.120.99 - - [24/Jul/2019:05:50:49 +0000] "GET /exam/queryAll HTTP/1.1" 304 - "http://172.21.120.99:8081/" "Mozilla/5.0 (Linux; Android 6.0; Nexus 5 Build/MRA58N) AppleWebKit/537.36 (KHTML, like Gecko) Chrome/75.0.3770.142 Mobile Safari/537.36"
::ffff:172.21.120.99 - - [24/Jul/2019:05:50:51 +0000] "OPTIONS /question/queryAll HTTP/1.1" 200 8 "http://172.21.120.99:8081/" "Mozilla/5.0 (Linux; Android 6.0; Nexus 5 Build/MRA58N) AppleWebKit/537.36 (KHTML, like Gecko) Chrome/75.0.3770.142 Mobile Safari/537.36"
::ffff:172.21.120.99 - - [24/Jul/2019:05:50:51 +0000] "GET /question/queryAll HTTP/1.1" 304 - "http://172.21.120.99:8081/" "Mozilla/5.0 (Linux; Android 6.0; Nexus 5 Build/MRA58N) AppleWebKit/537.36 (KHTML, like Gecko) Chrome/75.0.3770.142 Mobile Safari/537.36"
::ffff:172.21.120.99 - - [24/Jul/2019:05:50:53 +0000] "GET /question/queryAll HTTP/1.1" 304 - "http://172.21.120.99:8081/" "Mozilla/5.0 (Linux; Android 6.0; Nexus 5 Build/MRA58N) AppleWebKit/537.36 (KHTML, like Gecko) Chrome/75.0.3770.142 Mobile Safari/537.36"
::ffff:172.21.120.99 - - [24/Jul/2019:05:51:13 +0000] "OPTIONS /question/queryAll HTTP/1.1" 200 8 "http://172.21.120.99:8081/" "Mozilla/5.0 (Linux; Android 6.0; Nexus 5 Build/MRA58N) AppleWebKit/537.36 (KHTML, like Gecko) Chrome/75.0.3770.142 Mobile Safari/537.36"
::ffff:172.21.120.99 - - [24/Jul/2019:05:51:13 +0000] "GET /question/queryAll HTTP/1.1" 304 - "http://172.21.120.99:8081/" "Mozilla/5.0 (Linux; Android 6.0; Nexus 5 Build/MRA58N) AppleWebKit/537.36 (KHTML, like Gecko) Chrome/75.0.3770.142 Mobile Safari/537.36"
::ffff:172.21.120.99 - - [24/Jul/2019:05:51:16 +0000] "OPTIONS /exam/queryAll HTTP/1.1" 200 8 "http://172.21.120.99:8081/" "Mozilla/5.0 (Linux; Android 6.0; Nexus 5 Build/MRA58N) AppleWebKit/537.36 (KHTML, like Gecko) Chrome/75.0.3770.142 Mobile Safari/537.36"
::ffff:172.21.120.99 - - [24/Jul/2019:05:51:16 +0000] "GET /exam/queryAll HTTP/1.1" 304 - "http://172.21.120.99:8081/" "Mozilla/5.0 (Linux; Android 6.0; Nexus 5 Build/MRA58N) AppleWebKit/537.36 (KHTML, like Gecko) Chrome/75.0.3770.142 Mobile Safari/537.36"
::ffff:172.21.6.196 - - [24/Jul/2019:05:51:44 +0000] "OPTIONS /getToken HTTP/1.1" 200 8 "http://172.21.6.196:8081/index.html" "Mozilla/5.0 (iPhone; CPU iPhone OS 10_3_1 like Mac OS X) AppleWebKit/603.1.30 (KHTML, like Gecko) Version/10.0 Mobile/14E304 Safari/602.1"
::ffff:172.21.6.196 - - [24/Jul/2019:05:51:44 +0000] "POST /getToken HTTP/1.1" 200 190 "http://172.21.6.196:8081/index.html" "Mozilla/5.0 (iPhone; CPU iPhone OS 10_3_1 like Mac OS X) AppleWebKit/603.1.30 (KHTML, like Gecko) Version/10.0 Mobile/14E304 Safari/602.1"
::ffff:172.21.120.99 - - [24/Jul/2019:05:52:15 +0000] "OPTIONS /getToken HTTP/1.1" 200 8 "http://172.21.120.99:8081/" "Mozilla/5.0 (Linux; Android 6.0; Nexus 5 Build/MRA58N) AppleWebKit/537.36 (KHTML, like Gecko) Chrome/75.0.3770.142 Mobile Safari/537.36"
::ffff:172.21.120.99 - - [24/Jul/2019:05:52:15 +0000] "POST /getToken HTTP/1.1" 200 190 "http://172.21.120.99:8081/" "Mozilla/5.0 (Linux; Android 6.0; Nexus 5 Build/MRA58N) AppleWebKit/537.36 (KHTML, like Gecko) Chrome/75.0.3770.142 Mobile Safari/537.36"
::ffff:172.21.120.99 - - [24/Jul/2019:05:52:38 +0000] "OPTIONS /exam/queryAll HTTP/1.1" 200 8 "http://172.21.120.99:8081/" "Mozilla/5.0 (Linux; Android 6.0; Nexus 5 Build/MRA58N) AppleWebKit/537.36 (KHTML, like Gecko) Chrome/75.0.3770.142 Mobile Safari/537.36"
::ffff:172.21.120.99 - - [24/Jul/2019:05:52:38 +0000] "GET /exam/queryAll HTTP/1.1" 304 - "http://172.21.120.99:8081/" "Mozilla/5.0 (Linux; Android 6.0; Nexus 5 Build/MRA58N) AppleWebKit/537.36 (KHTML, like Gecko) Chrome/75.0.3770.142 Mobile Safari/537.36"
::ffff:172.21.120.99 - - [24/Jul/2019:05:52:42 +0000] "OPTIONS /question/queryAll HTTP/1.1" 200 8 "http://172.21.120.99:8081/" "Mozilla/5.0 (Linux; Android 6.0; Nexus 5 Build/MRA58N) AppleWebKit/537.36 (KHTML, like Gecko) Chrome/75.0.3770.142 Mobile Safari/537.36"
::ffff:172.21.120.99 - - [24/Jul/2019:05:52:42 +0000] "GET /question/queryAll HTTP/1.1" 304 - "http://172.21.120.99:8081/" "Mozilla/5.0 (Linux; Android 6.0; Nexus 5 Build/MRA58N) AppleWebKit/537.36 (KHTML, like Gecko) Chrome/75.0.3770.142 Mobile Safari/537.36"
::ffff:172.21.120.99 - - [24/Jul/2019:05:52:55 +0000] "OPTIONS /question/queryAll HTTP/1.1" 200 8 "http://172.21.120.99:8081/" "Mozilla/5.0 (Linux; Android 6.0; Nexus 5 Build/MRA58N) AppleWebKit/537.36 (KHTML, like Gecko) Chrome/75.0.3770.142 Mobile Safari/537.36"
::ffff:172.21.120.99 - - [24/Jul/2019:05:52:56 +0000] "GET /question/queryAll HTTP/1.1" 304 - "http://172.21.120.99:8081/" "Mozilla/5.0 (Linux; Android 6.0; Nexus 5 Build/MRA58N) AppleWebKit/537.36 (KHTML, like Gecko) Chrome/75.0.3770.142 Mobile Safari/537.36"
::ffff:172.21.120.99 - - [24/Jul/2019:05:52:57 +0000] "GET /question/queryAll HTTP/1.1" 304 - "http://172.21.120.99:8081/" "Mozilla/5.0 (Linux; Android 6.0; Nexus 5 Build/MRA58N) AppleWebKit/537.36 (KHTML, like Gecko) Chrome/75.0.3770.142 Mobile Safari/537.36"
::ffff:172.21.6.196 - - [24/Jul/2019:05:52:57 +0000] "OPTIONS /getToken HTTP/1.1" 200 8 "http://172.21.6.196:8081/index.html" "Mozilla/5.0 (iPhone; CPU iPhone OS 10_3_1 like Mac OS X) AppleWebKit/603.1.30 (KHTML, like Gecko) Version/10.0 Mobile/14E304 Safari/602.1"
::ffff:172.21.6.196 - - [24/Jul/2019:05:52:57 +0000] "POST /getToken HTTP/1.1" 200 190 "http://172.21.6.196:8081/index.html" "Mozilla/5.0 (iPhone; CPU iPhone OS 10_3_1 like Mac OS X) AppleWebKit/603.1.30 (KHTML, like Gecko) Version/10.0 Mobile/14E304 Safari/602.1"
::ffff:172.21.171.15 - - [24/Jul/2019:05:53:27 +0000] "GET /exam/queryAll HTTP/1.1" 200 159 "-" "INE-AL00(Android/9) WXApp(WXSample/0.24.0) Weex/0.24.0.1 1080x2128"
::ffff:172.21.171.15 - - [24/Jul/2019:05:53:28 +0000] "GET /exam/queryAll HTTP/1.1" 200 159 "-" "INE-AL00(Android/9) WXApp(WXSample/0.24.0) Weex/0.24.0.1 1080x2128"
::ffff:172.21.171.15 - - [24/Jul/2019:05:53:30 +0000] "POST /getToken HTTP/1.1" 200 190 "-" "INE-AL00(Android/9) WXApp(WXSample/0.24.0) Weex/0.24.0.1 1080x2128"
::ffff:172.21.171.15 - - [24/Jul/2019:05:53:34 +0000] "GET /users/queryAll HTTP/1.1" 200 154 "-" "INE-AL00(Android/9) WXApp(WXSample/0.24.0) Weex/0.24.0.1 1080x2128"
::ffff:172.21.171.15 - - [24/Jul/2019:05:53:37 +0000] "GET /exam/queryAll HTTP/1.1" 200 159 "-" "INE-AL00(Android/9) WXApp(WXSample/0.24.0) Weex/0.24.0.1 1080x2128"
::ffff:172.21.120.99 - - [24/Jul/2019:05:54:04 +0000] "OPTIONS /exam/queryAll HTTP/1.1" 200 8 "http://172.21.120.99:8081/" "Mozilla/5.0 (Linux; Android 6.0; Nexus 5 Build/MRA58N) AppleWebKit/537.36 (KHTML, like Gecko) Chrome/75.0.3770.142 Mobile Safari/537.36"
::ffff:172.21.120.99 - - [24/Jul/2019:05:54:04 +0000] "GET /exam/queryAll HTTP/1.1" 304 - "http://172.21.120.99:8081/" "Mozilla/5.0 (Linux; Android 6.0; Nexus 5 Build/MRA58N) AppleWebKit/537.36 (KHTML, like Gecko) Chrome/75.0.3770.142 Mobile Safari/537.36"
::ffff:172.21.171.15 - - [24/Jul/2019:05:56:04 +0000] "POST /getToken HTTP/1.1" 200 190 "-" "JSN-AL00(Android/9) WXApp(WXSample/1.0.0) Weex/0.16.0 1080x2137"
::ffff:172.21.171.15 - - [24/Jul/2019:05:58:13 +0000] "POST /getToken HTTP/1.1" 200 190 "-" "INE-AL00(Android/9) WXApp(WXSample/0.24.0) Weex/0.24.0.1 1080x2128"
::ffff:172.21.171.15 - - [24/Jul/2019:05:58:26 +0000] "POST /getToken HTTP/1.1" 200 190 "-" "INE-AL00(Android/9) WXApp(WXSample/0.24.0) Weex/0.24.0.1 1080x2128"
::ffff:172.21.171.15 - - [24/Jul/2019:05:58:29 +0000] "GET /exam/queryAll HTTP/1.1" 200 159 "-" "INE-AL00(Android/9) WXApp(WXSample/0.24.0) Weex/0.24.0.1 1080x2128"
::ffff:172.21.171.15 - - [24/Jul/2019:06:00:12 +0000] "POST /getToken HTTP/1.1" 200 190 "-" "INE-AL00(Android/9) WXApp(WXSample/0.24.0) Weex/0.24.0.1 1080x2128"
::ffff:172.21.171.15 - - [24/Jul/2019:06:00:14 +0000] "GET /exam/queryAll HTTP/1.1" 200 159 "-" "INE-AL00(Android/9) WXApp(WXSample/0.24.0) Weex/0.24.0.1 1080x2128"
::ffff:172.21.120.99 - - [24/Jul/2019:06:00:35 +0000] "OPTIONS /getToken HTTP/1.1" 200 8 "http://172.21.120.99:8081/index.html" "Mozilla/5.0 (Windows NT 6.1; WOW64) AppleWebKit/537.36 (KHTML, like Gecko) Chrome/75.0.3770.142 Safari/537.36"
::ffff:172.21.120.99 - - [24/Jul/2019:06:00:35 +0000] "POST /getToken HTTP/1.1" 200 190 "http://172.21.120.99:8081/index.html" "Mozilla/5.0 (Windows NT 6.1; WOW64) AppleWebKit/537.36 (KHTML, like Gecko) Chrome/75.0.3770.142 Safari/537.36"
::ffff:172.21.120.99 - - [24/Jul/2019:06:00:39 +0000] "OPTIONS /exam/queryAll HTTP/1.1" 200 8 "http://172.21.120.99:8081/index.html" "Mozilla/5.0 (Windows NT 6.1; WOW64) AppleWebKit/537.36 (KHTML, like Gecko) Chrome/75.0.3770.142 Safari/537.36"
::ffff:172.21.120.99 - - [24/Jul/2019:06:00:39 +0000] "GET /exam/queryAll HTTP/1.1" 304 - "http://172.21.120.99:8081/index.html" "Mozilla/5.0 (Windows NT 6.1; WOW64) AppleWebKit/537.36 (KHTML, like Gecko) Chrome/75.0.3770.142 Safari/537.36"
::ffff:172.21.120.99 - - [24/Jul/2019:06:00:41 +0000] "OPTIONS /question/queryAll HTTP/1.1" 200 8 "http://172.21.120.99:8081/index.html" "Mozilla/5.0 (Windows NT 6.1; WOW64) AppleWebKit/537.36 (KHTML, like Gecko) Chrome/75.0.3770.142 Safari/537.36"
::ffff:172.21.120.99 - - [24/Jul/2019:06:00:41 +0000] "GET /question/queryAll HTTP/1.1" 304 - "http://172.21.120.99:8081/index.html" "Mozilla/5.0 (Windows NT 6.1; WOW64) AppleWebKit/537.36 (KHTML, like Gecko) Chrome/75.0.3770.142 Safari/537.36"
::ffff:172.21.120.99 - - [24/Jul/2019:06:00:43 +0000] "GET /question/queryAll HTTP/1.1" 304 - "http://172.21.120.99:8081/index.html" "Mozilla/5.0 (Windows NT 6.1; WOW64) AppleWebKit/537.36 (KHTML, like Gecko) Chrome/75.0.3770.142 Safari/537.36"
::ffff:172.21.120.99 - - [24/Jul/2019:06:00:43 +0000] "GET /question/queryAll HTTP/1.1" 304 - "http://172.21.120.99:8081/index.html" "Mozilla/5.0 (Windows NT 6.1; WOW64) AppleWebKit/537.36 (KHTML, like Gecko) Chrome/75.0.3770.142 Safari/537.36"
::ffff:172.21.120.99 - - [24/Jul/2019:06:00:46 +0000] "OPTIONS /exam/queryAll HTTP/1.1" 200 8 "http://172.21.120.99:8081/index.html" "Mozilla/5.0 (Windows NT 6.1; WOW64) AppleWebKit/537.36 (KHTML, like Gecko) Chrome/75.0.3770.142 Safari/537.36"
::ffff:172.21.120.99 - - [24/Jul/2019:06:00:46 +0000] "GET /exam/queryAll HTTP/1.1" 304 - "http://172.21.120.99:8081/index.html" "Mozilla/5.0 (Windows NT 6.1; WOW64) AppleWebKit/537.36 (KHTML, like Gecko) Chrome/75.0.3770.142 Safari/537.36"
::ffff:172.21.120.99 - - [24/Jul/2019:06:00:59 +0000] "OPTIONS /getToken HTTP/1.1" 200 8 "http://172.21.120.99:8081/index.html" "Mozilla/5.0 (Windows NT 6.1; WOW64) AppleWebKit/537.36 (KHTML, like Gecko) Chrome/75.0.3770.142 Safari/537.36"
::ffff:172.21.120.99 - - [24/Jul/2019:06:00:59 +0000] "POST /getToken HTTP/1.1" 200 190 "http://172.21.120.99:8081/index.html" "Mozilla/5.0 (Windows NT 6.1; WOW64) AppleWebKit/537.36 (KHTML, like Gecko) Chrome/75.0.3770.142 Safari/537.36"
::ffff:172.21.120.99 - - [24/Jul/2019:06:01:02 +0000] "OPTIONS /exam/queryAll HTTP/1.1" 200 8 "http://172.21.120.99:8081/index.html" "Mozilla/5.0 (Windows NT 6.1; WOW64) AppleWebKit/537.36 (KHTML, like Gecko) Chrome/75.0.3770.142 Safari/537.36"
