::ffff:172.21.6.196 - - [05/Jul/2019:15:30:16 +0000] "OPTIONS /getToken HTTP/1.1" 200 8 "http://172.21.6.196:8081/index.html" "Mozilla/5.0 (iPhone; CPU iPhone OS 10_3_1 like Mac OS X) AppleWebKit/603.1.30 (KHTML, like Gecko) Version/10.0 Mobile/14E304 Safari/602.1"
::ffff:172.21.6.196 - - [05/Jul/2019:15:30:16 +0000] "POST /getToken HTTP/1.1" 200 190 "http://172.21.6.196:8081/index.html" "Mozilla/5.0 (iPhone; CPU iPhone OS 10_3_1 like Mac OS X) AppleWebKit/603.1.30 (KHTML, like Gecko) Version/10.0 Mobile/14E304 Safari/602.1"
::ffff:172.21.6.196 - - [05/Jul/2019:15:32:48 +0000] "OPTIONS /getToken HTTP/1.1" 200 8 "http://172.21.6.196:8081/index.html" "Mozilla/5.0 (iPhone; CPU iPhone OS 10_3_1 like Mac OS X) AppleWebKit/603.1.30 (KHTML, like Gecko) Version/10.0 Mobile/14E304 Safari/602.1"
::ffff:172.21.6.196 - - [05/Jul/2019:15:32:48 +0000] "POST /getToken HTTP/1.1" 200 190 "http://172.21.6.196:8081/index.html" "Mozilla/5.0 (iPhone; CPU iPhone OS 10_3_1 like Mac OS X) AppleWebKit/603.1.30 (KHTML, like Gecko) Version/10.0 Mobile/14E304 Safari/602.1"
::ffff:172.21.6.196 - - [05/Jul/2019:15:39:58 +0000] "OPTIONS /getToken HTTP/1.1" 200 8 "http://172.21.6.196:8081/index.html" "Mozilla/5.0 (iPhone; CPU iPhone OS 10_3_1 like Mac OS X) AppleWebKit/603.1.30 (KHTML, like Gecko) Version/10.0 Mobile/14E304 Safari/602.1"
::ffff:172.21.6.196 - - [05/Jul/2019:15:39:58 +0000] "POST /getToken HTTP/1.1" 200 190 "http://172.21.6.196:8081/index.html" "Mozilla/5.0 (iPhone; CPU iPhone OS 10_3_1 like Mac OS X) AppleWebKit/603.1.30 (KHTML, like Gecko) Version/10.0 Mobile/14E304 Safari/602.1"
::ffff:172.21.120.99 - - [08/Jul/2019:03:10:06 +0000] "OPTIONS /users/queryAll HTTP/1.1" 200 8 "http://172.21.120.99:8083/index.html" "Mozilla/5.0 (Windows NT 6.1; WOW64) AppleWebKit/537.36 (KHTML, like Gecko) Chrome/75.0.3770.100 Safari/537.36"
::ffff:172.21.120.99 - - [08/Jul/2019:03:10:06 +0000] "GET /users/queryAll HTTP/1.1" 401 16 "http://172.21.120.99:8083/index.html" "Mozilla/5.0 (Windows NT 6.1; WOW64) AppleWebKit/537.36 (KHTML, like Gecko) Chrome/75.0.3770.100 Safari/537.36"
::ffff:172.21.120.99 - - [08/Jul/2019:03:12:12 +0000] "OPTIONS /users/queryAll HTTP/1.1" 200 8 "http://172.21.120.99:8083/index.html" "Mozilla/5.0 (Windows NT 6.1; WOW64) AppleWebKit/537.36 (KHTML, like Gecko) Chrome/75.0.3770.100 Safari/537.36"
::ffff:172.21.120.99 - - [08/Jul/2019:03:12:13 +0000] "GET /users/queryAll HTTP/1.1" 401 16 "http://172.21.120.99:8083/index.html" "Mozilla/5.0 (Windows NT 6.1; WOW64) AppleWebKit/537.36 (KHTML, like Gecko) Chrome/75.0.3770.100 Safari/537.36"
::ffff:172.21.120.99 - - [08/Jul/2019:03:12:30 +0000] "OPTIONS /users/queryAll HTTP/1.1" 200 8 "http://172.21.120.99:8083/index.html" "Mozilla/5.0 (Windows NT 6.1; WOW64) AppleWebKit/537.36 (KHTML, like Gecko) Chrome/75.0.3770.100 Safari/537.36"
::ffff:172.21.120.99 - - [08/Jul/2019:03:12:30 +0000] "GET /users/queryAll HTTP/1.1" 401 16 "http://172.21.120.99:8083/index.html" "Mozilla/5.0 (Windows NT 6.1; WOW64) AppleWebKit/537.36 (KHTML, like Gecko) Chrome/75.0.3770.100 Safari/537.36"
::ffff:172.21.120.99 - - [08/Jul/2019:03:13:01 +0000] "GET /users/queryAll HTTP/1.1" 401 16 "-" "Mozilla/5.0 (Windows NT 6.1; WOW64) AppleWebKit/537.36 (KHTML, like Gecko) Chrome/75.0.3770.100 Safari/537.36"
::ffff:172.21.120.99 - - [08/Jul/2019:03:13:01 +0000] "GET /favicon.ico HTTP/1.1" 401 16 "http://172.21.6.196:3000/users/queryAll" "Mozilla/5.0 (Windows NT 6.1; WOW64) AppleWebKit/537.36 (KHTML, like Gecko) Chrome/75.0.3770.100 Safari/537.36"
::ffff:172.21.120.99 - - [08/Jul/2019:03:13:25 +0000] "OPTIONS /users/queryAll HTTP/1.1" 200 8 "http://172.21.120.99:8083/index.html" "Mozilla/5.0 (Windows NT 6.1; WOW64) AppleWebKit/537.36 (KHTML, like Gecko) Chrome/75.0.3770.100 Safari/537.36"
::ffff:172.21.120.99 - - [08/Jul/2019:03:13:25 +0000] "GET /users/queryAll HTTP/1.1" 401 16 "http://172.21.120.99:8083/index.html" "Mozilla/5.0 (Windows NT 6.1; WOW64) AppleWebKit/537.36 (KHTML, like Gecko) Chrome/75.0.3770.100 Safari/537.36"
::ffff:172.21.120.99 - - [08/Jul/2019:03:14:51 +0000] "OPTIONS /users/queryAll HTTP/1.1" 200 8 "http://172.21.120.99:8083/index.html" "Mozilla/5.0 (Windows NT 6.1; WOW64) AppleWebKit/537.36 (KHTML, like Gecko) Chrome/75.0.3770.100 Safari/537.36"
::ffff:172.21.120.99 - - [08/Jul/2019:03:14:51 +0000] "GET /users/queryAll HTTP/1.1" 401 16 "http://172.21.120.99:8083/index.html" "Mozilla/5.0 (Windows NT 6.1; WOW64) AppleWebKit/537.36 (KHTML, like Gecko) Chrome/75.0.3770.100 Safari/537.36"
::ffff:172.21.120.99 - - [08/Jul/2019:03:14:52 +0000] "GET /users/queryAll HTTP/1.1" 401 16 "http://172.21.120.99:8083/index.html" "Mozilla/5.0 (Windows NT 6.1; WOW64) AppleWebKit/537.36 (KHTML, like Gecko) Chrome/75.0.3770.100 Safari/537.36"
::ffff:172.21.120.99 - - [08/Jul/2019:03:15:08 +0000] "OPTIONS /users/queryAll HTTP/1.1" 200 8 "http://172.21.120.99:8083/index.html" "Mozilla/5.0 (Windows NT 6.1; WOW64) AppleWebKit/537.36 (KHTML, like Gecko) Chrome/75.0.3770.100 Safari/537.36"
::ffff:172.21.120.99 - - [08/Jul/2019:03:15:08 +0000] "GET /users/queryAll HTTP/1.1" 401 16 "http://172.21.120.99:8083/index.html" "Mozilla/5.0 (Windows NT 6.1; WOW64) AppleWebKit/537.36 (KHTML, like Gecko) Chrome/75.0.3770.100 Safari/537.36"
::ffff:172.21.120.99 - - [08/Jul/2019:03:15:09 +0000] "GET /users/queryAll HTTP/1.1" 401 16 "http://172.21.120.99:8083/index.html" "Mozilla/5.0 (Windows NT 6.1; WOW64) AppleWebKit/537.36 (KHTML, like Gecko) Chrome/75.0.3770.100 Safari/537.36"
::ffff:172.21.171.11 - - [08/Jul/2019:05:35:15 +0000] "POST /getToken HTTP/1.1" 200 33 "-" "JSN-AL00(Android/9) WXApp(WXSample/0.24.0) Weex/0.24.0.1 1080x2137"
::ffff:172.21.6.196 - - [08/Jul/2019:05:35:35 +0000] "OPTIONS /getToken HTTP/1.1" 200 8 "http://172.21.6.196:8081/index.html" "Mozilla/5.0 (iPhone; CPU iPhone OS 10_3_1 like Mac OS X) AppleWebKit/603.1.30 (KHTML, like Gecko) Version/10.0 Mobile/14E304 Safari/602.1"
::ffff:172.21.6.196 - - [08/Jul/2019:05:35:35 +0000] "POST /getToken HTTP/1.1" 200 33 "http://172.21.6.196:8081/index.html" "Mozilla/5.0 (iPhone; CPU iPhone OS 10_3_1 like Mac OS X) AppleWebKit/603.1.30 (KHTML, like Gecko) Version/10.0 Mobile/14E304 Safari/602.1"
::ffff:172.21.6.196 - - [08/Jul/2019:05:36:10 +0000] "OPTIONS /getToken HTTP/1.1" 200 8 "http://172.21.6.196:8081/index.html" "Mozilla/5.0 (iPhone; CPU iPhone OS 10_3_1 like Mac OS X) AppleWebKit/603.1.30 (KHTML, like Gecko) Version/10.0 Mobile/14E304 Safari/602.1"
::ffff:172.21.6.196 - - [08/Jul/2019:05:36:11 +0000] "POST /getToken HTTP/1.1" 200 190 "http://172.21.6.196:8081/index.html" "Mozilla/5.0 (iPhone; CPU iPhone OS 10_3_1 like Mac OS X) AppleWebKit/603.1.30 (KHTML, like Gecko) Version/10.0 Mobile/14E304 Safari/602.1"
::ffff:172.21.171.12 - - [08/Jul/2019:06:03:30 +0000] "POST /getToken HTTP/1.1" 200 190 "-" "JSN-AL00(Android/9) WXApp(WXSample/0.24.0) Weex/0.24.0.1 1080x2137"
::ffff:172.21.171.16 - - [08/Jul/2019:06:25:54 +0000] "POST /getToken HTTP/1.1" 200 190 "-" "JSN-AL00(Android/9) WXApp(WXSample/0.24.0) Weex/0.24.0.1 1080x2137"
::ffff:172.21.171.16 - - [08/Jul/2019:06:25:57 +0000] "GET /users/queryAll HTTP/1.1" 200 154 "-" "JSN-AL00(Android/9) WXApp(WXSample/0.24.0) Weex/0.24.0.1 1080x2137"
::ffff:172.21.171.11 - - [08/Jul/2019:07:08:30 +0000] "POST /getToken HTTP/1.1" 200 190 "-" "INE-AL00(Android/9) WXApp(WXSample/0.24.0) Weex/0.24.0.1 1080x2128"
::ffff:172.21.171.11 - - [08/Jul/2019:07:08:33 +0000] "GET /users/queryAll HTTP/1.1" 200 154 "-" "INE-AL00(Android/9) WXApp(WXSample/0.24.0) Weex/0.24.0.1 1080x2128"
::ffff:172.21.171.11 - - [09/Jul/2019:01:35:46 +0000] "POST /getToken HTTP/1.1" 200 190 "-" "INE-AL00(Android/9) WXApp(WXSample/0.24.0) Weex/0.24.0.1 1080x2128"
::ffff:172.21.171.11 - - [09/Jul/2019:01:35:57 +0000] "POST /getToken HTTP/1.1" 200 190 "-" "INE-AL00(Android/9) WXApp(WXSample/0.24.0) Weex/0.24.0.1 1080x2128"
::ffff:172.21.171.11 - - [09/Jul/2019:01:36:01 +0000] "GET /users/queryAll HTTP/1.1" 200 154 "-" "INE-AL00(Android/9) WXApp(WXSample/0.24.0) Weex/0.24.0.1 1080x2128"
::ffff:172.21.171.11 - - [09/Jul/2019:01:36:08 +0000] "GET /getToken HTTP/1.1" 500 1495 "-" "INE-AL00(Android/9) WXApp(WXSample/0.24.0) Weex/0.24.0.1 1080x2128"
::ffff:172.21.171.11 - - [09/Jul/2019:01:36:08 +0000] "GET /getToken HTTP/1.1" 500 1495 "-" "INE-AL00(Android/9) WXApp(WXSample/0.24.0) Weex/0.24.0.1 1080x2128"
::ffff:172.21.171.11 - - [09/Jul/2019:01:36:08 +0000] "GET /getToken HTTP/1.1" 500 1495 "-" "INE-AL00(Android/9) WXApp(WXSample/0.24.0) Weex/0.24.0.1 1080x2128"
::ffff:172.21.171.11 - - [09/Jul/2019:01:36:09 +0000] "GET /getToken HTTP/1.1" 500 1495 "-" "INE-AL00(Android/9) WXApp(WXSample/0.24.0) Weex/0.24.0.1 1080x2128"
::ffff:172.21.171.11 - - [09/Jul/2019:01:36:09 +0000] "GET /getToken HTTP/1.1" 500 1495 "-" "INE-AL00(Android/9) WXApp(WXSample/0.24.0) Weex/0.24.0.1 1080x2128"
::ffff:172.21.171.11 - - [09/Jul/2019:01:36:10 +0000] "GET /getToken HTTP/1.1" 500 1495 "-" "INE-AL00(Android/9) WXApp(WXSample/0.24.0) Weex/0.24.0.1 1080x2128"
::ffff:172.21.171.11 - - [09/Jul/2019:01:36:27 +0000] "POST /getToken HTTP/1.1" 200 190 "-" "INE-AL00(Android/9) WXApp(WXSample/0.24.0) Weex/0.24.0.1 1080x2128"
::ffff:172.21.171.11 - - [09/Jul/2019:01:37:00 +0000] "POST /getToken HTTP/1.1" 200 190 "-" "INE-AL00(Android/9) WXApp(WXSample/0.24.0) Weex/0.24.0.1 1080x2128"
::ffff:172.21.171.11 - - [09/Jul/2019:01:37:33 +0000] "GET /users/queryAll HTTP/1.1" 401 16 "-" "INE-AL00(Android/9) WXApp(WXSample/0.24.0) Weex/0.24.0.1 1080x2128"
::ffff:172.21.171.11 - - [09/Jul/2019:01:37:34 +0000] "GET /users/queryAll HTTP/1.1" 401 16 "-" "INE-AL00(Android/9) WXApp(WXSample/0.24.0) Weex/0.24.0.1 1080x2128"
::ffff:172.21.171.11 - - [09/Jul/2019:01:37:52 +0000] "POST /getToken HTTP/1.1" 200 190 "-" "INE-AL00(Android/9) WXApp(WXSample/0.24.0) Weex/0.24.0.1 1080x2128"
::ffff:172.21.171.11 - - [09/Jul/2019:01:37:56 +0000] "GET /users/queryAll HTTP/1.1" 200 154 "-" "INE-AL00(Android/9) WXApp(WXSample/0.24.0) Weex/0.24.0.1 1080x2128"
::ffff:172.21.171.11 - - [09/Jul/2019:02:28:07 +0000] "POST /getToken HTTP/1.1" 200 190 "-" "JSN-AL00(Android/9) WXApp(WXSample/0.24.0) Weex/0.24.0.1 1080x2137"
::ffff:172.21.171.11 - - [09/Jul/2019:02:28:25 +0000] "GET /getToken HTTP/1.1" 500 1495 "-" "JSN-AL00(Android/9) WXApp(WXSample/0.24.0) Weex/0.24.0.1 1080x2137"
::ffff:172.21.171.11 - - [09/Jul/2019:02:28:26 +0000] "GET /getToken HTTP/1.1" 500 1495 "-" "JSN-AL00(Android/9) WXApp(WXSample/0.24.0) Weex/0.24.0.1 1080x2137"
::ffff:172.21.171.11 - - [09/Jul/2019:02:28:26 +0000] "GET /getToken HTTP/1.1" 500 1495 "-" "JSN-AL00(Android/9) WXApp(WXSample/0.24.0) Weex/0.24.0.1 1080x2137"
::ffff:172.21.171.11 - - [09/Jul/2019:02:28:26 +0000] "GET /getToken HTTP/1.1" 500 1495 "-" "JSN-AL00(Android/9) WXApp(WXSample/0.24.0) Weex/0.24.0.1 1080x2137"
::ffff:172.21.171.11 - - [09/Jul/2019:02:28:32 +0000] "GET /users/queryAll HTTP/1.1" 200 154 "-" "JSN-AL00(Android/9) WXApp(WXSample/0.24.0) Weex/0.24.0.1 1080x2137"
::ffff:172.21.6.196 - - [09/Jul/2019:02:28:49 +0000] "OPTIONS /getToken?{%22uid%22:%22teacher1%22} HTTP/1.1" 200 8 "http://172.21.6.196:8081/index.html" "Mozilla/5.0 (Windows NT 10.0; Win64; x64) AppleWebKit/537.36 (KHTML, like Gecko) Chrome/75.0.3770.100 Safari/537.36"
::ffff:172.21.6.196 - - [09/Jul/2019:02:30:49 +0000] "GET /getToken?{%22uid%22:%22teacher1%22} HTTP/1.1" - - "http://172.21.6.196:8081/index.html" "Mozilla/5.0 (Windows NT 10.0; Win64; x64) AppleWebKit/537.36 (KHTML, like Gecko) Chrome/75.0.3770.100 Safari/537.36"
::ffff:172.21.6.196 - - [09/Jul/2019:02:31:13 +0000] "GET /getToken?{%22uid%22:%22teacher1%22} HTTP/1.1" - - "http://172.21.6.196:8081/index.html" "Mozilla/5.0 (Windows NT 10.0; Win64; x64) AppleWebKit/537.36 (KHTML, like Gecko) Chrome/75.0.3770.100 Safari/537.36"
::ffff:172.21.171.11 - - [09/Jul/2019:02:31:32 +0000] "POST /getToken HTTP/1.1" - - "-" "JSN-AL00(Android/9) WXApp(WXSample/0.24.0) Weex/0.24.0.1 1080x2137"
::ffff:172.21.6.196 - - [09/Jul/2019:02:31:57 +0000] "OPTIONS /users/queryAll HTTP/1.1" 200 8 "http://172.21.6.196:8081/index.html" "Mozilla/5.0 (Windows NT 10.0; Win64; x64) AppleWebKit/537.36 (KHTML, like Gecko) Chrome/75.0.3770.100 Safari/537.36"
::ffff:172.21.6.196 - - [09/Jul/2019:02:31:57 +0000] "GET /users/queryAll HTTP/1.1" 401 16 "http://172.21.6.196:8081/index.html" "Mozilla/5.0 (Windows NT 10.0; Win64; x64) AppleWebKit/537.36 (KHTML, like Gecko) Chrome/75.0.3770.100 Safari/537.36"
::ffff:172.21.171.11 - - [09/Jul/2019:02:37:03 +0000] "POST /getToken HTTP/1.1" - - "-" "JSN-AL00(Android/9) WXApp(WXSample/0.24.0) Weex/0.24.0.1 1080x2137"
::ffff:172.21.171.11 - - [09/Jul/2019:02:38:26 +0000] "POST /getToken HTTP/1.1" - - "-" "JSN-AL00(Android/9) WXApp(WXSample/0.24.0) Weex/0.24.0.1 1080x2137"
::ffff:172.21.171.11 - - [09/Jul/2019:02:47:23 +0000] "POST /getToken HTTP/1.1" - - "-" "JSN-AL00(Android/9) WXApp(WXSample/0.24.0) Weex/0.24.0.1 1080x2137"
::ffff:172.21.171.11 - - [09/Jul/2019:02:47:47 +0000] "GET /getToken HTTP/1.1" - - "-" "JSN-AL00(Android/9) WXApp(WXSample/0.24.0) Weex/0.24.0.1 1080x2137"
::ffff:172.21.171.11 - - [09/Jul/2019:02:47:48 +0000] "GET /getToken HTTP/1.1" - - "-" "JSN-AL00(Android/9) WXApp(WXSample/0.24.0) Weex/0.24.0.1 1080x2137"
::ffff:172.21.171.11 - - [09/Jul/2019:02:48:17 +0000] "GET /getToken HTTP/1.1" - - "-" "JSN-AL00(Android/9) WXApp(WXSample/0.24.0) Weex/0.24.0.1 1080x2137"
::ffff:172.21.171.11 - - [09/Jul/2019:02:53:48 +0000] "POST /getToken HTTP/1.1" - - "-" "JSN-AL00(Android/9) WXApp(WXSample/0.24.0) Weex/0.24.0.1 1080x2137"
::ffff:172.21.6.196 - - [09/Jul/2019:03:07:15 +0000] "POST /getToken HTTP/1.1" - - "-" "Android SDK built for x86(Android/8.1.0) WXApp(WXSample/1.0.0) Weex/0.16.0 1080x1776"
::ffff:172.21.171.11 - - [09/Jul/2019:03:09:34 +0000] "POST /getToken HTTP/1.1" - - "-" "JSN-AL00(Android/9) WXApp(WXSample/0.24.0) Weex/0.24.0.1 1080x2137"
::ffff:172.21.171.11 - - [09/Jul/2019:03:17:44 +0000] "POST /getToken HTTP/1.1" - - "-" "JSN-AL00(Android/9) WXApp(WXSample/0.24.0) Weex/0.24.0.1 1080x2137"
::ffff:172.21.6.196 - - [09/Jul/2019:03:27:58 +0000] "POST /getToken HTTP/1.1" - - "-" "Android SDK built for x86(Android/8.1.0) WXApp(WXSample/1.0.0) Weex/0.16.0 1080x1776"
::ffff:172.21.171.11 - - [09/Jul/2019:03:28:53 +0000] "POST /getToken HTTP/1.1" - - "-" "JSN-AL00(Android/9) WXApp(WXSample/0.24.0) Weex/0.24.0.1 1080x2137"
::ffff:172.21.171.11 - - [09/Jul/2019:03:30:12 +0000] "POST /getToken HTTP/1.1" - - "-" "JSN-AL00(Android/9) WXApp(WXSample/0.24.0) Weex/0.24.0.1 1080x2137"
::ffff:172.21.171.11 - - [09/Jul/2019:03:31:58 +0000] "POST /getToken HTTP/1.1" - - "-" "JSN-AL00(Android/9) WXApp(WXSample/0.24.0) Weex/0.24.0.1 1080x2137"
::ffff:172.21.6.196 - - [09/Jul/2019:03:32:26 +0000] "POST /getToken HTTP/1.1" - - "-" "Android SDK built for x86(Android/8.1.0) WXApp(WXSample/1.0.0) Weex/0.16.0 1080x1776"
::ffff:172.21.6.196 - - [09/Jul/2019:03:33:41 +0000] "POST /getToken HTTP/1.1" - - "-" "Android SDK built for x86(Android/8.1.0) WXApp(WXSample/1.0.0) Weex/0.16.0 1080x1776"
::ffff:172.21.6.196 - - [09/Jul/2019:03:34:07 +0000] "POST /getToken HTTP/1.1" - - "-" "Android SDK built for x86(Android/8.1.0) WXApp(WXSample/1.0.0) Weex/0.16.0 1080x1776"
::ffff:172.21.6.196 - - [09/Jul/2019:03:34:41 +0000] "POST /getToken HTTP/1.1" - - "-" "Android SDK built for x86(Android/8.1.0) WXApp(WXSample/1.0.0) Weex/0.16.0 1080x1776"
::ffff:172.21.6.196 - - [09/Jul/2019:03:40:11 +0000] "POST /getToken HTTP/1.1" - - "-" "Android SDK built for x86(Android/8.1.0) WXApp(WXSample/1.0.0) Weex/0.16.0 1080x1776"
::ffff:172.21.6.196 - - [09/Jul/2019:03:40:50 +0000] "POST /getToken HTTP/1.1" - - "-" "Android SDK built for x86(Android/8.1.0) WXApp(WXSample/1.0.0) Weex/0.16.0 1080x1776"
::ffff:172.21.6.205 - - [09/Jul/2019:06:45:14 +0000] "OPTIONS /files/queryAll HTTP/1.1" 404 994 "http://172.21.6.205:8083/index.html" "Mozilla/5.0 (Windows NT 10.0; Win64; x64) AppleWebKit/537.36 (KHTML, like Gecko) Chrome/75.0.3770.100 Safari/537.36"
::ffff:172.21.171.15 - - [09/Jul/2019:06:45:45 +0000] "GET /files/queryAll HTTP/1.1" 401 16 "-" "vivo X7(Android/5.1.1) WXApp(WXSample/0.24.0) Weex/0.24.0.1 1080x1920"
::ffff:172.21.6.205 - - [09/Jul/2019:06:52:08 +0000] "GET /files/queryAll HTTP/1.1" 401 16 "-" "Android SDK built for x86(Android/8.0.0) WXApp(WXSample/1.0.0) Weex/0.20.3.0-beta 480x800"
::ffff:172.21.6.205 - - [09/Jul/2019:06:57:56 +0000] "GET /files/queryAll HTTP/1.1" 401 16 "-" "Android SDK built for x86(Android/8.0.0) WXApp(WXSample/1.0.0) Weex/0.20.3.0-beta 480x800"
::ffff:172.21.6.205 - - [09/Jul/2019:06:59:34 +0000] "OPTIONS /files/queryAll HTTP/1.1" 404 994 "http://172.21.6.205:8083/index.html" "Mozilla/5.0 (Windows NT 10.0; Win64; x64) AppleWebKit/537.36 (KHTML, like Gecko) Chrome/75.0.3770.100 Safari/537.36"
::ffff:172.21.6.205 - - [09/Jul/2019:07:22:53 +0000] "OPTIONS /files/queryAll HTTP/1.1" 404 994 "http://172.21.6.205:8083/index.html" "Mozilla/5.0 (Windows NT 10.0; Win64; x64) AppleWebKit/537.36 (KHTML, like Gecko) Chrome/75.0.3770.100 Safari/537.36"
::ffff:172.21.6.205 - - [09/Jul/2019:07:24:55 +0000] "OPTIONS /files/queryAll HTTP/1.1" 404 994 "http://172.21.6.205:8083/index.html" "Mozilla/5.0 (Windows NT 10.0; Win64; x64) AppleWebKit/537.36 (KHTML, like Gecko) Chrome/75.0.3770.100 Safari/537.36"
::ffff:172.21.6.205 - - [09/Jul/2019:07:31:11 +0000] "OPTIONS /files/queryAll HTTP/1.1" 404 994 "http://172.21.6.205:8083/index.html" "Mozilla/5.0 (Windows NT 10.0; Win64; x64) AppleWebKit/537.36 (KHTML, like Gecko) Chrome/75.0.3770.100 Safari/537.36"
::ffff:172.21.6.205 - - [09/Jul/2019:07:31:44 +0000] "OPTIONS /files/queryAll HTTP/1.1" 404 994 "http://172.21.6.205:8083/index.html" "Mozilla/5.0 (Windows NT 10.0; Win64; x64) AppleWebKit/537.36 (KHTML, like Gecko) Chrome/75.0.3770.100 Safari/537.36"
::ffff:172.21.6.196 - - [09/Jul/2019:07:41:25 +0000] "POST /getToken HTTP/1.1" - - "-" "Android SDK built for x86(Android/8.1.0) WXApp(WXSample/1.0.0) Weex/0.16.0 1080x1776"
::ffff:172.21.6.196 - - [09/Jul/2019:07:58:57 +0000] "POST /getToken HTTP/1.1" - - "-" "Android SDK built for x86(Android/8.1.0) WXApp(WXSample/1.0.0) Weex/0.16.0 1080x1776"
::ffff:172.21.171.16 - - [09/Jul/2019:08:08:56 +0000] "POST /getToken HTTP/1.1" - - "-" "JSN-AL00(Android/9) WXApp(WXSample/1.0.0) Weex/0.16.0 1080x2137"
::ffff:172.21.6.196 - - [09/Jul/2019:08:47:19 +0000] "POST /getToken HTTP/1.1" - - "-" "Android SDK built for x86(Android/8.1.0) WXApp(WXSample/1.0.0) Weex/0.16.0 1080x1776"
::ffff:172.21.6.196 - - [09/Jul/2019:08:48:31 +0000] "POST /getToken HTTP/1.1" - - "-" "Android SDK built for x86(Android/8.1.0) WXApp(WXSample/1.0.0) Weex/0.16.0 1080x1776"
::ffff:172.21.6.196 - - [09/Jul/2019:08:49:00 +0000] "POST /getToken HTTP/1.1" - - "-" "Android SDK built for x86(Android/8.1.0) WXApp(WXSample/1.0.0) Weex/0.16.0 1080x1776"
::ffff:172.21.171.16 - - [09/Jul/2019:08:54:24 +0000] "POST /getToken HTTP/1.1" - - "-" "JSN-AL00(Android/9) WXApp(WXSample/0.24.0) Weex/0.24.0.1 1080x2137"
::ffff:172.21.6.196 - - [09/Jul/2019:08:55:03 +0000] "POST /getToken HTTP/1.1" - - "-" "Android SDK built for x86(Android/8.1.0) WXApp(WXSample/1.0.0) Weex/0.16.0 1080x1776"
::ffff:172.21.6.196 - - [09/Jul/2019:08:55:23 +0000] "POST /getToken HTTP/1.1" - - "-" "Android SDK built for x86(Android/8.1.0) WXApp(WXSample/1.0.0) Weex/0.16.0 1080x1776"
::ffff:172.21.6.196 - - [09/Jul/2019:08:56:51 +0000] "POST /getToken HTTP/1.1" - - "-" "Android SDK built for x86(Android/8.1.0) WXApp(WXSample/1.0.0) Weex/0.16.0 1080x1776"
::ffff:172.21.6.196 - - [09/Jul/2019:08:57:06 +0000] "POST /getToken HTTP/1.1" - - "-" "Android SDK built for x86(Android/8.1.0) WXApp(WXSample/1.0.0) Weex/0.16.0 1080x1776"
::ffff:172.21.171.16 - - [09/Jul/2019:09:02:26 +0000] "POST /getToken HTTP/1.1" - - "-" "JSN-AL00(Android/9) WXApp(WXSample/1.0.0) Weex/0.16.0 1080x2137"
::ffff:172.21.171.16 - - [09/Jul/2019:09:03:02 +0000] "POST /getToken HTTP/1.1" - - "-" "JSN-AL00(Android/9) WXApp(WXSample/1.0.0) Weex/0.16.0 1080x2137"
::ffff:172.21.6.196 - - [09/Jul/2019:09:18:56 +0000] "POST /getToken HTTP/1.1" - - "-" "Android SDK built for x86(Android/8.1.0) WXApp(WXSample/1.0.0) Weex/0.16.0 1080x1776"
::ffff:172.21.6.196 - - [09/Jul/2019:09:20:25 +0000] "POST /getToken HTTP/1.1" - - "-" "Android SDK built for x86(Android/8.1.0) WXApp(WXSample/1.0.0) Weex/0.16.0 1080x1776"
::ffff:172.21.6.196 - - [09/Jul/2019:09:20:39 +0000] "POST /getToken HTTP/1.1" - - "-" "Android SDK built for x86(Android/8.1.0) WXApp(WXSample/1.0.0) Weex/0.16.0 1080x1776"
::ffff:172.21.6.196 - - [09/Jul/2019:09:27:46 +0000] "POST /getToken HTTP/1.1" - - "-" "Android SDK built for x86(Android/8.1.0) WXApp(WXSample/1.0.0) Weex/0.16.0 1080x1776"
::ffff:172.21.6.196 - - [09/Jul/2019:09:33:20 +0000] "GET /getToken HTTP/1.1" - - "-" "Android SDK built for x86(Android/8.1.0) WXApp(WXSample/1.0.0) Weex/0.16.0 1080x1776"
::ffff:172.21.6.196 - - [09/Jul/2019:10:42:42 +0000] "POST /getToken HTTP/1.1" 200 190 "-" "Android SDK built for x86(Android/8.1.0) WXApp(WXSample/1.0.0) Weex/0.16.0 1080x1776"
::ffff:172.21.6.196 - - [09/Jul/2019:10:50:45 +0000] "POST /getToken HTTP/1.1" 200 190 "-" "Android SDK built for x86(Android/8.1.0) WXApp(WXSample/1.0.0) Weex/0.16.0 1080x1776"
::ffff:172.21.6.196 - - [09/Jul/2019:11:21:13 +0000] "OPTIONS /users/queryAll HTTP/1.1" 200 8 "http://172.21.6.196:8081/index.html" "Mozilla/5.0 (Windows NT 10.0; Win64; x64) AppleWebKit/537.36 (KHTML, like Gecko) Chrome/75.0.3770.100 Safari/537.36"
::ffff:172.21.6.196 - - [09/Jul/2019:11:21:14 +0000] "GET /users/queryAll HTTP/1.1" 401 16 "http://172.21.6.196:8081/index.html" "Mozilla/5.0 (Windows NT 10.0; Win64; x64) AppleWebKit/537.36 (KHTML, like Gecko) Chrome/75.0.3770.100 Safari/537.36"
::ffff:172.21.6.196 - - [09/Jul/2019:11:21:42 +0000] "OPTIONS /getToken?{%22uid%22:%22teacher1%22} HTTP/1.1" 200 8 "http://172.21.6.196:8081/index.html" "Mozilla/5.0 (Windows NT 10.0; Win64; x64) AppleWebKit/537.36 (KHTML, like Gecko) Chrome/75.0.3770.100 Safari/537.36"
::ffff:172.21.6.196 - - [09/Jul/2019:11:21:42 +0000] "GET /getToken?{%22uid%22:%22teacher1%22} HTTP/1.1" 500 1495 "http://172.21.6.196:8081/index.html" "Mozilla/5.0 (Windows NT 10.0; Win64; x64) AppleWebKit/537.36 (KHTML, like Gecko) Chrome/75.0.3770.100 Safari/537.36"
::ffff:172.21.6.196 - - [09/Jul/2019:11:24:23 +0000] "OPTIONS /getToken HTTP/1.1" 200 8 "http://172.21.6.196:8081/" "Mozilla/5.0 (iPhone; CPU iPhone OS 10_3_1 like Mac OS X) AppleWebKit/603.1.30 (KHTML, like Gecko) Version/10.0 Mobile/14E304 Safari/602.1"
::ffff:172.21.6.196 - - [09/Jul/2019:11:24:24 +0000] "POST /getToken HTTP/1.1" 200 190 "http://172.21.6.196:8081/" "Mozilla/5.0 (iPhone; CPU iPhone OS 10_3_1 like Mac OS X) AppleWebKit/603.1.30 (KHTML, like Gecko) Version/10.0 Mobile/14E304 Safari/602.1"
::ffff:172.21.6.196 - - [10/Jul/2019:02:39:02 +0000] "POST /getToken HTTP/1.1" - - "-" "Android SDK built for x86(Android/8.1.0) WXApp(WXSample/1.0.0) Weex/0.16.0 1080x1776"
::ffff:172.21.6.196 - - [10/Jul/2019:02:45:33 +0000] "OPTIONS /getToken HTTP/1.1" 200 8 "http://172.21.6.196:8081/index.html" "Mozilla/5.0 (iPhone; CPU iPhone OS 10_3_1 like Mac OS X) AppleWebKit/603.1.30 (KHTML, like Gecko) Version/10.0 Mobile/14E304 Safari/602.1"
::ffff:172.21.6.196 - - [10/Jul/2019:02:45:34 +0000] "POST /getToken HTTP/1.1" 200 190 "http://172.21.6.196:8081/index.html" "Mozilla/5.0 (iPhone; CPU iPhone OS 10_3_1 like Mac OS X) AppleWebKit/603.1.30 (KHTML, like Gecko) Version/10.0 Mobile/14E304 Safari/602.1"
::ffff:172.21.6.196 - - [10/Jul/2019:02:56:30 +0000] "POST /getToken HTTP/1.1" 200 190 "-" "Android SDK built for x86(Android/8.1.0) WXApp(WXSample/1.0.0) Weex/0.16.0 1080x1776"
::ffff:172.21.6.75 - - [10/Jul/2019:03:07:05 +0000] "OPTIONS /getToken HTTP/1.1" 200 8 "http://172.21.6.75:8081/index.html" "Mozilla/5.0 (Windows NT 10.0; Win64; x64) AppleWebKit/537.36 (KHTML, like Gecko) Chrome/75.0.3770.100 Safari/537.36"
::ffff:172.21.6.75 - - [10/Jul/2019:03:07:05 +0000] "POST /getToken HTTP/1.1" 200 33 "http://172.21.6.75:8081/index.html" "Mozilla/5.0 (Windows NT 10.0; Win64; x64) AppleWebKit/537.36 (KHTML, like Gecko) Chrome/75.0.3770.100 Safari/537.36"
::ffff:172.21.6.75 - - [10/Jul/2019:03:07:07 +0000] "OPTIONS /getToken HTTP/1.1" 200 8 "http://172.21.6.75:8081/index.html" "Mozilla/5.0 (Windows NT 10.0; Win64; x64) AppleWebKit/537.36 (KHTML, like Gecko) Chrome/75.0.3770.100 Safari/537.36"
::ffff:172.21.6.75 - - [10/Jul/2019:03:07:07 +0000] "POST /getToken HTTP/1.1" 200 33 "http://172.21.6.75:8081/index.html" "Mozilla/5.0 (Windows NT 10.0; Win64; x64) AppleWebKit/537.36 (KHTML, like Gecko) Chrome/75.0.3770.100 Safari/537.36"
::ffff:172.21.6.75 - - [10/Jul/2019:03:08:45 +0000] "OPTIONS /getToken HTTP/1.1" 200 8 "http://172.21.6.75:8081/index.html" "Mozilla/5.0 (Windows NT 10.0; Win64; x64) AppleWebKit/537.36 (KHTML, like Gecko) Chrome/75.0.3770.100 Safari/537.36"
::ffff:172.21.6.75 - - [10/Jul/2019:03:08:45 +0000] "POST /getToken HTTP/1.1" 200 33 "http://172.21.6.75:8081/index.html" "Mozilla/5.0 (Windows NT 10.0; Win64; x64) AppleWebKit/537.36 (KHTML, like Gecko) Chrome/75.0.3770.100 Safari/537.36"
::ffff:172.21.6.75 - - [10/Jul/2019:03:11:58 +0000] "OPTIONS /getToken HTTP/1.1" 200 8 "http://172.21.6.75:8081/index.html" "Mozilla/5.0 (Windows NT 10.0; Win64; x64) AppleWebKit/537.36 (KHTML, like Gecko) Chrome/75.0.3770.100 Safari/537.36"
::ffff:172.21.6.75 - - [10/Jul/2019:03:11:58 +0000] "POST /getToken HTTP/1.1" 200 33 "http://172.21.6.75:8081/index.html" "Mozilla/5.0 (Windows NT 10.0; Win64; x64) AppleWebKit/537.36 (KHTML, like Gecko) Chrome/75.0.3770.100 Safari/537.36"
::ffff:172.21.6.205 - - [10/Jul/2019:03:23:48 +0000] "OPTIONS /files/queryAll HTTP/1.1" 404 994 "http://172.29.80.1:8083/index.html" "Mozilla/5.0 (Windows NT 10.0; Win64; x64) AppleWebKit/537.36 (KHTML, like Gecko) Chrome/75.0.3770.100 Safari/537.36"
::ffff:172.21.6.196 - - [10/Jul/2019:03:37:12 +0000] "POST /getToken HTTP/1.1" 200 190 "-" "Android SDK built for x86(Android/8.1.0) WXApp(WXSample/1.0.0) Weex/0.16.0 1080x1776"
::ffff:172.21.6.75 - - [10/Jul/2019:03:40:52 +0000] "OPTIONS /getToken HTTP/1.1" 200 8 "http://172.21.6.75:8081/index.html" "Mozilla/5.0 (Windows NT 10.0; Win64; x64) AppleWebKit/537.36 (KHTML, like Gecko) Chrome/75.0.3770.100 Safari/537.36"
::ffff:172.21.6.75 - - [10/Jul/2019:03:40:52 +0000] "POST /getToken HTTP/1.1" 200 33 "http://172.21.6.75:8081/index.html" "Mozilla/5.0 (Windows NT 10.0; Win64; x64) AppleWebKit/537.36 (KHTML, like Gecko) Chrome/75.0.3770.100 Safari/537.36"
::ffff:172.21.6.75 - - [10/Jul/2019:03:40:53 +0000] "OPTIONS /getToken HTTP/1.1" 200 8 "http://172.21.6.75:8081/index.html" "Mozilla/5.0 (Windows NT 10.0; Win64; x64) AppleWebKit/537.36 (KHTML, like Gecko) Chrome/75.0.3770.100 Safari/537.36"
::ffff:172.21.6.75 - - [10/Jul/2019:03:40:53 +0000] "POST /getToken HTTP/1.1" 200 33 "http://172.21.6.75:8081/index.html" "Mozilla/5.0 (Windows NT 10.0; Win64; x64) AppleWebKit/537.36 (KHTML, like Gecko) Chrome/75.0.3770.100 Safari/537.36"
::ffff:172.21.6.75 - - [10/Jul/2019:03:40:54 +0000] "OPTIONS /getToken HTTP/1.1" 200 8 "http://172.21.6.75:8081/index.html" "Mozilla/5.0 (Windows NT 10.0; Win64; x64) AppleWebKit/537.36 (KHTML, like Gecko) Chrome/75.0.3770.100 Safari/537.36"
::ffff:172.21.6.75 - - [10/Jul/2019:03:40:54 +0000] "POST /getToken HTTP/1.1" 200 33 "http://172.21.6.75:8081/index.html" "Mozilla/5.0 (Windows NT 10.0; Win64; x64) AppleWebKit/537.36 (KHTML, like Gecko) Chrome/75.0.3770.100 Safari/537.36"
::ffff:172.21.6.75 - - [10/Jul/2019:04:19:23 +0000] "OPTIONS /getToken HTTP/1.1" 200 8 "http://172.21.6.75:8081/index.html" "Mozilla/5.0 (Windows NT 10.0; Win64; x64) AppleWebKit/537.36 (KHTML, like Gecko) Chrome/75.0.3770.100 Safari/537.36"
::ffff:172.21.6.75 - - [10/Jul/2019:04:19:23 +0000] "POST /getToken HTTP/1.1" 200 33 "http://172.21.6.75:8081/index.html" "Mozilla/5.0 (Windows NT 10.0; Win64; x64) AppleWebKit/537.36 (KHTML, like Gecko) Chrome/75.0.3770.100 Safari/537.36"
::ffff:172.21.6.75 - - [10/Jul/2019:04:32:30 +0000] "OPTIONS /getToken HTTP/1.1" 200 8 "http://172.21.6.75:8081/index.html" "Mozilla/5.0 (Windows NT 10.0; Win64; x64) AppleWebKit/537.36 (KHTML, like Gecko) Chrome/75.0.3770.100 Safari/537.36"
::ffff:172.21.6.75 - - [10/Jul/2019:04:32:30 +0000] "POST /getToken HTTP/1.1" 200 33 "http://172.21.6.75:8081/index.html" "Mozilla/5.0 (Windows NT 10.0; Win64; x64) AppleWebKit/537.36 (KHTML, like Gecko) Chrome/75.0.3770.100 Safari/537.36"
::ffff:172.21.120.99 - - [10/Jul/2019:04:37:54 +0000] "OPTIONS /users/queryAll HTTP/1.1" 200 8 "http://172.21.120.99:8081/index.html" "Mozilla/5.0 (Windows NT 6.1; WOW64) AppleWebKit/537.36 (KHTML, like Gecko) Chrome/75.0.3770.100 Safari/537.36"
::ffff:172.21.120.99 - - [10/Jul/2019:04:37:54 +0000] "GET /users/queryAll HTTP/1.1" 401 16 "http://172.21.120.99:8081/index.html" "Mozilla/5.0 (Windows NT 6.1; WOW64) AppleWebKit/537.36 (KHTML, like Gecko) Chrome/75.0.3770.100 Safari/537.36"
::ffff:172.21.6.196 - - [10/Jul/2019:05:54:46 +0000] "OPTIONS /getToken HTTP/1.1" 200 8 "http://172.21.6.196:8081/index.html" "Mozilla/5.0 (Windows NT 10.0; Win64; x64) AppleWebKit/537.36 (KHTML, like Gecko) Chrome/75.0.3770.100 Safari/537.36"
::ffff:172.21.6.196 - - [10/Jul/2019:05:54:46 +0000] "POST /getToken HTTP/1.1" 200 33 "http://172.21.6.196:8081/index.html" "Mozilla/5.0 (Windows NT 10.0; Win64; x64) AppleWebKit/537.36 (KHTML, like Gecko) Chrome/75.0.3770.100 Safari/537.36"
::ffff:172.21.6.196 - - [10/Jul/2019:05:55:26 +0000] "OPTIONS /getToken HTTP/1.1" 200 8 "http://172.21.6.196:8081/index.html" "Mozilla/5.0 (iPhone; CPU iPhone OS 10_3_1 like Mac OS X) AppleWebKit/603.1.30 (KHTML, like Gecko) Version/10.0 Mobile/14E304 Safari/602.1"
::ffff:172.21.6.196 - - [10/Jul/2019:05:55:26 +0000] "POST /getToken HTTP/1.1" 200 190 "http://172.21.6.196:8081/index.html" "Mozilla/5.0 (iPhone; CPU iPhone OS 10_3_1 like Mac OS X) AppleWebKit/603.1.30 (KHTML, like Gecko) Version/10.0 Mobile/14E304 Safari/602.1"
::ffff:172.21.6.75 - - [10/Jul/2019:06:00:24 +0000] "POST /getToken HTTP/1.1" 200 190 "-" "JSN-AL00(Android/9) WXApp(WXSample/0.24.0) Weex/0.24.0.1 1080x2137"
::ffff:172.21.6.75 - - [10/Jul/2019:06:27:59 +0000] "POST /getToken HTTP/1.1" 200 190 "-" "JSN-AL00(Android/9) WXApp(WXSample/0.24.0) Weex/0.24.0.1 1080x2137"
::ffff:172.21.6.75 - - [10/Jul/2019:06:28:07 +0000] "GET /users/queryAll HTTP/1.1" 200 154 "-" "JSN-AL00(Android/9) WXApp(WXSample/0.24.0) Weex/0.24.0.1 1080x2137"
::ffff:172.21.6.205 - - [10/Jul/2019:09:10:49 +0000] "OPTIONS /getToken HTTP/1.1" 200 8 "http://172.29.80.1:8081/index.html" "Mozilla/5.0 (Windows NT 10.0; Win64; x64) AppleWebKit/537.36 (KHTML, like Gecko) Chrome/75.0.3770.100 Safari/537.36"
::ffff:172.21.6.205 - - [10/Jul/2019:09:10:52 +0000] "POST /getToken HTTP/1.1" 200 190 "http://172.29.80.1:8081/index.html" "Mozilla/5.0 (Windows NT 10.0; Win64; x64) AppleWebKit/537.36 (KHTML, like Gecko) Chrome/75.0.3770.100 Safari/537.36"
::ffff:172.21.6.205 - - [10/Jul/2019:09:10:54 +0000] "OPTIONS /files/queryAll HTTP/1.1" 404 994 "http://172.29.80.1:8081/index.html" "Mozilla/5.0 (Windows NT 10.0; Win64; x64) AppleWebKit/537.36 (KHTML, like Gecko) Chrome/75.0.3770.100 Safari/537.36"
::ffff:172.21.6.196 - - [10/Jul/2019:09:40:02 +0000] "OPTIONS /users/queryAll HTTP/1.1" 200 8 "http://172.21.6.196:8081/" "Mozilla/5.0 (iPhone; CPU iPhone OS 10_3_1 like Mac OS X) AppleWebKit/603.1.30 (KHTML, like Gecko) Version/10.0 Mobile/14E304 Safari/602.1"
::ffff:172.21.6.196 - - [10/Jul/2019:09:40:03 +0000] "GET /users/queryAll HTTP/1.1" 401 16 "http://172.21.6.196:8081/" "Mozilla/5.0 (iPhone; CPU iPhone OS 10_3_1 like Mac OS X) AppleWebKit/603.1.30 (KHTML, like Gecko) Version/10.0 Mobile/14E304 Safari/602.1"
::ffff:172.21.6.75 - - [10/Jul/2019:10:24:50 +0000] "GET /users/queryAll HTTP/1.1" 401 16 "-" "JSN-AL00(Android/9) WXApp(WXSample/1.0.0) Weex/0.16.0 1080x2137"
::ffff:172.21.6.196 - - [10/Jul/2019:10:30:01 +0000] "GET /users HTTP/1.1" 401 16 "-" "Mozilla/5.0 (Windows NT 10.0; Win64; x64) AppleWebKit/537.36 (KHTML, like Gecko) Chrome/75.0.3770.100 Safari/537.36"
::ffff:172.21.6.196 - - [10/Jul/2019:10:30:01 +0000] "GET /favicon.ico HTTP/1.1" 401 16 "http://172.21.6.196:3000/users" "Mozilla/5.0 (Windows NT 10.0; Win64; x64) AppleWebKit/537.36 (KHTML, like Gecko) Chrome/75.0.3770.100 Safari/537.36"
::ffff:172.21.6.75 - - [10/Jul/2019:10:53:47 +0000] "POST /getToken HTTP/1.1" 200 33 "-" "JSN-AL00(Android/9) WXApp(WXSample/1.0.0) Weex/0.16.0 1080x2137"
::ffff:172.21.6.75 - - [10/Jul/2019:11:15:20 +0000] "POST /users HTTP/1.1" 401 16 "-" "Dalvik/2.1.0 (Linux; U; Android 9; JSN-AL00 Build/HONORJSN-AL00)"
::ffff:172.21.6.75 - - [10/Jul/2019:11:38:24 +0000] "POST /users HTTP/1.1" 401 16 "-" "Dalvik/2.1.0 (Linux; U; Android 9; JSN-AL00 Build/HONORJSN-AL00)"
::ffff:172.21.6.75 - - [10/Jul/2019:11:39:00 +0000] "POST /users HTTP/1.1" 401 16 "-" "Dalvik/2.1.0 (Linux; U; Android 9; JSN-AL00 Build/HONORJSN-AL00)"
::ffff:172.21.6.75 - - [10/Jul/2019:11:39:38 +0000] "POST /getToken HTTP/1.1" 200 33 "-" "JSN-AL00(Android/9) WXApp(WXSample/1.0.0) Weex/0.16.0 1080x2137"
::ffff:172.21.6.75 - - [10/Jul/2019:11:39:50 +0000] "POST /getToken HTTP/1.1" 200 33 "-" "JSN-AL00(Android/9) WXApp(WXSample/1.0.0) Weex/0.16.0 1080x2137"
::ffff:172.21.6.75 - - [10/Jul/2019:11:40:04 +0000] "POST /getToken HTTP/1.1" 200 190 "-" "JSN-AL00(Android/9) WXApp(WXSample/1.0.0) Weex/0.16.0 1080x2137"
::ffff:172.21.6.75 - - [10/Jul/2019:11:40:17 +0000] "POST /users HTTP/1.1" 401 16 "-" "Dalvik/2.1.0 (Linux; U; Android 9; JSN-AL00 Build/HONORJSN-AL00)"
::ffff:172.21.6.196 - - [10/Jul/2019:11:40:36 +0000] "GET /users HTTP/1.1" 401 16 "-" "Mozilla/5.0 (Windows NT 10.0; Win64; x64) AppleWebKit/537.36 (KHTML, like Gecko) Chrome/75.0.3770.100 Safari/537.36"
::ffff:172.21.6.196 - - [10/Jul/2019:11:40:39 +0000] "GET /favicon.ico HTTP/1.1" 401 16 "http://172.21.6.196:3000/users" "Mozilla/5.0 (Windows NT 10.0; Win64; x64) AppleWebKit/537.36 (KHTML, like Gecko) Chrome/75.0.3770.100 Safari/537.36"
::ffff:172.21.6.196 - - [10/Jul/2019:11:41:45 +0000] "OPTIONS /getToken HTTP/1.1" 200 8 "http://172.21.6.196:8081/" "Mozilla/5.0 (iPhone; CPU iPhone OS 10_3_1 like Mac OS X) AppleWebKit/603.1.30 (KHTML, like Gecko) Version/10.0 Mobile/14E304 Safari/602.1"
::ffff:172.21.6.196 - - [10/Jul/2019:11:41:45 +0000] "POST /getToken HTTP/1.1" 200 190 "http://172.21.6.196:8081/" "Mozilla/5.0 (iPhone; CPU iPhone OS 10_3_1 like Mac OS X) AppleWebKit/603.1.30 (KHTML, like Gecko) Version/10.0 Mobile/14E304 Safari/602.1"
::ffff:172.21.6.75 - - [10/Jul/2019:11:42:14 +0000] "POST /getToken HTTP/1.1" 200 190 "-" "JSN-AL00(Android/9) WXApp(WXSample/1.0.0) Weex/0.16.0 1080x2137"
::ffff:172.21.6.75 - - [10/Jul/2019:11:42:34 +0000] "POST /users HTTP/1.1" 401 16 "-" "Dalvik/2.1.0 (Linux; U; Android 9; JSN-AL00 Build/HONORJSN-AL00)"
::ffff:172.21.6.75 - - [10/Jul/2019:11:43:26 +0000] "POST /getToken HTTP/1.1" 200 190 "-" "JSN-AL00(Android/9) WXApp(WXSample/1.0.0) Weex/0.16.0 1080x2137"
::ffff:172.21.6.196 - - [10/Jul/2019:11:43:44 +0000] "POST /getToken HTTP/1.1" 200 190 "-" "Android SDK built for x86(Android/8.1.0) WXApp(WXSample/1.0.0) Weex/0.16.0 1080x1776"
::ffff:172.21.6.196 - - [10/Jul/2019:11:57:50 +0000] "POST /getToken HTTP/1.1" 200 190 "-" "Android SDK built for x86(Android/8.1.0) WXApp(WXSample/1.0.0) Weex/0.16.0 1080x1776"
::ffff:172.21.6.196 - - [10/Jul/2019:11:58:29 +0000] "GET /users/queryAll HTTP/1.1" 401 16 "-" "Android SDK built for x86(Android/8.1.0) WXApp(WXSample/1.0.0) Weex/0.16.0 1080x1776"
::ffff:172.21.6.196 - - [10/Jul/2019:11:59:06 +0000] "POST /getToken HTTP/1.1" 200 190 "-" "Android SDK built for x86(Android/8.1.0) WXApp(WXSample/1.0.0) Weex/0.16.0 1080x1776"
::ffff:172.21.6.75 - - [10/Jul/2019:11:59:48 +0000] "POST /getToken HTTP/1.1" 200 190 "-" "JSN-AL00(Android/9) WXApp(WXSample/1.0.0) Weex/0.16.0 1080x2137"
::ffff:172.21.6.75 - - [10/Jul/2019:12:00:46 +0000] "POST /getToken HTTP/1.1" 200 190 "-" "JSN-AL00(Android/9) WXApp(WXSample/0.24.0) Weex/0.24.0.1 1080x2137"
::ffff:172.21.6.75 - - [10/Jul/2019:12:00:50 +0000] "GET /users/queryAll HTTP/1.1" 200 154 "-" "JSN-AL00(Android/9) WXApp(WXSample/0.24.0) Weex/0.24.0.1 1080x2137"
::ffff:172.21.6.196 - - [10/Jul/2019:12:02:33 +0000] "POST /getToken HTTP/1.1" 200 190 "-" "Android SDK built for x86(Android/8.1.0) WXApp(WXSample/1.0.0) Weex/0.16.0 1080x1776"
::ffff:172.21.6.196 - - [10/Jul/2019:12:44:30 +0000] "POST /getToken HTTP/1.1" 200 190 "-" "Android SDK built for x86(Android/8.1.0) WXApp(WXSample/1.0.0) Weex/0.16.0 1080x1776"
::ffff:172.21.6.196 - - [10/Jul/2019:12:44:39 +0000] "GET /users/queryAll HTTP/1.1" 401 16 "-" "Android SDK built for x86(Android/8.1.0) WXApp(WXSample/1.0.0) Weex/0.16.0 1080x1776"
::ffff:172.21.6.196 - - [10/Jul/2019:12:45:27 +0000] "POST /getToken HTTP/1.1" 200 190 "-" "Android SDK built for x86(Android/8.1.0) WXApp(WXSample/1.0.0) Weex/0.16.0 1080x1776"
::ffff:172.21.6.196 - - [10/Jul/2019:12:45:32 +0000] "GET /users/queryAll HTTP/1.1" 401 16 "-" "Android SDK built for x86(Android/8.1.0) WXApp(WXSample/1.0.0) Weex/0.16.0 1080x1776"
::ffff:172.21.6.196 - - [10/Jul/2019:12:46:02 +0000] "OPTIONS /getToken HTTP/1.1" 200 8 "http://172.21.6.196:8081/index.html" "Mozilla/5.0 (iPhone; CPU iPhone OS 10_3_1 like Mac OS X) AppleWebKit/603.1.30 (KHTML, like Gecko) Version/10.0 Mobile/14E304 Safari/602.1"
::ffff:172.21.6.196 - - [10/Jul/2019:12:46:02 +0000] "POST /getToken HTTP/1.1" 200 190 "http://172.21.6.196:8081/index.html" "Mozilla/5.0 (iPhone; CPU iPhone OS 10_3_1 like Mac OS X) AppleWebKit/603.1.30 (KHTML, like Gecko) Version/10.0 Mobile/14E304 Safari/602.1"
::ffff:172.21.6.196 - - [10/Jul/2019:12:46:10 +0000] "OPTIONS /users/queryAll HTTP/1.1" 200 8 "http://172.21.6.196:8081/index.html" "Mozilla/5.0 (iPhone; CPU iPhone OS 10_3_1 like Mac OS X) AppleWebKit/603.1.30 (KHTML, like Gecko) Version/10.0 Mobile/14E304 Safari/602.1"
::ffff:172.21.6.196 - - [10/Jul/2019:12:46:10 +0000] "GET /users/queryAll HTTP/1.1" 401 16 "http://172.21.6.196:8081/index.html" "Mozilla/5.0 (iPhone; CPU iPhone OS 10_3_1 like Mac OS X) AppleWebKit/603.1.30 (KHTML, like Gecko) Version/10.0 Mobile/14E304 Safari/602.1"
::ffff:172.21.6.196 - - [10/Jul/2019:12:48:41 +0000] "OPTIONS /getToken HTTP/1.1" 200 8 "http://172.21.6.196:8081/index.html" "Mozilla/5.0 (iPhone; CPU iPhone OS 10_3_1 like Mac OS X) AppleWebKit/603.1.30 (KHTML, like Gecko) Version/10.0 Mobile/14E304 Safari/602.1"
::ffff:172.21.6.196 - - [10/Jul/2019:12:48:41 +0000] "POST /getToken HTTP/1.1" 200 190 "http://172.21.6.196:8081/index.html" "Mozilla/5.0 (iPhone; CPU iPhone OS 10_3_1 like Mac OS X) AppleWebKit/603.1.30 (KHTML, like Gecko) Version/10.0 Mobile/14E304 Safari/602.1"
::ffff:172.21.6.196 - - [10/Jul/2019:12:48:47 +0000] "OPTIONS /users/queryAll HTTP/1.1" 200 8 "http://172.21.6.196:8081/index.html" "Mozilla/5.0 (iPhone; CPU iPhone OS 10_3_1 like Mac OS X) AppleWebKit/603.1.30 (KHTML, like Gecko) Version/10.0 Mobile/14E304 Safari/602.1"
::ffff:172.21.6.196 - - [10/Jul/2019:12:48:47 +0000] "GET /users/queryAll HTTP/1.1" 200 154 "http://172.21.6.196:8081/index.html" "Mozilla/5.0 (iPhone; CPU iPhone OS 10_3_1 like Mac OS X) AppleWebKit/603.1.30 (KHTML, like Gecko) Version/10.0 Mobile/14E304 Safari/602.1"
::ffff:172.21.6.196 - - [10/Jul/2019:12:49:03 +0000] "POST /getToken HTTP/1.1" 200 190 "-" "Android SDK built for x86(Android/8.1.0) WXApp(WXSample/1.0.0) Weex/0.16.0 1080x1776"
::ffff:172.21.6.196 - - [10/Jul/2019:12:49:06 +0000] "GET /users/queryAll HTTP/1.1" 401 16 "-" "Android SDK built for x86(Android/8.1.0) WXApp(WXSample/1.0.0) Weex/0.16.0 1080x1776"
::ffff:172.21.6.196 - - [10/Jul/2019:12:49:07 +0000] "GET /users/queryAll HTTP/1.1" 401 16 "-" "Android SDK built for x86(Android/8.1.0) WXApp(WXSample/1.0.0) Weex/0.16.0 1080x1776"
::ffff:172.21.6.196 - - [10/Jul/2019:12:51:26 +0000] "POST /getToken HTTP/1.1" 200 190 "-" "Android SDK built for x86(Android/8.1.0) WXApp(WXSample/1.0.0) Weex/0.16.0 1080x1776"
::ffff:172.21.6.196 - - [10/Jul/2019:12:51:30 +0000] "GET /users/queryAll HTTP/1.1" 401 16 "-" "Android SDK built for x86(Android/8.1.0) WXApp(WXSample/1.0.0) Weex/0.16.0 1080x1776"
::ffff:172.21.6.196 - - [10/Jul/2019:12:51:39 +0000] "GET /users/queryAll HTTP/1.1" 401 16 "-" "Android SDK built for x86(Android/8.1.0) WXApp(WXSample/1.0.0) Weex/0.16.0 1080x1776"
::ffff:172.21.6.196 - - [10/Jul/2019:12:51:52 +0000] "POST /getToken HTTP/1.1" 200 190 "-" "Android SDK built for x86(Android/8.1.0) WXApp(WXSample/1.0.0) Weex/0.16.0 1080x1776"
::ffff:172.21.6.196 - - [10/Jul/2019:12:51:55 +0000] "GET /users/queryAll HTTP/1.1" 401 16 "-" "Android SDK built for x86(Android/8.1.0) WXApp(WXSample/1.0.0) Weex/0.16.0 1080x1776"
::ffff:172.21.6.196 - - [10/Jul/2019:12:52:03 +0000] "POST /getToken HTTP/1.1" 200 33 "-" "Android SDK built for x86(Android/8.1.0) WXApp(WXSample/1.0.0) Weex/0.16.0 1080x1776"
::ffff:172.21.6.196 - - [10/Jul/2019:12:52:05 +0000] "GET /users/queryAll HTTP/1.1" 401 16 "-" "Android SDK built for x86(Android/8.1.0) WXApp(WXSample/1.0.0) Weex/0.16.0 1080x1776"
::ffff:172.21.6.196 - - [10/Jul/2019:12:53:45 +0000] "OPTIONS /getToken HTTP/1.1" 200 8 "http://172.21.6.196:8081/index.html" "Mozilla/5.0 (iPhone; CPU iPhone OS 10_3_1 like Mac OS X) AppleWebKit/603.1.30 (KHTML, like Gecko) Version/10.0 Mobile/14E304 Safari/602.1"
::ffff:172.21.6.196 - - [10/Jul/2019:12:53:45 +0000] "POST /getToken HTTP/1.1" 200 190 "http://172.21.6.196:8081/index.html" "Mozilla/5.0 (iPhone; CPU iPhone OS 10_3_1 like Mac OS X) AppleWebKit/603.1.30 (KHTML, like Gecko) Version/10.0 Mobile/14E304 Safari/602.1"
::ffff:172.21.6.196 - - [10/Jul/2019:12:53:52 +0000] "OPTIONS /getToken HTTP/1.1" 200 8 "http://172.21.6.196:8081/index.html" "Mozilla/5.0 (iPhone; CPU iPhone OS 10_3_1 like Mac OS X) AppleWebKit/603.1.30 (KHTML, like Gecko) Version/10.0 Mobile/14E304 Safari/602.1"
::ffff:172.21.6.196 - - [10/Jul/2019:12:53:52 +0000] "POST /getToken HTTP/1.1" 200 190 "http://172.21.6.196:8081/index.html" "Mozilla/5.0 (iPhone; CPU iPhone OS 10_3_1 like Mac OS X) AppleWebKit/603.1.30 (KHTML, like Gecko) Version/10.0 Mobile/14E304 Safari/602.1"
::ffff:172.21.6.196 - - [10/Jul/2019:12:54:09 +0000] "OPTIONS /getToken HTTP/1.1" 200 8 "http://172.21.6.196:8081/index.html" "Mozilla/5.0 (iPhone; CPU iPhone OS 10_3_1 like Mac OS X) AppleWebKit/603.1.30 (KHTML, like Gecko) Version/10.0 Mobile/14E304 Safari/602.1"
::ffff:172.21.6.196 - - [10/Jul/2019:12:54:10 +0000] "POST /getToken HTTP/1.1" 200 190 "http://172.21.6.196:8081/index.html" "Mozilla/5.0 (iPhone; CPU iPhone OS 10_3_1 like Mac OS X) AppleWebKit/603.1.30 (KHTML, like Gecko) Version/10.0 Mobile/14E304 Safari/602.1"
::ffff:172.21.6.196 - - [10/Jul/2019:12:54:14 +0000] "OPTIONS /users/queryAll HTTP/1.1" 200 8 "http://172.21.6.196:8081/index.html" "Mozilla/5.0 (iPhone; CPU iPhone OS 10_3_1 like Mac OS X) AppleWebKit/603.1.30 (KHTML, like Gecko) Version/10.0 Mobile/14E304 Safari/602.1"
::ffff:172.21.6.196 - - [10/Jul/2019:12:54:14 +0000] "GET /users/queryAll HTTP/1.1" 304 - "http://172.21.6.196:8081/index.html" "Mozilla/5.0 (iPhone; CPU iPhone OS 10_3_1 like Mac OS X) AppleWebKit/603.1.30 (KHTML, like Gecko) Version/10.0 Mobile/14E304 Safari/602.1"
::ffff:172.21.6.196 - - [10/Jul/2019:12:54:20 +0000] "OPTIONS /users/queryAll HTTP/1.1" 200 8 "http://172.21.6.196:8081/index.html" "Mozilla/5.0 (iPhone; CPU iPhone OS 10_3_1 like Mac OS X) AppleWebKit/603.1.30 (KHTML, like Gecko) Version/10.0 Mobile/14E304 Safari/602.1"
::ffff:172.21.6.196 - - [10/Jul/2019:12:54:20 +0000] "GET /users/queryAll HTTP/1.1" 304 - "http://172.21.6.196:8081/index.html" "Mozilla/5.0 (iPhone; CPU iPhone OS 10_3_1 like Mac OS X) AppleWebKit/603.1.30 (KHTML, like Gecko) Version/10.0 Mobile/14E304 Safari/602.1"
::ffff:172.21.6.196 - - [10/Jul/2019:12:54:30 +0000] "OPTIONS /users/queryAll HTTP/1.1" 200 8 "http://172.21.6.196:8081/index.html" "Mozilla/5.0 (iPhone; CPU iPhone OS 10_3_1 like Mac OS X) AppleWebKit/603.1.30 (KHTML, like Gecko) Version/10.0 Mobile/14E304 Safari/602.1"
::ffff:172.21.6.196 - - [10/Jul/2019:12:54:30 +0000] "GET /users/queryAll HTTP/1.1" 304 - "http://172.21.6.196:8081/index.html" "Mozilla/5.0 (iPhone; CPU iPhone OS 10_3_1 like Mac OS X) AppleWebKit/603.1.30 (KHTML, like Gecko) Version/10.0 Mobile/14E304 Safari/602.1"
::ffff:172.21.6.196 - - [10/Jul/2019:12:54:50 +0000] "OPTIONS /getToken HTTP/1.1" 200 8 "http://172.21.6.196:8081/index.html" "Mozilla/5.0 (iPhone; CPU iPhone OS 10_3_1 like Mac OS X) AppleWebKit/603.1.30 (KHTML, like Gecko) Version/10.0 Mobile/14E304 Safari/602.1"
::ffff:172.21.6.196 - - [10/Jul/2019:12:54:50 +0000] "POST /getToken HTTP/1.1" 200 190 "http://172.21.6.196:8081/index.html" "Mozilla/5.0 (iPhone; CPU iPhone OS 10_3_1 like Mac OS X) AppleWebKit/603.1.30 (KHTML, like Gecko) Version/10.0 Mobile/14E304 Safari/602.1"
::ffff:172.21.6.196 - - [10/Jul/2019:12:54:53 +0000] "OPTIONS /users/queryAll HTTP/1.1" 200 8 "http://172.21.6.196:8081/index.html" "Mozilla/5.0 (iPhone; CPU iPhone OS 10_3_1 like Mac OS X) AppleWebKit/603.1.30 (KHTML, like Gecko) Version/10.0 Mobile/14E304 Safari/602.1"
::ffff:172.21.6.196 - - [10/Jul/2019:12:54:53 +0000] "GET /users/queryAll HTTP/1.1" 304 - "http://172.21.6.196:8081/index.html" "Mozilla/5.0 (iPhone; CPU iPhone OS 10_3_1 like Mac OS X) AppleWebKit/603.1.30 (KHTML, like Gecko) Version/10.0 Mobile/14E304 Safari/602.1"
::ffff:172.21.6.196 - - [10/Jul/2019:12:56:54 +0000] "POST /getToken HTTP/1.1" 200 190 "-" "Android SDK built for x86(Android/8.1.0) WXApp(WXSample/1.0.0) Weex/0.16.0 1080x1776"
::ffff:172.21.6.196 - - [10/Jul/2019:12:57:01 +0000] "GET /users/queryAll HTTP/1.1" 401 16 "-" "Android SDK built for x86(Android/8.1.0) WXApp(WXSample/1.0.0) Weex/0.16.0 1080x1776"
::ffff:172.21.6.196 - - [10/Jul/2019:13:01:06 +0000] "POST /getToken HTTP/1.1" 200 190 "-" "Android SDK built for x86(Android/8.1.0) WXApp(WXSample/1.0.0) Weex/0.16.0 1080x1776"
::ffff:172.21.6.196 - - [10/Jul/2019:13:01:09 +0000] "GET /users/queryAll HTTP/1.1" 401 16 "-" "Android SDK built for x86(Android/8.1.0) WXApp(WXSample/1.0.0) Weex/0.16.0 1080x1776"
::ffff:172.21.6.196 - - [10/Jul/2019:13:01:12 +0000] "GET /users/queryAll HTTP/1.1" 401 16 "-" "Android SDK built for x86(Android/8.1.0) WXApp(WXSample/1.0.0) Weex/0.16.0 1080x1776"
::ffff:172.21.6.196 - - [10/Jul/2019:13:01:30 +0000] "POST /getToken HTTP/1.1" 200 190 "-" "Android SDK built for x86(Android/8.1.0) WXApp(WXSample/1.0.0) Weex/0.16.0 1080x1776"
::ffff:172.21.6.196 - - [10/Jul/2019:13:01:33 +0000] "GET /users/queryAll HTTP/1.1" 401 16 "-" "Android SDK built for x86(Android/8.1.0) WXApp(WXSample/1.0.0) Weex/0.16.0 1080x1776"
::ffff:172.21.6.196 - - [10/Jul/2019:13:01:37 +0000] "GET /users/queryAll HTTP/1.1" 401 16 "-" "Android SDK built for x86(Android/8.1.0) WXApp(WXSample/1.0.0) Weex/0.16.0 1080x1776"
::ffff:172.21.6.196 - - [10/Jul/2019:13:01:38 +0000] "GET /users/queryAll HTTP/1.1" 401 16 "-" "Android SDK built for x86(Android/8.1.0) WXApp(WXSample/1.0.0) Weex/0.16.0 1080x1776"
::ffff:172.21.6.196 - - [10/Jul/2019:13:01:38 +0000] "GET /users/queryAll HTTP/1.1" 401 16 "-" "Android SDK built for x86(Android/8.1.0) WXApp(WXSample/1.0.0) Weex/0.16.0 1080x1776"
::ffff:172.21.6.196 - - [10/Jul/2019:13:01:38 +0000] "GET /users/queryAll HTTP/1.1" 401 16 "-" "Android SDK built for x86(Android/8.1.0) WXApp(WXSample/1.0.0) Weex/0.16.0 1080x1776"
::ffff:172.21.6.196 - - [10/Jul/2019:13:01:39 +0000] "GET /users/queryAll HTTP/1.1" 401 16 "-" "Android SDK built for x86(Android/8.1.0) WXApp(WXSample/1.0.0) Weex/0.16.0 1080x1776"
::ffff:172.21.6.196 - - [10/Jul/2019:13:02:01 +0000] "POST /getToken HTTP/1.1" 200 190 "-" "Android SDK built for x86(Android/8.1.0) WXApp(WXSample/1.0.0) Weex/0.16.0 1080x1776"
::ffff:172.21.6.196 - - [10/Jul/2019:13:02:04 +0000] "GET /users/queryAll HTTP/1.1" 401 16 "-" "Android SDK built for x86(Android/8.1.0) WXApp(WXSample/1.0.0) Weex/0.16.0 1080x1776"
::ffff:172.21.6.196 - - [10/Jul/2019:13:02:58 +0000] "GET /users/queryAll3 HTTP/1.1" 401 16 "-" "Android SDK built for x86(Android/8.1.0) WXApp(WXSample/1.0.0) Weex/0.16.0 1080x1776"
::ffff:172.21.6.196 - - [10/Jul/2019:13:03:10 +0000] "POST /getToken3 HTTP/1.1" 401 16 "-" "Android SDK built for x86(Android/8.1.0) WXApp(WXSample/1.0.0) Weex/0.16.0 1080x1776"
::ffff:172.21.6.196 - - [10/Jul/2019:13:03:12 +0000] "POST /getToken3 HTTP/1.1" 401 16 "-" "Android SDK built for x86(Android/8.1.0) WXApp(WXSample/1.0.0) Weex/0.16.0 1080x1776"
::ffff:172.21.6.196 - - [10/Jul/2019:13:03:12 +0000] "POST /getToken3 HTTP/1.1" 401 16 "-" "Android SDK built for x86(Android/8.1.0) WXApp(WXSample/1.0.0) Weex/0.16.0 1080x1776"
::ffff:172.21.6.196 - - [10/Jul/2019:13:03:12 +0000] "POST /getToken3 HTTP/1.1" 401 16 "-" "Android SDK built for x86(Android/8.1.0) WXApp(WXSample/1.0.0) Weex/0.16.0 1080x1776"
::ffff:172.21.6.196 - - [10/Jul/2019:13:03:13 +0000] "GET /users/queryAll3 HTTP/1.1" 401 16 "-" "Android SDK built for x86(Android/8.1.0) WXApp(WXSample/1.0.0) Weex/0.16.0 1080x1776"
::ffff:172.21.6.196 - - [10/Jul/2019:13:03:14 +0000] "GET /users/queryAll3 HTTP/1.1" 401 16 "-" "Android SDK built for x86(Android/8.1.0) WXApp(WXSample/1.0.0) Weex/0.16.0 1080x1776"
::ffff:172.21.6.196 - - [10/Jul/2019:13:03:14 +0000] "GET /users/queryAll3 HTTP/1.1" 401 16 "-" "Android SDK built for x86(Android/8.1.0) WXApp(WXSample/1.0.0) Weex/0.16.0 1080x1776"
::ffff:172.21.6.196 - - [10/Jul/2019:13:04:00 +0000] "POST /getTokenundefined HTTP/1.1" 401 16 "-" "Android SDK built for x86(Android/8.1.0) WXApp(WXSample/1.0.0) Weex/0.16.0 1080x1776"
::ffff:172.21.6.196 - - [10/Jul/2019:13:04:05 +0000] "GET /users/queryAllundefined HTTP/1.1" 401 16 "-" "Android SDK built for x86(Android/8.1.0) WXApp(WXSample/1.0.0) Weex/0.16.0 1080x1776"
::ffff:172.21.6.196 - - [10/Jul/2019:13:04:47 +0000] "POST /getTokenBearer%20eyJhbGciOiJIUzI1NiIsInR5cCI6IkpXVCJ9.eyJkYXRhIjoiMSIsImlhdCI6MTU2Mjc2MzcyMSwiZXhwIjoxNTYyNzYzNzgxfQ.BF0PTMGd3UkcSjry_VxW9fWCG-kFjZA_b5va-1ccEF8 HTTP/1.1" 401 16 "-" "Android SDK built for x86(Android/8.1.0) WXApp(WXSample/1.0.0) Weex/0.16.0 1080x1776"
